============================= test session starts =============================
platform win32 -- Python 3.14.2, pytest-9.0.2, pluggy-1.6.0 -- C:\Program Files\Python314\python.exe
cachedir: .pytest_cache
hypothesis profile 'default'
rootdir: C:\Users\tlibi\kiro-gateway
configfile: pytest.ini
plugins: anyio-4.12.1, hypothesis-6.151.10, asyncio-1.3.0
asyncio: mode=Mode.STRICT, debug=False, asyncio_default_fixture_loop_scope=None, asyncio_default_test_loop_scope=function
collecting ... collected 1463 items

tests/unit/test_account_manager.py::TestAccountManager::test_initialize_creates_default_file PASSED [  0%]
tests/unit/test_account_manager.py::TestAccountManager::test_initialize_loads_existing_accounts PASSED [  0%]
tests/unit/test_account_manager.py::TestAccountManager::test_initialize_only_once PASSED [  0%]
tests/unit/test_account_manager.py::TestAccountManager::test_select_account_returns_available PASSED [  0%]
tests/unit/test_account_manager.py::TestAccountManager::test_select_account_not_initialized_raises PASSED [  0%]
tests/unit/test_account_manager.py::TestAccountManager::test_notify_success_resets_failures PASSED [  0%]
tests/unit/test_account_manager.py::TestAccountManager::test_notify_failure_marks_rate_limited PASSED [  0%]
tests/unit/test_account_manager.py::TestAccountManager::test_notify_failure_marks_invalid_on_auth_error PASSED [  0%]
tests/unit/test_account_manager.py::TestAccountManager::test_mark_account_invalid PASSED [  0%]
tests/unit/test_account_manager.py::TestAccountManager::test_clear_account_invalid PASSED [  0%]
tests/unit/test_account_manager.py::TestAccountManager::test_get_account_status PASSED [  0%]
tests/unit/test_account_manager.py::TestAccountManager::test_reload_accounts PASSED [  0%]
tests/unit/test_account_manager.py::TestAccountManager::test_clear_expired_limits PASSED [  0%]
tests/unit/test_account_manager.py::TestAccountManager::test_exponential_backoff_on_failures PASSED [  0%]
tests/unit/test_account_manager.py::TestAccountManager::test_strategy_selection PASSED [  1%]
tests/unit/test_account_manager.py::TestAccountManager::test_concurrent_access PASSED [  1%]
tests/unit/test_account_manager.py::TestAccountManager::test_all_accounts_rate_limited PASSED [  1%]
tests/unit/test_account_storage.py::TestAccountTokens::test_is_expired_not_expired PASSED [  1%]
tests/unit/test_account_storage.py::TestAccountTokens::test_is_expired_within_threshold PASSED [  1%]
tests/unit/test_account_storage.py::TestAccountTokens::test_is_expired_already_expired PASSED [  1%]
tests/unit/test_account_storage.py::TestModelRateLimit::test_is_expired_not_limited PASSED [  1%]
tests/unit/test_account_storage.py::TestModelRateLimit::test_is_expired_reset_time_passed PASSED [  1%]
tests/unit/test_account_storage.py::TestModelRateLimit::test_is_expired_not_yet PASSED [  1%]
tests/unit/test_account_storage.py::TestAccount::test_is_available_for_model_enabled PASSED [  1%]
tests/unit/test_account_storage.py::TestAccount::test_is_available_for_model_disabled PASSED [  1%]
tests/unit/test_account_storage.py::TestAccount::test_is_available_for_model_invalid PASSED [  1%]
tests/unit/test_account_storage.py::TestAccount::test_is_available_for_model_rate_limited PASSED [  1%]
tests/unit/test_account_storage.py::TestAccount::test_is_available_for_model_rate_limit_expired PASSED [  1%]
tests/unit/test_account_storage.py::TestAccount::test_to_dict_serialization PASSED [  1%]
tests/unit/test_account_storage.py::TestAccount::test_from_dict_deserialization PASSED [  2%]
tests/unit/test_account_storage.py::TestAccountStorage::test_create_default PASSED [  2%]
tests/unit/test_account_storage.py::TestAccountStorage::test_save_and_load PASSED [  2%]
tests/unit/test_account_storage.py::TestAccountStorage::test_save_overwrites_existing PASSED [  2%]
tests/unit/test_account_storage.py::TestAccountStorage::test_load_nonexistent_file PASSED [  2%]
tests/unit/test_account_storage.py::TestAccountStorage::test_save_atomic_write PASSED [  2%]
tests/unit/test_account_storage.py::TestAccountStorage::test_save_multiple_accounts PASSED [  2%]
tests/unit/test_account_storage.py::TestAccountStorage::test_load_invalid_json PASSED [  2%]
tests/unit/test_account_storage.py::TestAccountStorage::test_load_missing_accounts_key PASSED [  2%]
tests/unit/test_auth_manager.py::TestKiroAuthManagerInitialization::test_initialization_stores_credentials PASSED [  2%]
tests/unit/test_auth_manager.py::TestKiroAuthManagerInitialization::test_initialization_sets_correct_urls_for_region PASSED [  2%]
tests/unit/test_auth_manager.py::TestKiroAuthManagerInitialization::test_initialization_generates_fingerprint PASSED [  2%]
tests/unit/test_auth_manager.py::TestKiroAuthManagerCredentialsFile::test_load_credentials_from_file PASSED [  2%]
tests/unit/test_auth_manager.py::TestKiroAuthManagerCredentialsFile::test_load_credentials_file_not_found PASSED [  2%]
tests/unit/test_auth_manager.py::TestKiroAuthManagerTokenExpiration::test_is_token_expiring_soon_returns_true_when_no_expires_at PASSED [  3%]
tests/unit/test_auth_manager.py::TestKiroAuthManagerTokenExpiration::test_is_token_expiring_soon_returns_true_when_expired PASSED [  3%]
tests/unit/test_auth_manager.py::TestKiroAuthManagerTokenExpiration::test_is_token_expiring_soon_returns_true_within_threshold PASSED [  3%]
tests/unit/test_auth_manager.py::TestKiroAuthManagerTokenExpiration::test_is_token_expiring_soon_returns_false_when_valid PASSED [  3%]
tests/unit/test_auth_manager.py::TestKiroAuthManagerTokenRefresh::test_refresh_token_successful PASSED [  3%]
tests/unit/test_auth_manager.py::TestKiroAuthManagerTokenRefresh::test_refresh_token_updates_refresh_token PASSED [  3%]
tests/unit/test_auth_manager.py::TestKiroAuthManagerTokenRefresh::test_refresh_token_missing_access_token_raises PASSED [  3%]
tests/unit/test_auth_manager.py::TestKiroAuthManagerTokenRefresh::test_refresh_token_no_refresh_token_raises PASSED [  3%]
tests/unit/test_auth_manager.py::TestKiroAuthManagerGetAccessToken::test_get_access_token_refreshes_when_expired PASSED [  3%]
tests/unit/test_auth_manager.py::TestKiroAuthManagerGetAccessToken::test_get_access_token_returns_valid_without_refresh PASSED [  3%]
tests/unit/test_auth_manager.py::TestKiroAuthManagerGetAccessToken::test_get_access_token_thread_safety PASSED [  3%]
tests/unit/test_auth_manager.py::TestKiroAuthManagerForceRefresh::test_force_refresh_updates_token PASSED [  3%]
tests/unit/test_auth_manager.py::TestKiroAuthManagerProperties::test_profile_arn_property PASSED [  3%]
tests/unit/test_auth_manager.py::TestKiroAuthManagerProperties::test_region_property PASSED [  3%]
tests/unit/test_auth_manager.py::TestKiroAuthManagerProperties::test_api_host_property PASSED [  3%]
tests/unit/test_auth_manager.py::TestKiroAuthManagerProperties::test_fingerprint_property PASSED [  4%]
tests/unit/test_auth_manager.py::TestAuthTypeEnum::test_auth_type_enum_values PASSED [  4%]
tests/unit/test_auth_manager.py::TestKiroAuthManagerDetectAuthType::test_detect_auth_type_kiro_desktop_when_no_client_credentials PASSED [  4%]
tests/unit/test_auth_manager.py::TestKiroAuthManagerDetectAuthType::test_detect_auth_type_aws_sso_oidc_when_client_credentials_present PASSED [  4%]
tests/unit/test_auth_manager.py::TestKiroAuthManagerDetectAuthType::test_detect_auth_type_kiro_desktop_when_only_client_id PASSED [  4%]
tests/unit/test_auth_manager.py::TestKiroAuthManagerAwsSsoCredentialsFile::test_load_credentials_from_file_with_client_id_and_secret PASSED [  4%]
tests/unit/test_auth_manager.py::TestKiroAuthManagerAwsSsoCredentialsFile::test_load_credentials_from_file_auto_detects_aws_sso_oidc PASSED [  4%]
tests/unit/test_auth_manager.py::TestKiroAuthManagerAwsSsoCredentialsFile::test_load_kiro_desktop_file_stays_kiro_desktop PASSED [  4%]
tests/unit/test_auth_manager.py::TestKiroAuthManagerSqliteCredentials::test_load_credentials_from_sqlite_success PASSED [  4%]
tests/unit/test_auth_manager.py::TestKiroAuthManagerSqliteCredentials::test_load_credentials_from_sqlite_file_not_found PASSED [  4%]
tests/unit/test_auth_manager.py::TestKiroAuthManagerSqliteCredentials::test_load_credentials_from_sqlite_loads_token_data PASSED [  4%]
tests/unit/test_auth_manager.py::TestKiroAuthManagerSqliteCredentials::test_load_credentials_from_sqlite_loads_device_registration PASSED [  4%]
tests/unit/test_auth_manager.py::TestKiroAuthManagerSqliteCredentials::test_load_credentials_from_sqlite_auto_detects_aws_sso_oidc PASSED [  4%]
tests/unit/test_auth_manager.py::TestKiroAuthManagerSqliteCredentials::test_load_credentials_from_sqlite_handles_missing_registration_key PASSED [  4%]
tests/unit/test_auth_manager.py::TestKiroAuthManagerSqliteCredentials::test_load_credentials_from_sqlite_handles_invalid_json PASSED [  4%]
tests/unit/test_auth_manager.py::TestKiroAuthManagerSqliteCredentials::test_sqlite_takes_priority_over_json_file PASSED [  5%]
tests/unit/test_auth_manager.py::TestKiroAuthManagerRefreshTokenRouting::test_refresh_token_request_routes_to_kiro_desktop PASSED [  5%]
tests/unit/test_auth_manager.py::TestKiroAuthManagerRefreshTokenRouting::test_refresh_token_request_routes_to_aws_sso_oidc PASSED [  5%]
tests/unit/test_auth_manager.py::TestKiroAuthManagerAwsSsoOidcRefresh::test_refresh_token_aws_sso_oidc_success PASSED [  5%]
tests/unit/test_auth_manager.py::TestKiroAuthManagerAwsSsoOidcRefresh::test_refresh_token_aws_sso_oidc_raises_without_refresh_token PASSED [  5%]
tests/unit/test_auth_manager.py::TestKiroAuthManagerAwsSsoOidcRefresh::test_refresh_token_aws_sso_oidc_raises_without_client_id PASSED [  5%]
tests/unit/test_auth_manager.py::TestKiroAuthManagerAwsSsoOidcRefresh::test_refresh_token_aws_sso_oidc_raises_without_client_secret PASSED [  5%]
tests/unit/test_auth_manager.py::TestKiroAuthManagerAwsSsoOidcRefresh::test_refresh_token_aws_sso_oidc_uses_correct_endpoint PASSED [  5%]
tests/unit/test_auth_manager.py::TestKiroAuthManagerAwsSsoOidcRefresh::test_refresh_token_aws_sso_oidc_uses_json_format PASSED [  5%]
tests/unit/test_auth_manager.py::TestKiroAuthManagerAwsSsoOidcRefresh::test_refresh_token_aws_sso_oidc_sends_correct_grant_type PASSED [  5%]
tests/unit/test_auth_manager.py::TestKiroAuthManagerAwsSsoOidcRefresh::test_refresh_token_aws_sso_oidc_updates_tokens PASSED [  5%]
tests/unit/test_auth_manager.py::TestKiroAuthManagerAwsSsoOidcRefresh::test_refresh_token_aws_sso_oidc_calculates_expiration PASSED [  5%]
tests/unit/test_auth_manager.py::TestKiroAuthManagerAwsSsoOidcRefresh::test_refresh_token_aws_sso_oidc_does_not_send_scopes PASSED [  5%]
tests/unit/test_auth_manager.py::TestKiroAuthManagerAwsSsoOidcRefresh::test_refresh_token_aws_sso_oidc_works_without_scopes PASSED [  5%]
tests/unit/test_auth_manager.py::TestKiroAuthManagerAuthTypeProperty::test_auth_type_property_returns_correct_value PASSED [  6%]
tests/unit/test_auth_manager.py::TestKiroAuthManagerAuthTypeProperty::test_init_with_client_id_and_secret PASSED [  6%]
tests/unit/test_auth_manager.py::TestKiroAuthManagerAuthTypeProperty::test_init_with_sqlite_db_parameter PASSED [  6%]
tests/unit/test_auth_manager.py::TestKiroAuthManagerAuthTypeProperty::test_detect_auth_type_kiro_desktop_when_only_client_secret PASSED [  6%]
tests/unit/test_auth_manager.py::TestKiroAuthManagerSsoRegionSeparation::test_api_region_stays_us_east_1_when_loading_from_sqlite PASSED [  6%]
tests/unit/test_auth_manager.py::TestKiroAuthManagerSsoRegionSeparation::test_sso_region_stored_separately_from_api_region PASSED [  6%]
tests/unit/test_auth_manager.py::TestKiroAuthManagerSsoRegionSeparation::test_sso_region_none_when_not_loaded_from_sqlite PASSED [  6%]
tests/unit/test_auth_manager.py::TestKiroAuthManagerSsoRegionSeparation::test_oidc_refresh_uses_sso_region PASSED [  6%]
tests/unit/test_auth_manager.py::TestKiroAuthManagerSsoRegionSeparation::test_oidc_refresh_falls_back_to_api_region_when_no_sso_region PASSED [  6%]
tests/unit/test_auth_manager.py::TestKiroAuthManagerSsoRegionSeparation::test_api_hosts_not_updated_when_loading_from_sqlite PASSED [  6%]
tests/unit/test_auth_manager.py::TestKiroAuthManagerSsoRegionSeparation::test_refresh_token_aws_sso_oidc_uses_memory_token_first PASSED [  6%]
tests/unit/test_auth_manager.py::TestKiroAuthManagerSsoRegionSeparation::test_refresh_token_aws_sso_oidc_reloads_sqlite_on_400_error PASSED [  6%]
tests/unit/test_auth_manager.py::TestKiroAuthManagerSsoRegionSeparation::test_refresh_token_aws_sso_oidc_no_retry_on_non_400_error PASSED [  6%]
tests/unit/test_auth_manager.py::TestKiroAuthManagerSsoRegionSeparation::test_refresh_token_aws_sso_oidc_no_retry_without_sqlite_db PASSED [  6%]
tests/unit/test_auth_manager.py::TestKiroAuthManagerIsTokenExpired::test_is_token_expired_returns_true_when_no_expires_at PASSED [  6%]
tests/unit/test_auth_manager.py::TestKiroAuthManagerIsTokenExpired::test_is_token_expired_returns_true_when_expired PASSED [  7%]
tests/unit/test_auth_manager.py::TestKiroAuthManagerIsTokenExpired::test_is_token_expired_returns_false_when_valid PASSED [  7%]
tests/unit/test_auth_manager.py::TestKiroAuthManagerIsTokenExpired::test_is_token_expired_returns_false_when_expiring_soon_but_not_expired PASSED [  7%]
tests/unit/test_auth_manager.py::TestKiroAuthManagerGracefulDegradation::test_get_access_token_reloads_sqlite_when_expiring_soon PASSED [  7%]
tests/unit/test_auth_manager.py::TestKiroAuthManagerGracefulDegradation::test_get_access_token_graceful_fallback_when_refresh_fails_but_token_valid PASSED [  7%]
tests/unit/test_auth_manager.py::TestKiroAuthManagerGracefulDegradation::test_get_access_token_raises_when_refresh_fails_and_token_expired PASSED [  7%]
tests/unit/test_auth_manager.py::TestKiroAuthManagerGracefulDegradation::test_get_access_token_non_sqlite_mode_propagates_400_error PASSED [  7%]
tests/unit/test_auth_manager.py::TestKiroAuthManagerSaveCredentialsToSqlite::test_save_credentials_to_sqlite_writes_token_data PASSED [  7%]
tests/unit/test_auth_manager.py::TestKiroAuthManagerSaveCredentialsToSqlite::test_save_credentials_to_sqlite_handles_missing_database PASSED [  7%]
tests/unit/test_auth_manager.py::TestKiroAuthManagerSaveCredentialsToSqlite::test_save_credentials_to_sqlite_returns_early_when_no_sqlite_db PASSED [  7%]
tests/unit/test_auth_manager.py::TestKiroAuthManagerTokenPersistence::test_refresh_token_aws_sso_oidc_saves_to_sqlite PASSED [  7%]
tests/unit/test_auth_manager.py::TestKiroAuthManagerTokenPersistence::test_refresh_token_kiro_desktop_saves_to_sqlite PASSED [  7%]
tests/unit/test_auth_manager.py::TestKiroAuthManagerSocialLogin::test_load_credentials_from_sqlite_social_token PASSED [  7%]
tests/unit/test_auth_manager.py::TestKiroAuthManagerSocialLogin::test_social_login_detected_as_kiro_desktop PASSED [  7%]
tests/unit/test_auth_manager.py::TestKiroAuthManagerSocialLogin::test_social_token_key_has_highest_priority PASSED [  7%]
tests/unit/test_auth_manager.py::TestKiroAuthManagerSocialLogin::test_sqlite_token_key_tracked_for_social_login PASSED [  8%]
tests/unit/test_auth_manager.py::TestKiroAuthManagerSocialLogin::test_sqlite_token_key_tracked_for_odic PASSED [  8%]
tests/unit/test_auth_manager.py::TestKiroAuthManagerSocialLogin::test_save_credentials_to_sqlite_uses_source_key PASSED [  8%]
tests/unit/test_auth_manager.py::TestKiroAuthManagerSocialLogin::test_refresh_token_kiro_desktop_saves_to_social_key PASSED [  8%]
tests/unit/test_auth_manager.py::TestKiroAuthManagerSocialLogin::test_save_credentials_fallback_when_source_key_unknown PASSED [  8%]
tests/unit/test_auth_manager.py::TestKiroAuthManagerSocialLogin::test_social_login_no_device_registration_key PASSED [  8%]
tests/unit/test_auth_manager.py::TestKiroAuthManagerSocialLogin::test_provider_field_preserved_in_social_token PASSED [  8%]
tests/unit/test_auth_manager.py::TestKiroAuthManagerEnterpriseIDE::test_load_credentials_from_file_with_client_id_hash PASSED [  8%]
tests/unit/test_auth_manager.py::TestKiroAuthManagerEnterpriseIDE::test_load_enterprise_device_registration_success PASSED [  8%]
tests/unit/test_auth_manager.py::TestKiroAuthManagerEnterpriseIDE::test_enterprise_ide_detected_as_aws_sso_oidc PASSED [  8%]
tests/unit/test_auth_manager.py::TestKiroAuthManagerEnterpriseIDE::test_load_enterprise_device_registration_file_not_found PASSED [  8%]
tests/unit/test_auth_manager.py::TestKiroAuthManagerEnterpriseIDE::test_load_enterprise_device_registration_invalid_json PASSED [  8%]
tests/unit/test_auth_manager.py::TestKiroAuthManagerEnterpriseIDE::test_load_enterprise_device_registration_missing_fields PASSED [  8%]
tests/unit/test_auth_manager.py::TestKiroAuthManagerEnterpriseIDE::test_enterprise_ide_refresh_uses_json_format PASSED [  8%]
tests/unit/test_auth_manager.py::TestKiroAuthManagerEnterpriseIDE::test_enterprise_ide_refresh_uses_camel_case PASSED [  9%]
tests/unit/test_auth_manager.py::TestKiroAuthManagerEnterpriseIDE::test_enterprise_ide_refresh_uses_correct_endpoint PASSED [  9%]
tests/unit/test_auth_manager.py::TestKiroAuthManagerEnterpriseIDE::test_enterprise_ide_full_refresh_flow PASSED [  9%]
tests/unit/test_auth_manager.py::TestKiroAuthManagerEnterpriseIDE::test_enterprise_ide_and_kiro_cli_use_same_format PASSED [  9%]
tests/unit/test_cache.py::TestModelInfoCacheInitialization::test_initialization_creates_empty_cache PASSED [  9%]
tests/unit/test_cache.py::TestModelInfoCacheInitialization::test_initialization_with_custom_ttl PASSED [  9%]
tests/unit/test_cache.py::TestModelInfoCacheInitialization::test_initialization_last_update_is_none PASSED [  9%]
tests/unit/test_cache.py::TestModelInfoCacheUpdate::test_update_populates_cache PASSED [  9%]
tests/unit/test_cache.py::TestModelInfoCacheUpdate::test_update_sets_last_update_time PASSED [  9%]
tests/unit/test_cache.py::TestModelInfoCacheUpdate::test_update_replaces_existing_data PASSED [  9%]
tests/unit/test_cache.py::TestModelInfoCacheUpdate::test_update_with_empty_list PASSED [  9%]
tests/unit/test_cache.py::TestModelInfoCacheGet::test_get_returns_model_info PASSED [  9%]
tests/unit/test_cache.py::TestModelInfoCacheGet::test_get_returns_none_for_unknown_model PASSED [  9%]
tests/unit/test_cache.py::TestModelInfoCacheGet::test_get_from_empty_cache PASSED [  9%]
tests/unit/test_cache.py::TestModelInfoCacheGetMaxInputTokens::test_get_max_input_tokens_returns_value PASSED [  9%]
tests/unit/test_cache.py::TestModelInfoCacheGetMaxInputTokens::test_get_max_input_tokens_returns_default_for_unknown PASSED [ 10%]
tests/unit/test_cache.py::TestModelInfoCacheGetMaxInputTokens::test_get_max_input_tokens_returns_default_when_no_token_limits PASSED [ 10%]
tests/unit/test_cache.py::TestModelInfoCacheGetMaxInputTokens::test_get_max_input_tokens_returns_default_when_max_input_is_none PASSED [ 10%]
tests/unit/test_cache.py::TestModelInfoCacheIsEmpty::test_is_empty_returns_true_for_new_cache PASSED [ 10%]
tests/unit/test_cache.py::TestModelInfoCacheIsEmpty::test_is_empty_returns_false_after_update PASSED [ 10%]
tests/unit/test_cache.py::TestModelInfoCacheIsStale::test_is_stale_returns_true_for_new_cache PASSED [ 10%]
tests/unit/test_cache.py::TestModelInfoCacheIsStale::test_is_stale_returns_false_after_recent_update PASSED [ 10%]
tests/unit/test_cache.py::TestModelInfoCacheIsStale::test_is_stale_returns_true_after_ttl_expires PASSED [ 10%]
tests/unit/test_cache.py::TestModelInfoCacheGetAllModelIds::test_get_all_model_ids_returns_empty_for_new_cache PASSED [ 10%]
tests/unit/test_cache.py::TestModelInfoCacheGetAllModelIds::test_get_all_model_ids_returns_all_ids PASSED [ 10%]
tests/unit/test_cache.py::TestModelInfoCacheThreadSafety::test_concurrent_updates_dont_corrupt_cache PASSED [ 10%]
tests/unit/test_cache.py::TestModelInfoCacheThreadSafety::test_concurrent_reads_are_safe PASSED [ 10%]
tests/unit/test_config.py::TestLogLevelConfig::test_default_log_level_is_info PASSED [ 10%]
tests/unit/test_config.py::TestLogLevelConfig::test_log_level_from_environment PASSED [ 10%]
tests/unit/test_config.py::TestLogLevelConfig::test_log_level_uppercase_conversion PASSED [ 11%]
tests/unit/test_config.py::TestLogLevelConfig::test_log_level_trace PASSED [ 11%]
tests/unit/test_config.py::TestLogLevelConfig::test_log_level_error PASSED [ 11%]
tests/unit/test_config.py::TestLogLevelConfig::test_log_level_critical PASSED [ 11%]
tests/unit/test_config.py::TestToolDescriptionMaxLengthConfig::test_default_tool_description_max_length PASSED [ 11%]
tests/unit/test_config.py::TestToolDescriptionMaxLengthConfig::test_tool_description_max_length_from_environment PASSED [ 11%]
tests/unit/test_config.py::TestToolDescriptionMaxLengthConfig::test_tool_description_max_length_zero_disables PASSED [ 11%]
tests/unit/test_config.py::TestTimeoutConfigurationWarning::test_no_warning_when_first_token_less_than_streaming PASSED [ 11%]
tests/unit/test_config.py::TestTimeoutConfigurationWarning::test_warning_when_first_token_equals_streaming PASSED [ 11%]
tests/unit/test_config.py::TestTimeoutConfigurationWarning::test_warning_when_first_token_greater_than_streaming PASSED [ 11%]
tests/unit/test_config.py::TestTimeoutConfigurationWarning::test_warning_contains_recommendation PASSED [ 11%]
tests/unit/test_config.py::TestAwsSsoOidcUrlConfig::test_aws_sso_oidc_url_template_exists PASSED [ 11%]
tests/unit/test_config.py::TestAwsSsoOidcUrlConfig::test_get_aws_sso_oidc_url_returns_correct_url PASSED [ 11%]
tests/unit/test_config.py::TestAwsSsoOidcUrlConfig::test_get_aws_sso_oidc_url_with_different_regions PASSED [ 11%]
tests/unit/test_config.py::TestServerHostConfig::test_default_server_host_is_0_0_0_0 PASSED [ 11%]
tests/unit/test_config.py::TestServerHostConfig::test_server_host_from_environment PASSED [ 12%]
tests/unit/test_config.py::TestServerHostConfig::test_server_host_custom_value PASSED [ 12%]
tests/unit/test_config.py::TestServerPortConfig::test_default_server_port_is_9000 PASSED [ 12%]
tests/unit/test_config.py::TestServerPortConfig::test_server_port_from_environment PASSED [ 12%]
tests/unit/test_config.py::TestServerPortConfig::test_server_port_custom_value PASSED [ 12%]
tests/unit/test_config.py::TestServerPortConfig::test_server_port_is_integer PASSED [ 12%]
tests/unit/test_config.py::TestKiroCliDbFileConfig::test_kiro_cli_db_file_config_exists PASSED [ 12%]
tests/unit/test_config.py::TestKiroCliDbFileConfig::test_kiro_cli_db_file_from_environment PASSED [ 12%]
tests/unit/test_config.py::TestFallbackModelsConfig::test_fallback_models_exists PASSED [ 12%]
tests/unit/test_config.py::TestFallbackModelsConfig::test_fallback_models_not_empty PASSED [ 12%]
tests/unit/test_config.py::TestFallbackModelsConfig::test_fallback_models_structure PASSED [ 12%]
tests/unit/test_config.py::TestFallbackModelsConfig::test_fallback_models_contain_claude_models PASSED [ 12%]
tests/unit/test_config.py::TestFallbackModelsConfig::test_fallback_models_use_dot_format PASSED [ 12%]
tests/unit/test_config.py::TestFallbackModelsIntegration::test_fallback_models_work_with_model_resolver PASSED [ 12%]
tests/unit/test_config.py::TestFallbackModelsIntegration::test_fallback_models_appear_in_available_models PASSED [ 12%]
tests/unit/test_converters_anthropic.py::TestConvertAnthropicContentToText::test_extracts_from_string PASSED [ 13%]
tests/unit/test_converters_anthropic.py::TestConvertAnthropicContentToText::test_extracts_from_list_with_text_blocks PASSED [ 13%]
tests/unit/test_converters_anthropic.py::TestConvertAnthropicContentToText::test_extracts_from_pydantic_text_blocks PASSED [ 13%]
tests/unit/test_converters_anthropic.py::TestConvertAnthropicContentToText::test_ignores_non_text_blocks PASSED [ 13%]
tests/unit/test_converters_anthropic.py::TestConvertAnthropicContentToText::test_handles_none PASSED [ 13%]
tests/unit/test_converters_anthropic.py::TestConvertAnthropicContentToText::test_handles_empty_list PASSED [ 13%]
tests/unit/test_converters_anthropic.py::TestConvertAnthropicContentToText::test_converts_other_types_to_string PASSED [ 13%]
tests/unit/test_converters_anthropic.py::TestExtractSystemPrompt::test_extracts_from_string PASSED [ 13%]
tests/unit/test_converters_anthropic.py::TestExtractSystemPrompt::test_extracts_from_list_with_text_blocks PASSED [ 13%]
tests/unit/test_converters_anthropic.py::TestExtractSystemPrompt::test_extracts_from_list_with_cache_control PASSED [ 13%]
tests/unit/test_converters_anthropic.py::TestExtractSystemPrompt::test_extracts_from_pydantic_system_content_blocks PASSED [ 13%]
tests/unit/test_converters_anthropic.py::TestExtractSystemPrompt::test_handles_none PASSED [ 13%]
tests/unit/test_converters_anthropic.py::TestExtractSystemPrompt::test_handles_empty_list PASSED [ 13%]
tests/unit/test_converters_anthropic.py::TestExtractSystemPrompt::test_handles_mixed_content_blocks PASSED [ 13%]
tests/unit/test_converters_anthropic.py::TestExtractSystemPrompt::test_converts_other_types_to_string PASSED [ 14%]
tests/unit/test_converters_anthropic.py::TestExtractSystemPrompt::test_handles_single_text_block PASSED [ 14%]
tests/unit/test_converters_anthropic.py::TestExtractSystemPrompt::test_handles_empty_text_in_block PASSED [ 14%]
tests/unit/test_converters_anthropic.py::TestExtractSystemPrompt::test_handles_missing_text_key PASSED [ 14%]
tests/unit/test_converters_anthropic.py::TestExtractToolResultsFromAnthropicContent::test_extracts_tool_result_from_dict PASSED [ 14%]
tests/unit/test_converters_anthropic.py::TestExtractToolResultsFromAnthropicContent::test_extracts_tool_result_from_pydantic_model PASSED [ 14%]
tests/unit/test_converters_anthropic.py::TestExtractToolResultsFromAnthropicContent::test_extracts_multiple_tool_results PASSED [ 14%]
tests/unit/test_converters_anthropic.py::TestExtractToolResultsFromAnthropicContent::test_returns_empty_for_string_content PASSED [ 14%]
tests/unit/test_converters_anthropic.py::TestExtractToolResultsFromAnthropicContent::test_returns_empty_for_list_without_tool_results PASSED [ 14%]
tests/unit/test_converters_anthropic.py::TestExtractToolResultsFromAnthropicContent::test_handles_empty_content_in_tool_result PASSED [ 14%]
tests/unit/test_converters_anthropic.py::TestExtractToolResultsFromAnthropicContent::test_handles_none_content_in_tool_result PASSED [ 14%]
tests/unit/test_converters_anthropic.py::TestExtractToolResultsFromAnthropicContent::test_handles_list_content_in_tool_result PASSED [ 14%]
tests/unit/test_converters_anthropic.py::TestExtractToolResultsFromAnthropicContent::test_skips_tool_result_without_tool_use_id PASSED [ 14%]
tests/unit/test_converters_anthropic.py::TestExtractToolResultsFromAnthropicContent::test_handles_image_in_tool_result PASSED [ 14%]
tests/unit/test_converters_anthropic.py::TestExtractToolResultsFromAnthropicContent::test_handles_multiple_images_in_tool_result PASSED [ 14%]
tests/unit/test_converters_anthropic.py::TestExtractToolResultsFromAnthropicContent::test_handles_text_and_image_in_tool_result PASSED [ 15%]
tests/unit/test_converters_anthropic.py::TestExtractImagesFromToolResults::test_extracts_single_image_from_tool_result PASSED [ 15%]
tests/unit/test_converters_anthropic.py::TestExtractImagesFromToolResults::test_extracts_multiple_images_from_tool_result PASSED [ 15%]
tests/unit/test_converters_anthropic.py::TestExtractImagesFromToolResults::test_extracts_images_from_multiple_tool_results PASSED [ 15%]
tests/unit/test_converters_anthropic.py::TestExtractImagesFromToolResults::test_returns_empty_for_tool_result_without_images PASSED [ 15%]
tests/unit/test_converters_anthropic.py::TestExtractImagesFromToolResults::test_returns_empty_for_string_content PASSED [ 15%]
tests/unit/test_converters_anthropic.py::TestExtractImagesFromToolResults::test_returns_empty_for_tool_result_with_string_content PASSED [ 15%]
tests/unit/test_converters_anthropic.py::TestExtractImagesFromToolResults::test_extracts_images_mixed_with_text PASSED [ 15%]
tests/unit/test_converters_anthropic.py::TestExtractToolUsesFromAnthropicContent::test_extracts_tool_use_from_dict PASSED [ 15%]
tests/unit/test_converters_anthropic.py::TestExtractToolUsesFromAnthropicContent::test_extracts_tool_use_from_pydantic_model PASSED [ 15%]
tests/unit/test_converters_anthropic.py::TestExtractToolUsesFromAnthropicContent::test_extracts_multiple_tool_uses PASSED [ 15%]
tests/unit/test_converters_anthropic.py::TestExtractToolUsesFromAnthropicContent::test_returns_empty_for_string_content PASSED [ 15%]
tests/unit/test_converters_anthropic.py::TestExtractToolUsesFromAnthropicContent::test_returns_empty_for_list_without_tool_uses PASSED [ 15%]
tests/unit/test_converters_anthropic.py::TestExtractToolUsesFromAnthropicContent::test_skips_tool_use_without_id PASSED [ 15%]
tests/unit/test_converters_anthropic.py::TestExtractToolUsesFromAnthropicContent::test_skips_tool_use_without_name PASSED [ 15%]
tests/unit/test_converters_anthropic.py::TestConvertAnthropicMessages::test_converts_simple_user_message PASSED [ 16%]
tests/unit/test_converters_anthropic.py::TestConvertAnthropicMessages::test_converts_simple_assistant_message PASSED [ 16%]
tests/unit/test_converters_anthropic.py::TestConvertAnthropicMessages::test_converts_user_message_with_content_blocks PASSED [ 16%]
tests/unit/test_converters_anthropic.py::TestConvertAnthropicMessages::test_converts_assistant_message_with_tool_use PASSED [ 16%]
tests/unit/test_converters_anthropic.py::TestConvertAnthropicMessages::test_converts_user_message_with_tool_result PASSED [ 16%]
tests/unit/test_converters_anthropic.py::TestConvertAnthropicMessages::test_converts_full_conversation PASSED [ 16%]
tests/unit/test_converters_anthropic.py::TestConvertAnthropicMessages::test_handles_empty_messages_list PASSED [ 16%]
tests/unit/test_converters_anthropic.py::TestConvertAnthropicMessages::test_extracts_images_from_user_message PASSED [ 16%]
tests/unit/test_converters_anthropic.py::TestConvertAnthropicMessages::test_images_only_extracted_from_user_role PASSED [ 16%]
tests/unit/test_converters_anthropic.py::TestConvertAnthropicMessages::test_extracts_multiple_images_from_user_message PASSED [ 16%]
tests/unit/test_converters_anthropic.py::TestConvertAnthropicMessages::test_counts_images_in_debug_log PASSED [ 16%]
tests/unit/test_converters_anthropic.py::TestConvertAnthropicTools::test_returns_none_for_none PASSED [ 16%]
tests/unit/test_converters_anthropic.py::TestConvertAnthropicTools::test_returns_none_for_empty_list PASSED [ 16%]
tests/unit/test_converters_anthropic.py::TestConvertAnthropicTools::test_converts_tool_from_pydantic_model PASSED [ 16%]
tests/unit/test_converters_anthropic.py::TestConvertAnthropicTools::test_converts_tool_from_dict PASSED [ 17%]
tests/unit/test_converters_anthropic.py::TestConvertAnthropicTools::test_converts_multiple_tools PASSED [ 17%]
tests/unit/test_converters_anthropic.py::TestConvertAnthropicTools::test_handles_tool_without_description PASSED [ 17%]
tests/unit/test_converters_anthropic.py::TestAnthropicToKiro::test_builds_simple_payload PASSED [ 17%]
tests/unit/test_converters_anthropic.py::TestAnthropicToKiro::test_includes_system_prompt PASSED [ 17%]
tests/unit/test_converters_anthropic.py::TestAnthropicToKiro::test_includes_tools PASSED [ 17%]
tests/unit/test_converters_anthropic.py::TestAnthropicToKiro::test_builds_history_for_multi_turn PASSED [ 17%]
tests/unit/test_converters_anthropic.py::TestAnthropicToKiro::test_handles_tool_use_and_result_flow PASSED [ 17%]
tests/unit/test_converters_anthropic.py::TestAnthropicToKiro::test_raises_for_empty_messages PASSED [ 17%]
tests/unit/test_converters_anthropic.py::TestAnthropicToKiro::test_injects_thinking_tags_when_enabled PASSED [ 17%]
tests/unit/test_converters_anthropic.py::TestAnthropicToKiro::test_injects_thinking_tags_even_when_tool_results_present PASSED [ 17%]
tests/unit/test_converters_core.py::TestExtractTextContent::test_extracts_from_string PASSED [ 17%]
tests/unit/test_converters_core.py::TestExtractTextContent::test_extracts_from_none PASSED [ 17%]
tests/unit/test_converters_core.py::TestExtractTextContent::test_extracts_from_list_with_text_type PASSED [ 17%]
tests/unit/test_converters_core.py::TestExtractTextContent::test_extracts_from_list_with_text_key PASSED [ 17%]
tests/unit/test_converters_core.py::TestExtractTextContent::test_extracts_from_list_with_strings PASSED [ 18%]
tests/unit/test_converters_core.py::TestExtractTextContent::test_extracts_from_mixed_list PASSED [ 18%]
tests/unit/test_converters_core.py::TestExtractTextContent::test_converts_other_types_to_string PASSED [ 18%]
tests/unit/test_converters_core.py::TestExtractTextContent::test_handles_empty_list PASSED [ 18%]
tests/unit/test_converters_core.py::TestExtractTextContent::test_extracts_from_pydantic_text_content_block PASSED [ 18%]
tests/unit/test_converters_core.py::TestExtractTextContent::test_extracts_from_multiple_pydantic_text_blocks PASSED [ 18%]
tests/unit/test_converters_core.py::TestExtractTextContent::test_extracts_from_mixed_dict_and_pydantic PASSED [ 18%]
tests/unit/test_converters_core.py::TestExtractTextContent::test_handles_pydantic_with_empty_text PASSED [ 18%]
tests/unit/test_converters_core.py::TestExtractTextContent::test_extracts_text_ignoring_other_pydantic_types PASSED [ 18%]
tests/unit/test_converters_core.py::TestExtractImagesFromContent::test_extracts_from_openai_format_data_url PASSED [ 18%]
tests/unit/test_converters_core.py::TestExtractImagesFromContent::test_extracts_from_anthropic_format_base64 PASSED [ 18%]
tests/unit/test_converters_core.py::TestExtractImagesFromContent::test_extracts_from_mixed_content PASSED [ 18%]
tests/unit/test_converters_core.py::TestExtractImagesFromContent::test_returns_empty_for_string_content PASSED [ 18%]
tests/unit/test_converters_core.py::TestExtractImagesFromContent::test_returns_empty_for_empty_content PASSED [ 18%]
tests/unit/test_converters_core.py::TestExtractImagesFromContent::test_returns_empty_for_none_content PASSED [ 19%]
tests/unit/test_converters_core.py::TestExtractImagesFromContent::test_returns_empty_for_text_only_content PASSED [ 19%]
tests/unit/test_converters_core.py::TestExtractImagesFromContent::test_handles_url_images_with_warning PASSED [ 19%]
tests/unit/test_converters_core.py::TestExtractImagesFromContent::test_handles_anthropic_url_source_with_warning PASSED [ 19%]
tests/unit/test_converters_core.py::TestExtractImagesFromContent::test_handles_invalid_data_url PASSED [ 19%]
tests/unit/test_converters_core.py::TestExtractImagesFromContent::test_handles_empty_data_in_image PASSED [ 19%]
tests/unit/test_converters_core.py::TestExtractImagesFromContent::test_extracts_from_pydantic_image_content_block PASSED [ 19%]
tests/unit/test_converters_core.py::TestExtractImagesFromContent::test_extracts_from_pydantic_url_image_source PASSED [ 19%]
tests/unit/test_converters_core.py::TestExtractImagesFromContent::test_extracts_multiple_formats_mixed PASSED [ 19%]
tests/unit/test_converters_core.py::TestExtractImagesFromContent::test_handles_missing_source_in_anthropic_format PASSED [ 19%]
tests/unit/test_converters_core.py::TestExtractImagesFromContent::test_handles_missing_image_url_in_openai_format PASSED [ 19%]
tests/unit/test_converters_core.py::TestExtractImagesFromContent::test_extracts_gif_format PASSED [ 19%]
tests/unit/test_converters_core.py::TestExtractImagesFromContent::test_extracts_webp_format PASSED [ 19%]
tests/unit/test_converters_core.py::TestExtractImagesFromContent::test_uses_default_media_type_when_missing PASSED [ 19%]
tests/unit/test_converters_core.py::TestConvertImagesToKiroFormat::test_converts_single_image PASSED [ 19%]
tests/unit/test_converters_core.py::TestConvertImagesToKiroFormat::test_converts_multiple_images PASSED [ 20%]
tests/unit/test_converters_core.py::TestConvertImagesToKiroFormat::test_returns_empty_for_none PASSED [ 20%]
tests/unit/test_converters_core.py::TestConvertImagesToKiroFormat::test_returns_empty_for_empty_list PASSED [ 20%]
tests/unit/test_converters_core.py::TestConvertImagesToKiroFormat::test_skips_images_with_empty_data PASSED [ 20%]
tests/unit/test_converters_core.py::TestConvertImagesToKiroFormat::test_extracts_format_from_media_type PASSED [ 20%]
tests/unit/test_converters_core.py::TestConvertImagesToKiroFormat::test_handles_media_type_without_slash PASSED [ 20%]
tests/unit/test_converters_core.py::TestConvertImagesToKiroFormat::test_uses_default_media_type_when_missing PASSED [ 20%]
tests/unit/test_converters_core.py::TestConvertImagesToKiroFormat::test_preserves_large_image_data PASSED [ 20%]
tests/unit/test_converters_core.py::TestConvertImagesToKiroFormat::test_strips_data_url_prefix_jpeg PASSED [ 20%]
tests/unit/test_converters_core.py::TestConvertImagesToKiroFormat::test_strips_data_url_prefix_png PASSED [ 20%]
tests/unit/test_converters_core.py::TestConvertImagesToKiroFormat::test_extracts_media_type_from_data_url PASSED [ 20%]
tests/unit/test_converters_core.py::TestConvertImagesToKiroFormat::test_handles_malformed_data_url_no_comma PASSED [ 20%]
tests/unit/test_converters_core.py::TestConvertImagesToKiroFormat::test_preserves_pure_base64_data PASSED [ 20%]
tests/unit/test_converters_core.py::TestConvertImagesToKiroFormat::test_strips_data_url_prefix_webp PASSED [ 20%]
tests/unit/test_converters_core.py::TestConvertImagesToKiroFormat::test_handles_data_url_with_empty_base64 PASSED [ 20%]
tests/unit/test_converters_core.py::TestMergeAdjacentMessages::test_merges_adjacent_user_messages PASSED [ 21%]
tests/unit/test_converters_core.py::TestMergeAdjacentMessages::test_preserves_alternating_messages PASSED [ 21%]
tests/unit/test_converters_core.py::TestMergeAdjacentMessages::test_handles_empty_list PASSED [ 21%]
tests/unit/test_converters_core.py::TestMergeAdjacentMessages::test_handles_single_message PASSED [ 21%]
tests/unit/test_converters_core.py::TestMergeAdjacentMessages::test_merges_multiple_adjacent_groups PASSED [ 21%]
tests/unit/test_converters_core.py::TestMergeAdjacentMessages::test_merges_list_contents_correctly PASSED [ 21%]
tests/unit/test_converters_core.py::TestMergeAdjacentMessages::test_merges_adjacent_assistant_tool_calls PASSED [ 21%]
tests/unit/test_converters_core.py::TestMergeAdjacentMessages::test_merges_three_adjacent_assistant_tool_calls PASSED [ 21%]
tests/unit/test_converters_core.py::TestMergeAdjacentMessages::test_merges_assistant_with_and_without_tool_calls PASSED [ 21%]
tests/unit/test_converters_core.py::TestMergeAdjacentMessages::test_merges_user_messages_with_tool_results PASSED [ 21%]
tests/unit/test_converters_core.py::TestEnsureFirstMessageIsUser::test_preserves_messages_starting_with_user PASSED [ 21%]
tests/unit/test_converters_core.py::TestEnsureFirstMessageIsUser::test_prepends_synthetic_user_when_first_is_assistant PASSED [ 21%]
tests/unit/test_converters_core.py::TestEnsureFirstMessageIsUser::test_handles_empty_list PASSED [ 21%]
tests/unit/test_converters_core.py::TestEnsureFirstMessageIsUser::test_handles_single_assistant_message PASSED [ 21%]
tests/unit/test_converters_core.py::TestEnsureFirstMessageIsUser::test_handles_assistant_user_assistant_sequence PASSED [ 22%]
tests/unit/test_converters_core.py::TestEnsureFirstMessageIsUser::test_preserves_tool_calls_in_assistant_message PASSED [ 22%]
tests/unit/test_converters_core.py::TestEnsureFirstMessageIsUser::test_preserves_images_in_messages PASSED [ 22%]
tests/unit/test_converters_core.py::TestEnsureFirstMessageIsUser::test_uses_minimal_content_for_synthetic_message PASSED [ 22%]
tests/unit/test_converters_core.py::TestNormalizeMessageRoles::test_converts_developer_role_to_user PASSED [ 22%]
tests/unit/test_converters_core.py::TestNormalizeMessageRoles::test_converts_multiple_unknown_roles_to_user PASSED [ 22%]
tests/unit/test_converters_core.py::TestNormalizeMessageRoles::test_preserves_user_and_assistant_roles PASSED [ 22%]
tests/unit/test_converters_core.py::TestNormalizeMessageRoles::test_preserves_tool_calls_when_normalizing PASSED [ 22%]
tests/unit/test_converters_core.py::TestNormalizeMessageRoles::test_preserves_tool_results_when_normalizing PASSED [ 22%]
tests/unit/test_converters_core.py::TestNormalizeMessageRoles::test_preserves_images_when_normalizing PASSED [ 22%]
tests/unit/test_converters_core.py::TestNormalizeMessageRoles::test_handles_empty_list PASSED [ 22%]
tests/unit/test_converters_core.py::TestNormalizeMessageRoles::test_handles_single_message PASSED [ 22%]
tests/unit/test_converters_core.py::TestEnsureAlternatingRoles::test_inserts_synthetic_assistant_between_two_consecutive_users PASSED [ 22%]
tests/unit/test_converters_core.py::TestEnsureAlternatingRoles::test_inserts_multiple_synthetic_assistants_for_four_consecutive_users PASSED [ 22%]
tests/unit/test_converters_core.py::TestEnsureAlternatingRoles::test_preserves_already_alternating_messages PASSED [ 22%]
tests/unit/test_converters_core.py::TestEnsureAlternatingRoles::test_handles_multiple_groups_of_consecutive_users PASSED [ 23%]
tests/unit/test_converters_core.py::TestEnsureAlternatingRoles::test_handles_empty_list PASSED [ 23%]
tests/unit/test_converters_core.py::TestEnsureAlternatingRoles::test_handles_single_message PASSED [ 23%]
tests/unit/test_converters_core.py::TestEnsureAlternatingRoles::test_preserves_tool_results_in_original_messages PASSED [ 23%]
tests/unit/test_converters_core.py::TestEnsureAlternatingRoles::test_preserves_images_in_original_messages PASSED [ 23%]
tests/unit/test_converters_core.py::TestNormalizeAndAlternatingIntegration::test_developer_messages_are_normalized_and_alternated PASSED [ 23%]
tests/unit/test_converters_core.py::TestNormalizeAndAlternatingIntegration::test_mixed_roles_are_normalized_and_alternated PASSED [ 23%]
tests/unit/test_converters_core.py::TestEnsureAssistantBeforeToolResults::test_returns_empty_list_for_empty_input PASSED [ 23%]
tests/unit/test_converters_core.py::TestEnsureAssistantBeforeToolResults::test_preserves_messages_without_tool_results PASSED [ 23%]
tests/unit/test_converters_core.py::TestEnsureAssistantBeforeToolResults::test_preserves_tool_results_with_preceding_assistant PASSED [ 23%]
tests/unit/test_converters_core.py::TestEnsureAssistantBeforeToolResults::test_strips_orphaned_tool_results_at_start PASSED [ 23%]
tests/unit/test_converters_core.py::TestEnsureAssistantBeforeToolResults::test_converts_tool_results_after_assistant_without_tool_calls PASSED [ 23%]
tests/unit/test_converters_core.py::TestEnsureAssistantBeforeToolResults::test_converts_tool_results_after_user_message PASSED [ 23%]
tests/unit/test_converters_core.py::TestEnsureAssistantBeforeToolResults::test_preserves_content_when_converting_tool_results PASSED [ 23%]
tests/unit/test_converters_core.py::TestEnsureAssistantBeforeToolResults::test_preserves_tool_calls_when_converting_tool_results PASSED [ 23%]
tests/unit/test_converters_core.py::TestEnsureAssistantBeforeToolResults::test_handles_multiple_orphaned_tool_results PASSED [ 24%]
tests/unit/test_converters_core.py::TestEnsureAssistantBeforeToolResults::test_conversion_preserves_images PASSED [ 24%]
tests/unit/test_converters_core.py::TestEnsureAssistantBeforeToolResults::test_conversion_appends_to_existing_content PASSED [ 24%]
tests/unit/test_converters_core.py::TestEnsureAssistantBeforeToolResults::test_conversion_handles_empty_original_content PASSED [ 24%]
tests/unit/test_converters_core.py::TestEnsureAssistantBeforeToolResults::test_conversion_returns_correct_flag PASSED [ 24%]
tests/unit/test_converters_core.py::TestEnsureAssistantBeforeToolResults::test_normal_tool_results_unchanged PASSED [ 24%]
tests/unit/test_converters_core.py::TestEnsureAssistantBeforeToolResults::test_mixed_valid_and_orphaned_tool_results PASSED [ 24%]
tests/unit/test_converters_core.py::TestEnsureAssistantBeforeToolResults::test_single_message_with_tool_results PASSED [ 24%]
tests/unit/test_converters_core.py::TestSanitizeJsonSchema::test_returns_empty_dict_for_none PASSED [ 24%]
tests/unit/test_converters_core.py::TestSanitizeJsonSchema::test_returns_empty_dict_for_empty_dict PASSED [ 24%]
tests/unit/test_converters_core.py::TestSanitizeJsonSchema::test_removes_empty_required_array PASSED [ 24%]
tests/unit/test_converters_core.py::TestSanitizeJsonSchema::test_preserves_non_empty_required_array PASSED [ 24%]
tests/unit/test_converters_core.py::TestSanitizeJsonSchema::test_removes_additional_properties PASSED [ 24%]
tests/unit/test_converters_core.py::TestSanitizeJsonSchema::test_removes_both_empty_required_and_additional_properties PASSED [ 24%]
tests/unit/test_converters_core.py::TestSanitizeJsonSchema::test_recursively_sanitizes_nested_properties PASSED [ 25%]
tests/unit/test_converters_core.py::TestSanitizeJsonSchema::test_sanitizes_items_in_lists PASSED [ 25%]
tests/unit/test_converters_core.py::TestSanitizeJsonSchema::test_preserves_non_dict_list_items PASSED [ 25%]
tests/unit/test_converters_core.py::TestSanitizeJsonSchema::test_complex_real_world_schema PASSED [ 25%]
tests/unit/test_converters_core.py::TestExtractToolResults::test_extracts_tool_results_from_list PASSED [ 25%]
tests/unit/test_converters_core.py::TestExtractToolResults::test_returns_empty_for_string_content PASSED [ 25%]
tests/unit/test_converters_core.py::TestExtractToolResults::test_returns_empty_for_list_without_tool_results PASSED [ 25%]
tests/unit/test_converters_core.py::TestExtractToolResults::test_extracts_multiple_tool_results PASSED [ 25%]
tests/unit/test_converters_core.py::TestConvertToolResultsToKiroFormat::test_converts_single_tool_result PASSED [ 25%]
tests/unit/test_converters_core.py::TestConvertToolResultsToKiroFormat::test_converts_multiple_tool_results PASSED [ 25%]
tests/unit/test_converters_core.py::TestConvertToolResultsToKiroFormat::test_returns_empty_list_for_empty_input PASSED [ 25%]
tests/unit/test_converters_core.py::TestConvertToolResultsToKiroFormat::test_replaces_empty_content_with_placeholder PASSED [ 25%]
tests/unit/test_converters_core.py::TestConvertToolResultsToKiroFormat::test_replaces_none_content_with_placeholder PASSED [ 25%]
tests/unit/test_converters_core.py::TestConvertToolResultsToKiroFormat::test_handles_missing_content_key PASSED [ 25%]
tests/unit/test_converters_core.py::TestConvertToolResultsToKiroFormat::test_handles_missing_tool_use_id PASSED [ 25%]
tests/unit/test_converters_core.py::TestConvertToolResultsToKiroFormat::test_extracts_text_from_list_content PASSED [ 26%]
tests/unit/test_converters_core.py::TestConvertToolResultsToKiroFormat::test_preserves_long_content PASSED [ 26%]
tests/unit/test_converters_core.py::TestConvertToolResultsToKiroFormat::test_all_results_have_success_status PASSED [ 26%]
tests/unit/test_converters_core.py::TestConvertToolResultsToKiroFormat::test_handles_unicode_content PASSED [ 26%]
tests/unit/test_converters_core.py::TestExtractToolUses::test_extracts_from_tool_calls_field PASSED [ 26%]
tests/unit/test_converters_core.py::TestExtractToolUses::test_extracts_from_content_list PASSED [ 26%]
tests/unit/test_converters_core.py::TestExtractToolUses::test_returns_empty_for_no_tool_uses PASSED [ 26%]
tests/unit/test_converters_core.py::TestExtractToolUses::test_extracts_from_both_sources PASSED [ 26%]
tests/unit/test_converters_core.py::TestProcessToolsWithLongDescriptions::test_returns_none_and_empty_string_for_none_tools PASSED [ 26%]
tests/unit/test_converters_core.py::TestProcessToolsWithLongDescriptions::test_returns_none_and_empty_string_for_empty_list PASSED [ 26%]
tests/unit/test_converters_core.py::TestProcessToolsWithLongDescriptions::test_short_description_unchanged PASSED [ 26%]
tests/unit/test_converters_core.py::TestProcessToolsWithLongDescriptions::test_long_description_moved_to_system_prompt PASSED [ 26%]
tests/unit/test_converters_core.py::TestProcessToolsWithLongDescriptions::test_mixed_short_and_long_descriptions PASSED [ 26%]
tests/unit/test_converters_core.py::TestProcessToolsWithLongDescriptions::test_disabled_when_limit_is_zero PASSED [ 26%]
tests/unit/test_converters_core.py::TestProcessToolsWithLongDescriptions::test_multiple_long_descriptions_all_moved PASSED [ 26%]
tests/unit/test_converters_core.py::TestProcessToolsWithLongDescriptions::test_empty_description_unchanged PASSED [ 27%]
tests/unit/test_converters_core.py::TestProcessToolsWithLongDescriptions::test_none_description_unchanged PASSED [ 27%]
tests/unit/test_converters_core.py::TestProcessToolsWithLongDescriptions::test_preserves_tool_input_schema PASSED [ 27%]
tests/unit/test_converters_core.py::TestConvertToolsToKiroFormat::test_returns_empty_list_for_none PASSED [ 27%]
tests/unit/test_converters_core.py::TestConvertToolsToKiroFormat::test_returns_empty_list_for_empty_list PASSED [ 27%]
tests/unit/test_converters_core.py::TestConvertToolsToKiroFormat::test_converts_tool_to_kiro_format PASSED [ 27%]
tests/unit/test_converters_core.py::TestConvertToolsToKiroFormat::test_replaces_empty_description_with_placeholder PASSED [ 27%]
tests/unit/test_converters_core.py::TestConvertToolsToKiroFormat::test_replaces_none_description_with_placeholder PASSED [ 27%]
tests/unit/test_converters_core.py::TestConvertToolsToKiroFormat::test_sanitizes_input_schema PASSED [ 27%]
tests/unit/test_converters_core.py::TestInjectThinkingTags::test_returns_original_content_when_disabled PASSED [ 27%]
tests/unit/test_converters_core.py::TestInjectThinkingTags::test_injects_tags_when_enabled PASSED [ 27%]
tests/unit/test_converters_core.py::TestInjectThinkingTags::test_injects_thinking_instruction_tag PASSED [ 27%]
tests/unit/test_converters_core.py::TestInjectThinkingTags::test_thinking_instruction_contains_english_directive PASSED [ 27%]
tests/unit/test_converters_core.py::TestInjectThinkingTags::test_uses_configured_max_tokens PASSED [ 27%]
tests/unit/test_converters_core.py::TestInjectThinkingTags::test_preserves_empty_content PASSED [ 28%]
tests/unit/test_converters_core.py::TestInjectThinkingTags::test_preserves_multiline_content PASSED [ 28%]
tests/unit/test_converters_core.py::TestInjectThinkingTags::test_preserves_special_characters PASSED [ 28%]
tests/unit/test_converters_core.py::TestInjectThinkingTags::test_thinking_instruction_contains_systematic_approach PASSED [ 28%]
tests/unit/test_converters_core.py::TestInjectThinkingTags::test_thinking_instruction_contains_understanding_step PASSED [ 28%]
tests/unit/test_converters_core.py::TestInjectThinkingTags::test_thinking_instruction_contains_verification_step PASSED [ 28%]
tests/unit/test_converters_core.py::TestInjectThinkingTags::test_thinking_instruction_contains_quality_emphasis PASSED [ 28%]
tests/unit/test_converters_core.py::TestInjectThinkingTags::test_tag_order_is_correct PASSED [ 28%]
tests/unit/test_converters_core.py::TestBuildKiroHistory::test_builds_user_message PASSED [ 28%]
tests/unit/test_converters_core.py::TestBuildKiroHistory::test_builds_assistant_message PASSED [ 28%]
tests/unit/test_converters_core.py::TestBuildKiroHistory::test_expects_normalized_roles_only PASSED [ 28%]
tests/unit/test_converters_core.py::TestBuildKiroHistory::test_builds_conversation_history PASSED [ 28%]
tests/unit/test_converters_core.py::TestBuildKiroHistory::test_handles_empty_list PASSED [ 28%]
tests/unit/test_converters_core.py::TestBuildKiroHistory::test_builds_user_message_with_tool_results PASSED [ 28%]
tests/unit/test_converters_core.py::TestBuildKiroHistory::test_builds_assistant_message_with_tool_calls PASSED [ 28%]
tests/unit/test_converters_core.py::TestBuildKiroHistory::test_adds_empty_placeholder_for_empty_user_content PASSED [ 29%]
tests/unit/test_converters_core.py::TestBuildKiroHistory::test_adds_empty_placeholder_for_empty_assistant_content PASSED [ 29%]
tests/unit/test_converters_core.py::TestBuildKiroHistory::test_adds_empty_placeholder_for_none_user_content PASSED [ 29%]
tests/unit/test_converters_core.py::TestBuildKiroHistory::test_adds_empty_placeholder_for_none_assistant_content PASSED [ 29%]
tests/unit/test_converters_core.py::TestBuildKiroHistory::test_preserves_non_empty_content_in_history PASSED [ 29%]
tests/unit/test_converters_core.py::TestBuildKiroHistory::test_mixed_empty_and_non_empty_content_in_history PASSED [ 29%]
tests/unit/test_converters_core.py::TestBuildKiroHistory::test_builds_user_message_with_images PASSED [ 29%]
tests/unit/test_converters_core.py::TestBuildKiroHistory::test_builds_user_message_with_multiple_images PASSED [ 29%]
tests/unit/test_converters_core.py::TestBuildKiroHistory::test_builds_user_message_with_images_and_tool_results PASSED [ 29%]
tests/unit/test_converters_core.py::TestBuildKiroHistory::test_no_images_context_when_no_images PASSED [ 29%]
tests/unit/test_converters_core.py::TestBuildKiroHistory::test_builds_user_message_with_webp_image PASSED [ 29%]
tests/unit/test_converters_core.py::TestBuildKiroHistory::test_builds_user_message_with_gif_image PASSED [ 29%]
tests/unit/test_converters_core.py::TestStripAllToolContent::test_returns_empty_list_for_empty_input PASSED [ 29%]
tests/unit/test_converters_core.py::TestStripAllToolContent::test_preserves_messages_without_tool_content PASSED [ 29%]
tests/unit/test_converters_core.py::TestStripAllToolContent::test_strips_tool_calls_from_assistant PASSED [ 30%]
tests/unit/test_converters_core.py::TestStripAllToolContent::test_strips_tool_results_from_user PASSED [ 30%]
tests/unit/test_converters_core.py::TestStripAllToolContent::test_strips_both_tool_calls_and_tool_results PASSED [ 30%]
tests/unit/test_converters_core.py::TestStripAllToolContent::test_strips_multiple_tool_calls PASSED [ 30%]
tests/unit/test_converters_core.py::TestStripAllToolContent::test_strips_multiple_tool_results PASSED [ 30%]
tests/unit/test_converters_core.py::TestStripAllToolContent::test_preserves_message_content_when_stripping PASSED [ 30%]
tests/unit/test_converters_core.py::TestStripAllToolContent::test_preserves_message_role_when_stripping PASSED [ 30%]
tests/unit/test_converters_core.py::TestStripAllToolContent::test_mixed_messages_with_and_without_tool_content PASSED [ 30%]
tests/unit/test_converters_core.py::TestStripAllToolContent::test_returns_false_when_no_tool_content_stripped PASSED [ 30%]
tests/unit/test_converters_core.py::TestStripAllToolContent::test_returns_true_when_tool_content_stripped PASSED [ 30%]
tests/unit/test_converters_core.py::TestStripAllToolContent::test_handles_empty_tool_calls_list PASSED [ 30%]
tests/unit/test_converters_core.py::TestStripAllToolContent::test_handles_empty_tool_results_list PASSED [ 30%]
tests/unit/test_converters_core.py::TestStripAllToolContent::test_adds_tool_text_for_empty_content_with_tool_calls PASSED [ 30%]
tests/unit/test_converters_core.py::TestStripAllToolContent::test_adds_tool_text_for_empty_content_with_tool_results PASSED [ 30%]
tests/unit/test_converters_core.py::TestStripAllToolContent::test_preserves_existing_content_when_stripping_tool_calls PASSED [ 30%]
tests/unit/test_converters_core.py::TestStripAllToolContent::test_preserves_existing_content_when_stripping_tool_results PASSED [ 31%]
tests/unit/test_converters_core.py::TestStripAllToolContent::test_both_tool_calls_and_results_converted_to_text PASSED [ 31%]
tests/unit/test_converters_core.py::TestStripAllToolContent::test_multiple_messages_with_empty_content_get_text_representation PASSED [ 31%]
tests/unit/test_converters_core.py::TestStripAllToolContent::test_converts_tool_calls_to_text_representation PASSED [ 31%]
tests/unit/test_converters_core.py::TestStripAllToolContent::test_converts_tool_results_to_text_representation PASSED [ 31%]
tests/unit/test_converters_core.py::TestStripAllToolContentPreservesImages::test_preserves_images_when_stripping_tool_results PASSED [ 31%]
tests/unit/test_converters_core.py::TestStripAllToolContentPreservesImages::test_preserves_images_when_stripping_tool_calls PASSED [ 31%]
tests/unit/test_converters_core.py::TestStripAllToolContentPreservesImages::test_preserves_images_when_stripping_both_tool_calls_and_results PASSED [ 31%]
tests/unit/test_converters_core.py::TestStripAllToolContentPreservesImages::test_preserves_none_images_when_stripping PASSED [ 31%]
tests/unit/test_converters_core.py::TestStripAllToolContentPreservesImages::test_preserves_multiple_images_when_stripping PASSED [ 31%]
tests/unit/test_converters_core.py::TestToolCallsToText::test_converts_single_tool_call_to_text PASSED [ 31%]
tests/unit/test_converters_core.py::TestToolCallsToText::test_converts_multiple_tool_calls_to_text PASSED [ 31%]
tests/unit/test_converters_core.py::TestToolCallsToText::test_includes_tool_id_in_output PASSED [ 31%]
tests/unit/test_converters_core.py::TestToolCallsToText::test_handles_missing_tool_id PASSED [ 31%]
tests/unit/test_converters_core.py::TestToolCallsToText::test_returns_empty_string_for_empty_list PASSED [ 31%]
tests/unit/test_converters_core.py::TestToolCallsToText::test_handles_missing_function_key PASSED [ 32%]
tests/unit/test_converters_core.py::TestToolCallsToText::test_handles_complex_json_arguments PASSED [ 32%]
tests/unit/test_converters_core.py::TestToolResultsToText::test_converts_single_tool_result_to_text PASSED [ 32%]
tests/unit/test_converters_core.py::TestToolResultsToText::test_converts_multiple_tool_results_to_text PASSED [ 32%]
tests/unit/test_converters_core.py::TestToolResultsToText::test_includes_tool_use_id_in_output PASSED [ 32%]
tests/unit/test_converters_core.py::TestToolResultsToText::test_handles_missing_tool_use_id PASSED [ 32%]
tests/unit/test_converters_core.py::TestToolResultsToText::test_handles_empty_content PASSED [ 32%]
tests/unit/test_converters_core.py::TestToolResultsToText::test_returns_empty_string_for_empty_list PASSED [ 32%]
tests/unit/test_converters_core.py::TestToolResultsToText::test_handles_multiline_content PASSED [ 32%]
tests/unit/test_converters_core.py::TestToolResultsToText::test_handles_list_content PASSED [ 32%]
tests/unit/test_converters_core.py::TestBuildKiroPayloadIssue20::test_compaction_without_tools_converts_tool_content_to_text PASSED [ 32%]
tests/unit/test_converters_core.py::TestBuildKiroPayloadIssue20::test_compaction_preserves_tool_result_content_as_text PASSED [ 32%]
tests/unit/test_converters_core.py::TestBuildKiroPayloadIssue20::test_with_tools_defined_keeps_tool_structure PASSED [ 32%]
tests/unit/test_converters_core.py::TestBuildKiroPayloadIssue20::test_empty_tools_list_triggers_stripping PASSED [ 32%]
tests/unit/test_converters_core.py::TestBuildKiroPayloadImages::test_includes_images_in_current_message PASSED [ 33%]
tests/unit/test_converters_core.py::TestBuildKiroPayloadImages::test_includes_multiple_images_in_current_message PASSED [ 33%]
tests/unit/test_converters_core.py::TestBuildKiroPayloadImages::test_includes_images_in_history PASSED [ 33%]
tests/unit/test_converters_core.py::TestBuildKiroPayloadImages::test_images_with_tools PASSED [ 33%]
tests/unit/test_converters_core.py::TestBuildKiroPayloadImages::test_images_with_tool_results PASSED [ 33%]
tests/unit/test_converters_core.py::TestBuildKiroPayloadImages::test_no_images_when_none_provided PASSED [ 33%]
tests/unit/test_converters_core.py::TestBuildKiroPayloadImages::test_large_image_data_preserved PASSED [ 33%]
tests/unit/test_converters_core.py::TestBuildKiroPayloadImages::test_images_with_thinking_injection PASSED [ 33%]
tests/unit/test_converters_core.py::TestValidateToolNames::test_accepts_short_tool_names PASSED [ 33%]
tests/unit/test_converters_core.py::TestValidateToolNames::test_accepts_exactly_64_character_name PASSED [ 33%]
tests/unit/test_converters_core.py::TestValidateToolNames::test_rejects_65_character_name PASSED [ 33%]
tests/unit/test_converters_core.py::TestValidateToolNames::test_rejects_very_long_tool_names PASSED [ 33%]
tests/unit/test_converters_core.py::TestValidateToolNames::test_rejects_multiple_long_names PASSED [ 33%]
tests/unit/test_converters_core.py::TestValidateToolNames::test_handles_none_tools PASSED [ 33%]
tests/unit/test_converters_core.py::TestValidateToolNames::test_handles_empty_tools_list PASSED [ 33%]
tests/unit/test_converters_core.py::TestValidateToolNames::test_error_message_includes_solution PASSED [ 34%]
tests/unit/test_converters_core.py::TestValidateToolNames::test_real_world_mcp_tool_names PASSED [ 34%]
tests/unit/test_converters_core.py::TestGetTruncationRecoverySystemAddition::test_returns_text_when_enabled PASSED [ 34%]
tests/unit/test_converters_core.py::TestGetTruncationRecoverySystemAddition::test_returns_empty_string_when_disabled PASSED [ 34%]
tests/unit/test_converters_core.py::TestGetTruncationRecoverySystemAddition::test_format_has_proper_structure PASSED [ 34%]
tests/unit/test_converters_openai.py::TestConvertOpenAIMessagesToUnified::test_extracts_system_prompt PASSED [ 34%]
tests/unit/test_converters_openai.py::TestConvertOpenAIMessagesToUnified::test_combines_multiple_system_messages PASSED [ 34%]
tests/unit/test_converters_openai.py::TestConvertOpenAIMessagesToUnified::test_converts_tool_message_to_user_with_tool_results PASSED [ 34%]
tests/unit/test_converters_openai.py::TestConvertOpenAIMessagesToUnified::test_converts_multiple_tool_messages PASSED [ 34%]
tests/unit/test_converters_openai.py::TestConvertOpenAIMessagesToUnified::test_extracts_tool_calls_from_assistant PASSED [ 34%]
tests/unit/test_converters_openai.py::TestConvertOpenAIMessagesToUnified::test_handles_empty_tool_call_id PASSED [ 34%]
tests/unit/test_converters_openai.py::TestConvertOpenAIMessagesToUnified::test_handles_empty_tool_content PASSED [ 34%]
tests/unit/test_converters_openai.py::TestConvertOpenAIMessagesToUnified::test_tool_messages_followed_by_user_message PASSED [ 34%]
tests/unit/test_converters_openai.py::TestConvertOpenAIMessagesToUnified::test_extracts_images_from_user_message PASSED [ 34%]
tests/unit/test_converters_openai.py::TestConvertOpenAIMessagesToUnified::test_images_only_extracted_from_user_role PASSED [ 34%]
tests/unit/test_converters_openai.py::TestConvertOpenAIMessagesToUnified::test_extracts_multiple_images_from_user_message PASSED [ 35%]
tests/unit/test_converters_openai.py::TestConvertOpenAIMessagesToUnified::test_counts_images_in_debug_log PASSED [ 35%]
tests/unit/test_converters_openai.py::TestConvertOpenAIToolsToUnified::test_returns_none_for_none PASSED [ 35%]
tests/unit/test_converters_openai.py::TestConvertOpenAIToolsToUnified::test_returns_none_for_empty_list PASSED [ 35%]
tests/unit/test_converters_openai.py::TestConvertOpenAIToolsToUnified::test_converts_function_tool PASSED [ 35%]
tests/unit/test_converters_openai.py::TestConvertOpenAIToolsToUnified::test_skips_non_function_tools PASSED [ 35%]
tests/unit/test_converters_openai.py::TestConvertOpenAIToolsToUnified::test_converts_multiple_tools PASSED [ 35%]
tests/unit/test_converters_openai.py::TestConvertOpenAIToolsToUnified::test_converts_flat_format_tool PASSED [ 35%]
tests/unit/test_converters_openai.py::TestConvertOpenAIToolsToUnified::test_converts_mixed_format_tools PASSED [ 35%]
tests/unit/test_converters_openai.py::TestConvertOpenAIToolsToUnified::test_standard_format_takes_priority PASSED [ 35%]
tests/unit/test_converters_openai.py::TestConvertOpenAIToolsToUnified::test_skips_invalid_tools PASSED [ 35%]
tests/unit/test_converters_openai.py::TestConvertOpenAIToolsToUnified::test_backward_compat_standard_openai_tools PASSED [ 35%]
tests/unit/test_converters_openai.py::TestBuildKiroPayload::test_builds_simple_payload PASSED [ 35%]
tests/unit/test_converters_openai.py::TestBuildKiroPayload::test_includes_system_prompt_in_first_message PASSED [ 35%]
tests/unit/test_converters_openai.py::TestBuildKiroPayload::test_builds_history_for_multi_turn PASSED [ 36%]
tests/unit/test_converters_openai.py::TestBuildKiroPayload::test_handles_assistant_as_last_message PASSED [ 36%]
tests/unit/test_converters_openai.py::TestBuildKiroPayload::test_raises_for_empty_messages PASSED [ 36%]
tests/unit/test_converters_openai.py::TestBuildKiroPayload::test_uses_continue_for_empty_content PASSED [ 36%]
tests/unit/test_converters_openai.py::TestBuildKiroPayload::test_normalizes_model_id_correctly PASSED [ 36%]
tests/unit/test_converters_openai.py::TestBuildKiroPayload::test_includes_tools_in_context PASSED [ 36%]
tests/unit/test_converters_openai.py::TestBuildKiroPayload::test_injects_thinking_tags_even_when_tool_results_present PASSED [ 36%]
tests/unit/test_converters_openai.py::TestBuildKiroPayload::test_injects_thinking_tags_when_no_tool_results PASSED [ 36%]
tests/unit/test_converters_openai.py::TestToolMessageHandling::test_converts_multiple_tool_messages_to_single_user_message PASSED [ 36%]
tests/unit/test_converters_openai.py::TestToolMessageHandling::test_assistant_tool_user_sequence PASSED [ 36%]
tests/unit/test_converters_openai.py::TestToolMessageHandling::test_tool_message_with_empty_content PASSED [ 36%]
tests/unit/test_converters_openai.py::TestToolMessageHandling::test_tool_message_with_none_tool_call_id PASSED [ 36%]
tests/unit/test_converters_openai.py::TestToolDescriptionHandling::test_empty_description_replaced_with_placeholder PASSED [ 36%]
tests/unit/test_converters_openai.py::TestToolDescriptionHandling::test_whitespace_only_description_replaced_with_placeholder PASSED [ 36%]
tests/unit/test_converters_openai.py::TestToolDescriptionHandling::test_none_description_replaced_with_placeholder PASSED [ 36%]
tests/unit/test_converters_openai.py::TestToolDescriptionHandling::test_non_empty_description_preserved PASSED [ 37%]
tests/unit/test_converters_openai.py::TestToolDescriptionHandling::test_sanitizes_tool_parameters PASSED [ 37%]
tests/unit/test_converters_openai.py::TestToolDescriptionHandling::test_mixed_tools_with_empty_and_normal_descriptions PASSED [ 37%]
tests/unit/test_converters_openai.py::TestBuildKiroPayloadToolCallsIntegration::test_multiple_assistant_tool_calls_with_results PASSED [ 37%]
tests/unit/test_converters_openai.py::TestBuildKiroPayloadToolCallsIntegration::test_long_tool_description_added_to_system_prompt PASSED [ 37%]
tests/unit/test_converters_openai.py::TestExtractImagesFromToolMessage::test_extracts_single_image_from_tool_message PASSED [ 37%]
tests/unit/test_converters_openai.py::TestExtractImagesFromToolMessage::test_extracts_multiple_images_from_tool_message PASSED [ 37%]
tests/unit/test_converters_openai.py::TestExtractImagesFromToolMessage::test_returns_empty_for_text_only_tool_message PASSED [ 37%]
tests/unit/test_converters_openai.py::TestExtractImagesFromToolMessage::test_returns_empty_for_string_content PASSED [ 37%]
tests/unit/test_converters_openai.py::TestExtractImagesFromToolMessage::test_returns_empty_for_none_content PASSED [ 37%]
tests/unit/test_converters_openai.py::TestExtractImagesFromToolMessage::test_extracts_images_mixed_with_text PASSED [ 37%]
tests/unit/test_converters_openai.py::TestConvertOpenAIMessagesWithToolImages::test_extracts_images_from_tool_messages PASSED [ 37%]
tests/unit/test_converters_openai.py::TestConvertOpenAIMessagesWithToolImages::test_merges_images_from_multiple_tool_messages PASSED [ 37%]
tests/unit/test_converters_openai.py::TestConvertOpenAIMessagesWithToolImages::test_handles_tool_message_with_text_and_image PASSED [ 37%]
tests/unit/test_debug_logger.py::TestDebugLoggerModeOff::test_prepare_new_request_does_nothing PASSED [ 38%]
tests/unit/test_debug_logger.py::TestDebugLoggerModeOff::test_log_request_body_does_nothing PASSED [ 38%]
tests/unit/test_debug_logger.py::TestDebugLoggerModeAll::test_prepare_new_request_clears_directory PASSED [ 38%]
tests/unit/test_debug_logger.py::TestDebugLoggerModeAll::test_log_request_body_writes_immediately PASSED [ 38%]
tests/unit/test_debug_logger.py::TestDebugLoggerModeAll::test_log_kiro_request_body_writes_immediately PASSED [ 38%]
tests/unit/test_debug_logger.py::TestDebugLoggerModeAll::test_log_raw_chunk_appends_to_file PASSED [ 38%]
tests/unit/test_debug_logger.py::TestDebugLoggerModeErrors::test_log_request_body_buffers_data PASSED [ 38%]
tests/unit/test_debug_logger.py::TestDebugLoggerModeErrors::test_flush_on_error_writes_buffers PASSED [ 38%]
tests/unit/test_debug_logger.py::TestDebugLoggerModeErrors::test_flush_on_error_clears_buffers PASSED [ 38%]
tests/unit/test_debug_logger.py::TestDebugLoggerModeErrors::test_discard_buffers_clears_without_writing PASSED [ 38%]
tests/unit/test_debug_logger.py::TestDebugLoggerModeErrors::test_flush_on_error_writes_error_info_in_mode_all PASSED [ 38%]
tests/unit/test_debug_logger.py::TestDebugLoggerLogErrorInfo::test_log_error_info_writes_in_mode_all PASSED [ 38%]
tests/unit/test_debug_logger.py::TestDebugLoggerLogErrorInfo::test_log_error_info_writes_in_mode_errors PASSED [ 38%]
tests/unit/test_debug_logger.py::TestDebugLoggerLogErrorInfo::test_log_error_info_does_nothing_in_mode_off PASSED [ 38%]
tests/unit/test_debug_logger.py::TestDebugLoggerHelperMethods::test_is_enabled_returns_true_for_errors PASSED [ 38%]
tests/unit/test_debug_logger.py::TestDebugLoggerHelperMethods::test_is_enabled_returns_true_for_all PASSED [ 39%]
tests/unit/test_debug_logger.py::TestDebugLoggerHelperMethods::test_is_enabled_returns_false_for_off PASSED [ 39%]
tests/unit/test_debug_logger.py::TestDebugLoggerHelperMethods::test_is_immediate_write_returns_true_for_all PASSED [ 39%]
tests/unit/test_debug_logger.py::TestDebugLoggerHelperMethods::test_is_immediate_write_returns_false_for_errors PASSED [ 39%]
tests/unit/test_debug_logger.py::TestDebugLoggerJsonHandling::test_log_request_body_formats_json_pretty PASSED [ 39%]
tests/unit/test_debug_logger.py::TestDebugLoggerJsonHandling::test_log_request_body_handles_invalid_json PASSED [ 39%]
tests/unit/test_debug_logger.py::TestDebugLoggerAppLogsCapture::test_prepare_new_request_sets_up_log_capture PASSED [ 39%]
tests/unit/test_debug_logger.py::TestDebugLoggerAppLogsCapture::test_flush_on_error_writes_app_logs_in_mode_errors PASSED [ 39%]
tests/unit/test_debug_logger.py::TestDebugLoggerAppLogsCapture::test_discard_buffers_saves_logs_in_mode_all PASSED [ 39%]
tests/unit/test_debug_logger.py::TestDebugLoggerAppLogsCapture::test_discard_buffers_does_not_save_logs_in_mode_errors PASSED [ 39%]
tests/unit/test_debug_logger.py::TestDebugLoggerAppLogsCapture::test_clear_app_logs_buffer_removes_sink PASSED [ 39%]
tests/unit/test_debug_logger.py::TestDebugLoggerAppLogsCapture::test_app_logs_not_saved_when_empty PASSED [ 39%]
tests/unit/test_debug_middleware.py::TestDebugLoggerMiddlewareEndpointFiltering::test_skips_health_endpoint PASSED [ 39%]
tests/unit/test_debug_middleware.py::TestDebugLoggerMiddlewareEndpointFiltering::test_skips_docs_endpoint PASSED [ 39%]
tests/unit/test_debug_middleware.py::TestDebugLoggerMiddlewareEndpointFiltering::test_skips_root_endpoint PASSED [ 39%]
tests/unit/test_debug_middleware.py::TestDebugLoggerMiddlewareEndpointFiltering::test_processes_chat_completions_endpoint PASSED [ 40%]
tests/unit/test_debug_middleware.py::TestDebugLoggerMiddlewareEndpointFiltering::test_processes_messages_endpoint PASSED [ 40%]
tests/unit/test_debug_middleware.py::TestDebugLoggerMiddlewareModeHandling::test_skips_when_debug_mode_off PASSED [ 40%]
tests/unit/test_debug_middleware.py::TestDebugLoggerMiddlewareModeHandling::test_processes_when_debug_mode_errors PASSED [ 40%]
tests/unit/test_debug_middleware.py::TestDebugLoggerMiddlewareModeHandling::test_processes_when_debug_mode_all PASSED [ 40%]
tests/unit/test_debug_middleware.py::TestDebugLoggerMiddlewareErrorHandling::test_handles_body_read_error_gracefully PASSED [ 40%]
tests/unit/test_debug_middleware.py::TestDebugLoggerMiddlewareErrorHandling::test_skips_empty_body PASSED [ 40%]
tests/unit/test_debug_middleware.py::TestDebugLoggerMiddlewareResponsePassthrough::test_returns_response_from_call_next PASSED [ 40%]
tests/unit/test_debug_middleware.py::TestLoggedEndpointsConstant::test_logged_endpoints_contains_chat_completions PASSED [ 40%]
tests/unit/test_debug_middleware.py::TestLoggedEndpointsConstant::test_logged_endpoints_contains_messages PASSED [ 40%]
tests/unit/test_debug_middleware.py::TestLoggedEndpointsConstant::test_logged_endpoints_is_frozenset PASSED [ 40%]
tests/unit/test_exceptions.py::TestSanitizeValidationErrors::test_sanitizes_bytes_in_input_field PASSED [ 40%]
tests/unit/test_exceptions.py::TestSanitizeValidationErrors::test_sanitizes_bytes_in_list_values PASSED [ 40%]
tests/unit/test_exceptions.py::TestSanitizeValidationErrors::test_preserves_non_bytes_values PASSED [ 40%]
tests/unit/test_exceptions.py::TestValidationExceptionHandler::test_returns_422_status_code PASSED [ 41%]
tests/unit/test_exceptions.py::TestValidationExceptionHandler::test_calls_flush_on_error_with_422 PASSED [ 41%]
tests/unit/test_exceptions.py::TestValidationExceptionHandler::test_includes_sanitized_errors_in_response PASSED [ 41%]
tests/unit/test_exceptions.py::TestValidationExceptionHandler::test_truncates_body_in_response PASSED [ 41%]
tests/unit/test_exceptions.py::TestValidationExceptionHandlerLogging::test_logs_error_at_error_level PASSED [ 41%]
tests/unit/test_exceptions.py::TestValidationExceptionHandlerEdgeCases::test_handles_empty_errors_list PASSED [ 41%]
tests/unit/test_exceptions.py::TestValidationExceptionHandlerEdgeCases::test_handles_unicode_in_body PASSED [ 41%]
tests/unit/test_http_client.py::TestKiroHttpClientInitialization::test_initialization_stores_auth_manager PASSED [ 41%]
tests/unit/test_http_client.py::TestKiroHttpClientInitialization::test_initialization_client_is_none PASSED [ 41%]
tests/unit/test_http_client.py::TestKiroHttpClientGetClient::test_get_client_creates_new_client PASSED [ 41%]
tests/unit/test_http_client.py::TestKiroHttpClientGetClient::test_get_client_reuses_existing_client PASSED [ 41%]
tests/unit/test_http_client.py::TestKiroHttpClientGetClient::test_get_client_recreates_closed_client PASSED [ 41%]
tests/unit/test_http_client.py::TestKiroHttpClientClose::test_close_closes_client PASSED [ 41%]
tests/unit/test_http_client.py::TestKiroHttpClientClose::test_close_does_nothing_for_none_client PASSED [ 41%]
tests/unit/test_http_client.py::TestKiroHttpClientClose::test_close_does_nothing_for_closed_client PASSED [ 41%]
tests/unit/test_http_client.py::TestKiroHttpClientRequestWithRetry::test_successful_request_returns_response PASSED [ 42%]
tests/unit/test_http_client.py::TestKiroHttpClientRequestWithRetry::test_403_triggers_token_refresh PASSED [ 42%]
tests/unit/test_http_client.py::TestKiroHttpClientRequestWithRetry::test_429_triggers_backoff PASSED [ 42%]
tests/unit/test_http_client.py::TestKiroHttpClientRequestWithRetry::test_5xx_triggers_backoff PASSED [ 42%]
tests/unit/test_http_client.py::TestKiroHttpClientRequestWithRetry::test_timeout_triggers_backoff PASSED [ 42%]
tests/unit/test_http_client.py::TestKiroHttpClientRequestWithRetry::test_request_error_triggers_backoff PASSED [ 42%]
tests/unit/test_http_client.py::TestKiroHttpClientRequestWithRetry::test_max_retries_exceeded_raises_502 PASSED [ 42%]
tests/unit/test_http_client.py::TestKiroHttpClientRequestWithRetry::test_other_status_codes_returned_as_is PASSED [ 42%]
tests/unit/test_http_client.py::TestKiroHttpClientRequestWithRetry::test_streaming_request_uses_send PASSED [ 42%]
tests/unit/test_http_client.py::TestKiroHttpClientContextManager::test_context_manager_returns_self PASSED [ 42%]
tests/unit/test_http_client.py::TestKiroHttpClientContextManager::test_context_manager_closes_on_exit PASSED [ 42%]
tests/unit/test_http_client.py::TestKiroHttpClientExponentialBackoff::test_backoff_delay_increases_exponentially PASSED [ 42%]
tests/unit/test_http_client.py::TestKiroHttpClientStreamingTimeout::test_streaming_uses_streaming_read_timeout PASSED [ 42%]
tests/unit/test_http_client.py::TestKiroHttpClientStreamingTimeout::test_streaming_uses_first_token_max_retries PASSED [ 42%]
tests/unit/test_http_client.py::TestKiroHttpClientStreamingTimeout::test_streaming_timeout_retry_without_delay PASSED [ 42%]
tests/unit/test_http_client.py::TestKiroHttpClientStreamingTimeout::test_non_streaming_uses_default_timeout PASSED [ 43%]
tests/unit/test_http_client.py::TestKiroHttpClientStreamingTimeout::test_connect_timeout_logged_correctly PASSED [ 43%]
tests/unit/test_http_client.py::TestKiroHttpClientStreamingTimeout::test_read_timeout_logged_correctly PASSED [ 43%]
tests/unit/test_http_client.py::TestKiroHttpClientStreamingTimeout::test_streaming_timeout_returns_504_with_error_type PASSED [ 43%]
tests/unit/test_http_client.py::TestKiroHttpClientStreamingTimeout::test_non_streaming_timeout_returns_502 PASSED [ 43%]
tests/unit/test_http_client.py::TestKiroHttpClientSharedClient::test_initialization_with_shared_client PASSED [ 43%]
tests/unit/test_http_client.py::TestKiroHttpClientSharedClient::test_initialization_without_shared_client_owns_client PASSED [ 43%]
tests/unit/test_http_client.py::TestKiroHttpClientSharedClient::test_initialization_with_shared_client_does_not_own PASSED [ 43%]
tests/unit/test_http_client.py::TestKiroHttpClientSharedClient::test_get_client_returns_shared_client PASSED [ 43%]
tests/unit/test_http_client.py::TestKiroHttpClientSharedClient::test_close_does_not_close_shared_client PASSED [ 43%]
tests/unit/test_http_client.py::TestKiroHttpClientSharedClient::test_close_closes_owned_client PASSED [ 43%]
tests/unit/test_http_client.py::TestKiroHttpClientGracefulClose::test_close_handles_aclose_exception_gracefully PASSED [ 43%]
tests/unit/test_http_client.py::TestKiroHttpClientGracefulClose::test_close_logs_warning_on_exception PASSED [ 43%]
tests/unit/test_http_client.py::TestKiroHttpClientConnectionCloseHeader::test_streaming_request_includes_connection_close_header PASSED [ 43%]
tests/unit/test_http_client.py::TestKiroHttpClientConnectionCloseHeader::test_non_streaming_request_does_not_include_connection_close_header PASSED [ 44%]
tests/unit/test_http_client.py::TestKiroHttpClientConnectionCloseHeader::test_streaming_connection_close_preserves_other_headers PASSED [ 44%]
tests/unit/test_kiro_errors.py::TestEnhanceKiroErrorContentLength::test_content_length_error_enhanced_successfully PASSED [ 44%]
tests/unit/test_kiro_errors.py::TestEnhanceKiroErrorContentLength::test_content_length_error_preserves_original_message PASSED [ 44%]
tests/unit/test_kiro_errors.py::TestEnhanceKiroErrorContentLength::test_content_length_error_reason_string_correct PASSED [ 44%]
tests/unit/test_kiro_errors.py::TestEnhanceKiroErrorContentLength::test_content_length_error_no_reason_suffix PASSED [ 44%]
tests/unit/test_kiro_errors.py::TestEnhanceKiroErrorMonthlyLimit::test_monthly_limit_error_enhanced_successfully PASSED [ 44%]
tests/unit/test_kiro_errors.py::TestEnhanceKiroErrorMonthlyLimit::test_monthly_limit_error_no_reason_suffix PASSED [ 44%]
tests/unit/test_kiro_errors.py::TestEnhanceKiroErrorUnknown::test_unknown_reason_keeps_original_with_suffix PASSED [ 44%]
tests/unit/test_kiro_errors.py::TestEnhanceKiroErrorUnknown::test_unknown_reason_preserved_as_string PASSED [ 44%]
tests/unit/test_kiro_errors.py::TestEnhanceKiroErrorUnknown::test_missing_reason_field_uses_unknown PASSED [ 44%]
tests/unit/test_kiro_errors.py::TestEnhanceKiroErrorUnknown::test_reason_unknown_string_no_suffix PASSED [ 44%]
tests/unit/test_kiro_errors.py::TestEnhanceKiroErrorEdgeCases::test_empty_error_json_uses_defaults PASSED [ 44%]
tests/unit/test_kiro_errors.py::TestEnhanceKiroErrorEdgeCases::test_missing_message_field_uses_default PASSED [ 44%]
tests/unit/test_kiro_errors.py::TestEnhanceKiroErrorEdgeCases::test_empty_message_string_preserved PASSED [ 44%]
tests/unit/test_kiro_errors.py::TestEnhanceKiroErrorEdgeCases::test_none_values_handled_gracefully PASSED [ 45%]
tests/unit/test_kiro_errors.py::TestEnhanceKiroErrorEdgeCases::test_extra_fields_ignored PASSED [ 45%]
tests/unit/test_kiro_errors.py::TestEnhanceKiroErrorEdgeCases::test_case_sensitive_reason_matching PASSED [ 45%]
tests/unit/test_kiro_errors.py::TestEnhanceKiroErrorMessageQuality::test_enhanced_message_is_user_friendly PASSED [ 45%]
tests/unit/test_kiro_errors.py::TestEnhanceKiroErrorMessageQuality::test_enhanced_message_indicates_model_limitation PASSED [ 45%]
tests/unit/test_kiro_errors.py::TestEnhanceKiroErrorMessageQuality::test_unknown_error_preserves_original_context PASSED [ 45%]
tests/unit/test_kiro_errors.py::TestKiroErrorInfoDataclass::test_kiro_error_info_creation PASSED [ 45%]
tests/unit/test_kiro_errors.py::TestKiroErrorInfoDataclass::test_kiro_error_info_fields_accessible PASSED [ 45%]
tests/unit/test_kiro_errors.py::TestEnhanceKiroErrorIntegration::test_real_world_content_length_error PASSED [ 45%]
tests/unit/test_kiro_errors.py::TestEnhanceKiroErrorIntegration::test_multiple_errors_enhanced_independently PASSED [ 45%]
tests/unit/test_main_cli.py::TestParseCliArgs::test_default_values_are_none PASSED [ 45%]
tests/unit/test_main_cli.py::TestParseCliArgs::test_port_argument_long_form PASSED [ 45%]
tests/unit/test_main_cli.py::TestParseCliArgs::test_port_argument_short_form PASSED [ 45%]
tests/unit/test_main_cli.py::TestParseCliArgs::test_host_argument_long_form PASSED [ 45%]
tests/unit/test_main_cli.py::TestParseCliArgs::test_host_argument_short_form PASSED [ 46%]
tests/unit/test_main_cli.py::TestParseCliArgs::test_both_arguments_together PASSED [ 46%]
tests/unit/test_main_cli.py::TestParseCliArgs::test_short_forms_together PASSED [ 46%]
tests/unit/test_main_cli.py::TestResolveServerConfig::test_cli_args_take_priority_over_env PASSED [ 46%]
tests/unit/test_main_cli.py::TestResolveServerConfig::test_env_vars_take_priority_over_defaults PASSED [ 46%]
tests/unit/test_main_cli.py::TestResolveServerConfig::test_defaults_used_when_nothing_set PASSED [ 46%]
tests/unit/test_main_cli.py::TestResolveServerConfig::test_cli_host_only_env_port PASSED [ 46%]
tests/unit/test_main_cli.py::TestResolveServerConfig::test_cli_port_only_env_host PASSED [ 46%]
tests/unit/test_main_cli.py::TestPrintStartupBanner::test_banner_contains_url PASSED [ 46%]
tests/unit/test_main_cli.py::TestPrintStartupBanner::test_banner_contains_custom_port PASSED [ 46%]
tests/unit/test_main_cli.py::TestPrintStartupBanner::test_banner_contains_docs_url PASSED [ 46%]
tests/unit/test_main_cli.py::TestPrintStartupBanner::test_banner_contains_health_url PASSED [ 46%]
tests/unit/test_main_cli.py::TestCliHelp::test_help_shows_port_option PASSED [ 46%]
tests/unit/test_main_cli.py::TestCliHelp::test_help_shows_host_option PASSED [ 46%]
tests/unit/test_main_cli.py::TestCliVersion::test_version_flag_exits_with_zero PASSED [ 46%]
tests/unit/test_main_cli.py::TestCliVersion::test_version_shows_app_version PASSED [ 47%]
tests/unit/test_model_resolver.py::TestNormalizeModelName::test_normalizes_haiku_dash_to_dot PASSED [ 47%]
tests/unit/test_model_resolver.py::TestNormalizeModelName::test_normalizes_sonnet_dash_to_dot PASSED [ 47%]
tests/unit/test_model_resolver.py::TestNormalizeModelName::test_normalizes_opus_dash_to_dot PASSED [ 47%]
tests/unit/test_model_resolver.py::TestNormalizeModelName::test_strips_date_suffix_haiku PASSED [ 47%]
tests/unit/test_model_resolver.py::TestNormalizeModelName::test_strips_date_suffix_sonnet PASSED [ 47%]
tests/unit/test_model_resolver.py::TestNormalizeModelName::test_strips_date_suffix_opus PASSED [ 47%]
tests/unit/test_model_resolver.py::TestNormalizeModelName::test_strips_latest_suffix PASSED [ 47%]
tests/unit/test_model_resolver.py::TestNormalizeModelName::test_keeps_model_without_minor PASSED [ 47%]
tests/unit/test_model_resolver.py::TestNormalizeModelName::test_strips_date_from_model_without_minor PASSED [ 47%]
tests/unit/test_model_resolver.py::TestNormalizeModelName::test_normalizes_legacy_format PASSED [ 47%]
tests/unit/test_model_resolver.py::TestNormalizeModelName::test_normalizes_legacy_format_with_date PASSED [ 47%]
tests/unit/test_model_resolver.py::TestNormalizeModelName::test_normalizes_legacy_haiku PASSED [ 47%]
tests/unit/test_model_resolver.py::TestNormalizeModelName::test_normalizes_legacy_opus PASSED [ 47%]
tests/unit/test_model_resolver.py::TestNormalizeModelName::test_inverted_format_with_high_suffix PASSED [ 47%]
tests/unit/test_model_resolver.py::TestNormalizeModelName::test_inverted_format_with_low_suffix PASSED [ 48%]
tests/unit/test_model_resolver.py::TestNormalizeModelName::test_inverted_format_with_thinking_suffix PASSED [ 48%]
tests/unit/test_model_resolver.py::TestNormalizeModelName::test_inverted_format_all_families PASSED [ 48%]
tests/unit/test_model_resolver.py::TestNormalizeModelName::test_inverted_format_requires_suffix PASSED [ 48%]
tests/unit/test_model_resolver.py::TestNormalizeModelName::test_inverted_format_case_insensitive PASSED [ 48%]
tests/unit/test_model_resolver.py::TestNormalizeModelName::test_passthrough_already_normalized_haiku PASSED [ 48%]
tests/unit/test_model_resolver.py::TestNormalizeModelName::test_passthrough_already_normalized_sonnet PASSED [ 48%]
tests/unit/test_model_resolver.py::TestNormalizeModelName::test_passthrough_auto PASSED [ 48%]
tests/unit/test_model_resolver.py::TestNormalizeModelName::test_handles_empty_string PASSED [ 48%]
tests/unit/test_model_resolver.py::TestNormalizeModelName::test_handles_unknown_format PASSED [ 48%]
tests/unit/test_model_resolver.py::TestNormalizeModelName::test_handles_random_model_name PASSED [ 48%]
tests/unit/test_model_resolver.py::TestNormalizeModelNameParametrized::test_normalize_model_name_all_scenarios[claude-haiku-4-5-claude-haiku-4.5] PASSED [ 48%]
tests/unit/test_model_resolver.py::TestNormalizeModelNameParametrized::test_normalize_model_name_all_scenarios[claude-haiku-4-5-20251001-claude-haiku-4.5] PASSED [ 48%]
tests/unit/test_model_resolver.py::TestNormalizeModelNameParametrized::test_normalize_model_name_all_scenarios[claude-haiku-4-5-latest-claude-haiku-4.5] PASSED [ 48%]
tests/unit/test_model_resolver.py::TestNormalizeModelNameParametrized::test_normalize_model_name_all_scenarios[claude-sonnet-4-5-claude-sonnet-4.5] PASSED [ 49%]
tests/unit/test_model_resolver.py::TestNormalizeModelNameParametrized::test_normalize_model_name_all_scenarios[claude-sonnet-4-5-20250929-claude-sonnet-4.5] PASSED [ 49%]
tests/unit/test_model_resolver.py::TestNormalizeModelNameParametrized::test_normalize_model_name_all_scenarios[claude-opus-4-5-claude-opus-4.5] PASSED [ 49%]
tests/unit/test_model_resolver.py::TestNormalizeModelNameParametrized::test_normalize_model_name_all_scenarios[claude-opus-4-5-20251101-claude-opus-4.5] PASSED [ 49%]
tests/unit/test_model_resolver.py::TestNormalizeModelNameParametrized::test_normalize_model_name_all_scenarios[claude-sonnet-4-claude-sonnet-4] PASSED [ 49%]
tests/unit/test_model_resolver.py::TestNormalizeModelNameParametrized::test_normalize_model_name_all_scenarios[claude-sonnet-4-20250514-claude-sonnet-4] PASSED [ 49%]
tests/unit/test_model_resolver.py::TestNormalizeModelNameParametrized::test_normalize_model_name_all_scenarios[claude-haiku-4-claude-haiku-4] PASSED [ 49%]
tests/unit/test_model_resolver.py::TestNormalizeModelNameParametrized::test_normalize_model_name_all_scenarios[claude-opus-4-claude-opus-4] PASSED [ 49%]
tests/unit/test_model_resolver.py::TestNormalizeModelNameParametrized::test_normalize_model_name_all_scenarios[claude-3-7-sonnet-claude-3.7-sonnet] PASSED [ 49%]
tests/unit/test_model_resolver.py::TestNormalizeModelNameParametrized::test_normalize_model_name_all_scenarios[claude-3-7-sonnet-20250219-claude-3.7-sonnet] PASSED [ 49%]
tests/unit/test_model_resolver.py::TestNormalizeModelNameParametrized::test_normalize_model_name_all_scenarios[claude-3-5-haiku-claude-3.5-haiku] PASSED [ 49%]
tests/unit/test_model_resolver.py::TestNormalizeModelNameParametrized::test_normalize_model_name_all_scenarios[claude-3-0-opus-claude-3.0-opus] PASSED [ 49%]
tests/unit/test_model_resolver.py::TestNormalizeModelNameParametrized::test_normalize_model_name_all_scenarios[claude-haiku-4.5-claude-haiku-4.5] PASSED [ 49%]
tests/unit/test_model_resolver.py::TestNormalizeModelNameParametrized::test_normalize_model_name_all_scenarios[claude-sonnet-4.5-claude-sonnet-4.5] PASSED [ 49%]
tests/unit/test_model_resolver.py::TestNormalizeModelNameParametrized::test_normalize_model_name_all_scenarios[claude-opus-4.5-claude-opus-4.5] PASSED [ 49%]
tests/unit/test_model_resolver.py::TestNormalizeModelNameParametrized::test_normalize_model_name_all_scenarios[claude-3.7-sonnet-claude-3.7-sonnet] PASSED [ 50%]
tests/unit/test_model_resolver.py::TestNormalizeModelNameParametrized::test_normalize_model_name_all_scenarios[auto-auto] PASSED [ 50%]
tests/unit/test_model_resolver.py::TestNormalizeModelNameParametrized::test_normalize_model_name_all_scenarios[gpt-4-gpt-4] PASSED [ 50%]
tests/unit/test_model_resolver.py::TestNormalizeModelNameParametrized::test_normalize_model_name_all_scenarios[gpt-4-turbo-gpt-4-turbo] PASSED [ 50%]
tests/unit/test_model_resolver.py::TestNormalizeModelNameParametrized::test_normalize_model_name_all_scenarios[unknown-model-unknown-model] PASSED [ 50%]
tests/unit/test_model_resolver.py::TestExtractModelFamily::test_extracts_haiku_from_standard_format PASSED [ 50%]
tests/unit/test_model_resolver.py::TestExtractModelFamily::test_extracts_sonnet_from_standard_format PASSED [ 50%]
tests/unit/test_model_resolver.py::TestExtractModelFamily::test_extracts_opus_from_standard_format PASSED [ 50%]
tests/unit/test_model_resolver.py::TestExtractModelFamily::test_extracts_sonnet_from_legacy_format PASSED [ 50%]
tests/unit/test_model_resolver.py::TestExtractModelFamily::test_extracts_haiku_from_unnormalized PASSED [ 50%]
tests/unit/test_model_resolver.py::TestExtractModelFamily::test_returns_none_for_non_claude PASSED [ 50%]
tests/unit/test_model_resolver.py::TestExtractModelFamily::test_returns_none_for_auto PASSED [ 50%]
tests/unit/test_model_resolver.py::TestExtractModelFamily::test_case_insensitive PASSED [ 50%]
tests/unit/test_model_resolver.py::TestGetModelIdForKiro::test_normalizes_without_hidden_models PASSED [ 50%]
tests/unit/test_model_resolver.py::TestGetModelIdForKiro::test_returns_internal_id_for_hidden_model PASSED [ 50%]
tests/unit/test_model_resolver.py::TestGetModelIdForKiro::test_normalizes_then_checks_hidden PASSED [ 51%]
tests/unit/test_model_resolver.py::TestGetModelIdForKiro::test_normalizes_with_date_then_checks_hidden PASSED [ 51%]
tests/unit/test_model_resolver.py::TestGetModelIdForKiro::test_passthrough_unknown_model PASSED [ 51%]
tests/unit/test_model_resolver.py::TestModelResolverInitialization::test_init_with_cache_and_hidden_models PASSED [ 51%]
tests/unit/test_model_resolver.py::TestModelResolverInitialization::test_init_with_empty_hidden_models PASSED [ 51%]
tests/unit/test_model_resolver.py::TestModelResolverInitialization::test_init_with_none_hidden_models PASSED [ 51%]
tests/unit/test_model_resolver.py::TestModelResolverResolve::test_resolve_finds_model_in_cache PASSED [ 51%]
tests/unit/test_model_resolver.py::TestModelResolverResolve::test_resolve_finds_model_in_hidden PASSED [ 51%]
tests/unit/test_model_resolver.py::TestModelResolverResolve::test_resolve_passthrough_for_unknown PASSED [ 51%]
tests/unit/test_model_resolver.py::TestModelResolverResolve::test_resolve_normalizes_before_lookup PASSED [ 51%]
tests/unit/test_model_resolver.py::TestModelResolverResolve::test_resolve_never_raises PASSED [ 51%]
tests/unit/test_model_resolver.py::TestModelResolverResolve::test_resolve_auto_model PASSED [ 51%]
tests/unit/test_model_resolver.py::TestModelResolverResolve::test_resolve_with_empty_cache PASSED [ 51%]
tests/unit/test_model_resolver.py::TestModelResolverGetAvailableModels::test_get_available_models_combines_cache_and_hidden PASSED [ 51%]
tests/unit/test_model_resolver.py::TestModelResolverGetAvailableModels::test_get_available_models_returns_sorted_list PASSED [ 52%]
tests/unit/test_model_resolver.py::TestModelResolverGetAvailableModels::test_get_available_models_no_duplicates PASSED [ 52%]
tests/unit/test_model_resolver.py::TestModelResolverGetModelsByFamily::test_get_models_by_family_haiku PASSED [ 52%]
tests/unit/test_model_resolver.py::TestModelResolverGetModelsByFamily::test_get_models_by_family_sonnet PASSED [ 52%]
tests/unit/test_model_resolver.py::TestModelResolverGetModelsByFamily::test_get_models_by_family_opus PASSED [ 52%]
tests/unit/test_model_resolver.py::TestModelResolverGetModelsByFamily::test_get_models_by_family_case_insensitive PASSED [ 52%]
tests/unit/test_model_resolver.py::TestModelResolverGetSuggestionsForModel::test_get_suggestions_returns_same_family PASSED [ 52%]
tests/unit/test_model_resolver.py::TestModelResolverGetSuggestionsForModel::test_get_suggestions_no_cross_family PASSED [ 52%]
tests/unit/test_model_resolver.py::TestModelResolverGetSuggestionsForModel::test_get_suggestions_returns_all_for_unknown_family PASSED [ 52%]
tests/unit/test_model_resolver.py::TestModelResolution::test_model_resolution_fields PASSED [ 52%]
tests/unit/test_model_resolver.py::TestModelResolution::test_model_resolution_is_frozen PASSED [ 52%]
tests/unit/test_model_resolver.py::TestModelResolution::test_model_resolution_equality PASSED [ 52%]
tests/unit/test_model_resolver.py::TestModelResolution::test_model_resolution_inequality PASSED [ 52%]
tests/unit/test_model_resolver.py::TestModelInfoCacheIsValidModel::test_is_valid_model_returns_true_for_cached PASSED [ 52%]
tests/unit/test_model_resolver.py::TestModelInfoCacheIsValidModel::test_is_valid_model_returns_false_for_unknown PASSED [ 52%]
tests/unit/test_model_resolver.py::TestModelInfoCacheIsValidModel::test_is_valid_model_on_empty_cache PASSED [ 53%]
tests/unit/test_model_resolver.py::TestModelInfoCacheAddHiddenModel::test_add_hidden_model_adds_to_cache PASSED [ 53%]
tests/unit/test_model_resolver.py::TestModelInfoCacheAddHiddenModel::test_add_hidden_model_stores_internal_id PASSED [ 53%]
tests/unit/test_model_resolver.py::TestModelInfoCacheAddHiddenModel::test_add_hidden_model_sets_model_id PASSED [ 53%]
tests/unit/test_model_resolver.py::TestModelInfoCacheAddHiddenModel::test_add_hidden_model_does_not_overwrite_existing PASSED [ 53%]
tests/unit/test_model_resolver.py::TestModelInfoCacheAddHiddenModel::test_add_hidden_model_appears_in_get_all_model_ids PASSED [ 53%]
tests/unit/test_model_resolver.py::TestCriticalSafetyPrinciple::test_opus_never_becomes_sonnet PASSED [ 53%]
tests/unit/test_model_resolver.py::TestCriticalSafetyPrinciple::test_haiku_never_becomes_opus PASSED [ 53%]
tests/unit/test_model_resolver.py::TestCriticalSafetyPrinciple::test_sonnet_never_becomes_haiku PASSED [ 53%]
tests/unit/test_model_resolver.py::TestCriticalSafetyPrinciple::test_suggestions_respect_family_boundaries PASSED [ 53%]
tests/unit/test_model_resolver.py::TestModelAliasSystemBasics::test_alias_resolves_to_target_model PASSED [ 53%]
tests/unit/test_model_resolver.py::TestModelAliasSystemBasics::test_non_aliased_models_work_normally PASSED [ 53%]
tests/unit/test_model_resolver.py::TestModelAliasSystemBasics::test_alias_with_normalization_chain PASSED [ 53%]
tests/unit/test_model_resolver.py::TestModelAliasSystemBasics::test_multiple_aliases PASSED [ 53%]
tests/unit/test_model_resolver.py::TestModelAliasSystemEdgeCases::test_alias_to_non_existent_model PASSED [ 53%]
tests/unit/test_model_resolver.py::TestModelAliasSystemEdgeCases::test_alias_to_hidden_model PASSED [ 54%]
tests/unit/test_model_resolver.py::TestModelAliasSystemEdgeCases::test_empty_aliases_dict PASSED [ 54%]
tests/unit/test_model_resolver.py::TestModelAliasSystemEdgeCases::test_none_aliases PASSED [ 54%]
tests/unit/test_model_resolver.py::TestModelAliasSystemEdgeCases::test_alias_with_same_name_as_real_model PASSED [ 54%]
tests/unit/test_model_resolver.py::TestModelAliasSystemEdgeCases::test_alias_case_sensitivity PASSED [ 54%]
tests/unit/test_model_resolver.py::TestHiddenFromListFunctionality::test_hidden_model_not_in_available_list PASSED [ 54%]
tests/unit/test_model_resolver.py::TestHiddenFromListFunctionality::test_hidden_model_still_works_when_requested PASSED [ 54%]
tests/unit/test_model_resolver.py::TestHiddenFromListFunctionality::test_alias_appears_when_original_hidden PASSED [ 54%]
tests/unit/test_model_resolver.py::TestHiddenFromListFunctionality::test_multiple_hidden_models PASSED [ 54%]
tests/unit/test_model_resolver.py::TestHiddenFromListFunctionality::test_empty_hidden_from_list PASSED [ 54%]
tests/unit/test_model_resolver.py::TestHiddenFromListFunctionality::test_none_hidden_from_list PASSED [ 54%]
tests/unit/test_model_resolver.py::TestAliasSystemIntegration::test_cursor_auto_conflict_solution PASSED [ 54%]
tests/unit/test_model_resolver.py::TestAliasSystemIntegration::test_no_duplicates_in_available_models PASSED [ 54%]
tests/unit/test_model_resolver.py::TestAliasSystemIntegration::test_alias_with_hidden_models_and_hidden_from_list PASSED [ 54%]
tests/unit/test_model_resolver.py::TestAliasSystemSecurity::test_alias_cannot_bypass_family_isolation PASSED [ 55%]
tests/unit/test_model_resolver.py::TestAliasSystemSecurity::test_alias_suggestions_respect_target_family PASSED [ 55%]
tests/unit/test_models_anthropic.py::TestBase64ImageSource::test_valid_base64_source PASSED [ 55%]
tests/unit/test_models_anthropic.py::TestBase64ImageSource::test_type_defaults_to_base64 PASSED [ 55%]
tests/unit/test_models_anthropic.py::TestBase64ImageSource::test_requires_media_type PASSED [ 55%]
tests/unit/test_models_anthropic.py::TestBase64ImageSource::test_requires_data PASSED [ 55%]
tests/unit/test_models_anthropic.py::TestBase64ImageSource::test_accepts_various_media_types PASSED [ 55%]
tests/unit/test_models_anthropic.py::TestURLImageSource::test_valid_url_source PASSED [ 55%]
tests/unit/test_models_anthropic.py::TestURLImageSource::test_type_defaults_to_url PASSED [ 55%]
tests/unit/test_models_anthropic.py::TestURLImageSource::test_requires_url PASSED [ 55%]
tests/unit/test_models_anthropic.py::TestImageContentBlock::test_with_base64_source PASSED [ 55%]
tests/unit/test_models_anthropic.py::TestImageContentBlock::test_with_url_source PASSED [ 55%]
tests/unit/test_models_anthropic.py::TestImageContentBlock::test_with_dict_base64_source PASSED [ 55%]
tests/unit/test_models_anthropic.py::TestImageContentBlock::test_with_dict_url_source PASSED [ 55%]
tests/unit/test_models_anthropic.py::TestImageContentBlock::test_type_literal_is_image PASSED [ 55%]
tests/unit/test_models_anthropic.py::TestImageContentBlock::test_requires_source PASSED [ 56%]
tests/unit/test_models_anthropic.py::TestContentBlockUnion::test_accepts_text_content_block PASSED [ 56%]
tests/unit/test_models_anthropic.py::TestContentBlockUnion::test_accepts_image_content_block PASSED [ 56%]
tests/unit/test_models_anthropic.py::TestContentBlockUnion::test_accepts_tool_use_content_block PASSED [ 56%]
tests/unit/test_models_anthropic.py::TestContentBlockUnion::test_accepts_tool_result_content_block PASSED [ 56%]
tests/unit/test_models_anthropic.py::TestAnthropicMessageWithImages::test_message_with_image_content_validates PASSED [ 56%]
tests/unit/test_models_anthropic.py::TestAnthropicMessageWithImages::test_message_with_dict_image_content_validates PASSED [ 56%]
tests/unit/test_models_anthropic.py::TestAnthropicMessageWithImages::test_message_with_multiple_images_validates PASSED [ 56%]
tests/unit/test_models_anthropic.py::TestAnthropicMessageWithImages::test_message_with_url_image_validates PASSED [ 56%]
tests/unit/test_models_anthropic.py::TestAnthropicMessagesRequestWithImages::test_request_with_image_message_validates PASSED [ 56%]
tests/unit/test_models_anthropic.py::TestAnthropicMessagesRequestWithImages::test_request_with_conversation_including_images PASSED [ 56%]
tests/unit/test_models_anthropic.py::TestTextContentBlock::test_valid_text_block PASSED [ 56%]
tests/unit/test_models_anthropic.py::TestTextContentBlock::test_type_defaults_to_text PASSED [ 56%]
tests/unit/test_models_anthropic.py::TestTextContentBlock::test_requires_text PASSED [ 56%]
tests/unit/test_models_anthropic.py::TestTextContentBlock::test_accepts_empty_string PASSED [ 57%]
tests/unit/test_models_anthropic.py::TestTextContentBlock::test_accepts_multiline_text PASSED [ 57%]
tests/unit/test_models_anthropic.py::TestThinkingContentBlock::test_valid_thinking_block PASSED [ 57%]
tests/unit/test_models_anthropic.py::TestThinkingContentBlock::test_type_defaults_to_thinking PASSED [ 57%]
tests/unit/test_models_anthropic.py::TestThinkingContentBlock::test_signature_defaults_to_empty PASSED [ 57%]
tests/unit/test_models_anthropic.py::TestThinkingContentBlock::test_requires_thinking PASSED [ 57%]
tests/unit/test_models_anthropic.py::TestToolUseContentBlock::test_valid_tool_use_block PASSED [ 57%]
tests/unit/test_models_anthropic.py::TestToolUseContentBlock::test_type_defaults_to_tool_use PASSED [ 57%]
tests/unit/test_models_anthropic.py::TestToolUseContentBlock::test_requires_id PASSED [ 57%]
tests/unit/test_models_anthropic.py::TestToolUseContentBlock::test_requires_name PASSED [ 57%]
tests/unit/test_models_anthropic.py::TestToolUseContentBlock::test_requires_input PASSED [ 57%]
tests/unit/test_models_anthropic.py::TestToolUseContentBlock::test_accepts_empty_input PASSED [ 57%]
tests/unit/test_models_anthropic.py::TestToolUseContentBlock::test_accepts_complex_input PASSED [ 57%]
tests/unit/test_models_anthropic.py::TestToolResultContentBlock::test_valid_tool_result_block PASSED [ 57%]
tests/unit/test_models_anthropic.py::TestToolResultContentBlock::test_type_defaults_to_tool_result PASSED [ 57%]
tests/unit/test_models_anthropic.py::TestToolResultContentBlock::test_requires_tool_use_id PASSED [ 58%]
tests/unit/test_models_anthropic.py::TestToolResultContentBlock::test_content_is_optional PASSED [ 58%]
tests/unit/test_models_anthropic.py::TestToolResultContentBlock::test_accepts_list_content PASSED [ 58%]
tests/unit/test_models_anthropic.py::TestToolResultContentBlock::test_is_error_field PASSED [ 58%]
tests/unit/test_models_anthropic.py::TestToolResultContentBlock::test_is_error_defaults_to_none PASSED [ 58%]
tests/unit/test_models_anthropic.py::TestAnthropicTool::test_valid_tool PASSED [ 58%]
tests/unit/test_models_anthropic.py::TestAnthropicTool::test_requires_name PASSED [ 58%]
tests/unit/test_models_anthropic.py::TestAnthropicTool::test_requires_input_schema PASSED [ 58%]
tests/unit/test_models_anthropic.py::TestAnthropicTool::test_description_is_optional PASSED [ 58%]
tests/unit/test_models_anthropic.py::TestToolChoiceModels::test_tool_choice_auto PASSED [ 58%]
tests/unit/test_models_anthropic.py::TestToolChoiceModels::test_tool_choice_any PASSED [ 58%]
tests/unit/test_models_anthropic.py::TestToolChoiceModels::test_tool_choice_tool PASSED [ 58%]
tests/unit/test_models_anthropic.py::TestToolChoiceModels::test_tool_choice_tool_requires_name PASSED [ 58%]
tests/unit/test_models_anthropic.py::TestSystemContentBlock::test_valid_system_block PASSED [ 58%]
tests/unit/test_models_anthropic.py::TestSystemContentBlock::test_with_cache_control PASSED [ 58%]
tests/unit/test_models_anthropic.py::TestSystemContentBlock::test_cache_control_is_optional PASSED [ 59%]
tests/unit/test_models_anthropic.py::TestSystemContentBlock::test_requires_text PASSED [ 59%]
tests/unit/test_models_anthropic.py::TestAnthropicUsage::test_valid_usage PASSED [ 59%]
tests/unit/test_models_anthropic.py::TestAnthropicUsage::test_requires_input_tokens PASSED [ 59%]
tests/unit/test_models_anthropic.py::TestAnthropicUsage::test_requires_output_tokens PASSED [ 59%]
tests/unit/test_models_anthropic.py::TestAnthropicMessagesResponse::test_valid_response PASSED [ 59%]
tests/unit/test_models_anthropic.py::TestAnthropicMessagesResponse::test_stop_reason_values PASSED [ 59%]
tests/unit/test_models_anthropic.py::TestAnthropicMessagesResponse::test_stop_reason_is_optional PASSED [ 59%]
tests/unit/test_models_anthropic.py::TestStreamingEvents::test_message_start_event PASSED [ 59%]
tests/unit/test_models_anthropic.py::TestStreamingEvents::test_content_block_start_event PASSED [ 59%]
tests/unit/test_models_anthropic.py::TestStreamingEvents::test_text_delta PASSED [ 59%]
tests/unit/test_models_anthropic.py::TestStreamingEvents::test_thinking_delta PASSED [ 59%]
tests/unit/test_models_anthropic.py::TestStreamingEvents::test_input_json_delta PASSED [ 59%]
tests/unit/test_models_anthropic.py::TestStreamingEvents::test_content_block_delta_event PASSED [ 59%]
tests/unit/test_models_anthropic.py::TestStreamingEvents::test_content_block_stop_event PASSED [ 60%]
tests/unit/test_models_anthropic.py::TestStreamingEvents::test_message_delta_event PASSED [ 60%]
tests/unit/test_models_anthropic.py::TestStreamingEvents::test_message_stop_event PASSED [ 60%]
tests/unit/test_models_anthropic.py::TestStreamingEvents::test_ping_event PASSED [ 60%]
tests/unit/test_models_anthropic.py::TestStreamingEvents::test_error_event PASSED [ 60%]
tests/unit/test_models_anthropic.py::TestErrorModels::test_anthropic_error_detail PASSED [ 60%]
tests/unit/test_models_anthropic.py::TestErrorModels::test_anthropic_error_response PASSED [ 60%]
tests/unit/test_models_openai.py::TestOpenAIModel::test_valid_model PASSED [ 60%]
tests/unit/test_models_openai.py::TestOpenAIModel::test_requires_id PASSED [ 60%]
tests/unit/test_models_openai.py::TestOpenAIModel::test_object_defaults_to_model PASSED [ 60%]
tests/unit/test_models_openai.py::TestOpenAIModel::test_owned_by_defaults_to_anthropic PASSED [ 60%]
tests/unit/test_models_openai.py::TestOpenAIModel::test_created_is_auto_generated PASSED [ 60%]
tests/unit/test_models_openai.py::TestOpenAIModel::test_description_is_optional PASSED [ 60%]
tests/unit/test_models_openai.py::TestModelList::test_valid_model_list PASSED [ 60%]
tests/unit/test_models_openai.py::TestModelList::test_object_defaults_to_list PASSED [ 60%]
tests/unit/test_models_openai.py::TestModelList::test_requires_data PASSED [ 61%]
tests/unit/test_models_openai.py::TestModelList::test_accepts_empty_list PASSED [ 61%]
tests/unit/test_models_openai.py::TestChatMessage::test_valid_user_message PASSED [ 61%]
tests/unit/test_models_openai.py::TestChatMessage::test_valid_assistant_message PASSED [ 61%]
tests/unit/test_models_openai.py::TestChatMessage::test_valid_system_message PASSED [ 61%]
tests/unit/test_models_openai.py::TestChatMessage::test_valid_tool_message PASSED [ 61%]
tests/unit/test_models_openai.py::TestChatMessage::test_requires_role PASSED [ 61%]
tests/unit/test_models_openai.py::TestChatMessage::test_content_is_optional PASSED [ 61%]
tests/unit/test_models_openai.py::TestChatMessage::test_accepts_list_content PASSED [ 61%]
tests/unit/test_models_openai.py::TestChatMessage::test_accepts_tool_calls PASSED [ 61%]
tests/unit/test_models_openai.py::TestChatMessage::test_name_is_optional PASSED [ 61%]
tests/unit/test_models_openai.py::TestChatMessage::test_accepts_name PASSED [ 61%]
tests/unit/test_models_openai.py::TestChatMessage::test_extra_fields_allowed PASSED [ 61%]
tests/unit/test_models_openai.py::TestToolFunction::test_valid_tool_function PASSED [ 61%]
tests/unit/test_models_openai.py::TestToolFunction::test_requires_name PASSED [ 61%]
tests/unit/test_models_openai.py::TestToolFunction::test_description_is_optional PASSED [ 62%]
tests/unit/test_models_openai.py::TestToolFunction::test_parameters_is_optional PASSED [ 62%]
tests/unit/test_models_openai.py::TestTool::test_valid_tool PASSED       [ 62%]
tests/unit/test_models_openai.py::TestTool::test_type_defaults_to_function PASSED [ 62%]
tests/unit/test_models_openai.py::TestTool::test_function_is_optional_for_flat_format PASSED [ 62%]
tests/unit/test_models_openai.py::TestTool::test_standard_format_still_works PASSED [ 62%]
tests/unit/test_models_openai.py::TestChatCompletionRequest::test_valid_request PASSED [ 62%]
tests/unit/test_models_openai.py::TestChatCompletionRequest::test_requires_model PASSED [ 62%]
tests/unit/test_models_openai.py::TestChatCompletionRequest::test_requires_messages PASSED [ 62%]
tests/unit/test_models_openai.py::TestChatCompletionRequest::test_requires_at_least_one_message PASSED [ 62%]
tests/unit/test_models_openai.py::TestChatCompletionRequest::test_stream_defaults_to_false PASSED [ 62%]
tests/unit/test_models_openai.py::TestChatCompletionRequest::test_accepts_stream_true PASSED [ 62%]
tests/unit/test_models_openai.py::TestChatCompletionRequest::test_accepts_tools PASSED [ 62%]
tests/unit/test_models_openai.py::TestChatCompletionRequest::test_accepts_generation_parameters PASSED [ 62%]
tests/unit/test_models_openai.py::TestChatCompletionUsage::test_valid_usage PASSED [ 63%]
tests/unit/test_models_openai.py::TestChatCompletionUsage::test_defaults_to_zero PASSED [ 63%]
tests/unit/test_models_openai.py::TestChatCompletionUsage::test_credits_used_is_optional PASSED [ 63%]
tests/unit/test_models_openai.py::TestChatCompletionChoice::test_valid_choice PASSED [ 63%]
tests/unit/test_models_openai.py::TestChatCompletionChoice::test_index_defaults_to_zero PASSED [ 63%]
tests/unit/test_models_openai.py::TestChatCompletionChoice::test_requires_message PASSED [ 63%]
tests/unit/test_models_openai.py::TestChatCompletionChoice::test_finish_reason_is_optional PASSED [ 63%]
tests/unit/test_models_openai.py::TestChatCompletionResponse::test_valid_response PASSED [ 63%]
tests/unit/test_models_openai.py::TestChatCompletionResponse::test_object_defaults_to_chat_completion PASSED [ 63%]
tests/unit/test_models_openai.py::TestChatCompletionResponse::test_created_is_auto_generated PASSED [ 63%]
tests/unit/test_models_openai.py::TestChatCompletionResponse::test_requires_id PASSED [ 63%]
tests/unit/test_models_openai.py::TestChatCompletionChunkDelta::test_valid_delta_with_content PASSED [ 63%]
tests/unit/test_models_openai.py::TestChatCompletionChunkDelta::test_valid_delta_with_role PASSED [ 63%]
tests/unit/test_models_openai.py::TestChatCompletionChunkDelta::test_all_fields_optional PASSED [ 63%]
tests/unit/test_models_openai.py::TestChatCompletionChunkDelta::test_accepts_tool_calls PASSED [ 63%]
tests/unit/test_models_openai.py::TestChatCompletionChunkChoice::test_valid_chunk_choice PASSED [ 64%]
tests/unit/test_models_openai.py::TestChatCompletionChunkChoice::test_index_defaults_to_zero PASSED [ 64%]
tests/unit/test_models_openai.py::TestChatCompletionChunkChoice::test_finish_reason_is_optional PASSED [ 64%]
tests/unit/test_models_openai.py::TestChatCompletionChunkChoice::test_accepts_finish_reason PASSED [ 64%]
tests/unit/test_models_openai.py::TestChatCompletionChunk::test_valid_chunk PASSED [ 64%]
tests/unit/test_models_openai.py::TestChatCompletionChunk::test_object_defaults_to_chunk PASSED [ 64%]
tests/unit/test_models_openai.py::TestChatCompletionChunk::test_usage_is_optional PASSED [ 64%]
tests/unit/test_models_openai.py::TestChatCompletionChunk::test_accepts_usage PASSED [ 64%]
tests/unit/test_network_errors.py::TestClassifyNetworkErrorDNS::test_dns_error_with_socket_gaierror_windows PASSED [ 64%]
tests/unit/test_network_errors.py::TestClassifyNetworkErrorDNS::test_dns_error_with_socket_gaierror_unix PASSED [ 64%]
tests/unit/test_network_errors.py::TestClassifyNetworkErrorDNS::test_dns_error_includes_troubleshooting_steps PASSED [ 64%]
tests/unit/test_network_errors.py::TestClassifyNetworkErrorDNS::test_dns_error_technical_details_include_errno PASSED [ 64%]
tests/unit/test_network_errors.py::TestClassifyNetworkErrorConnection::test_connection_refused_error PASSED [ 64%]
tests/unit/test_network_errors.py::TestClassifyNetworkErrorConnection::test_connection_refused_with_econnrefused PASSED [ 64%]
tests/unit/test_network_errors.py::TestClassifyNetworkErrorConnection::test_connection_reset_error PASSED [ 65%]
tests/unit/test_network_errors.py::TestClassifyNetworkErrorConnection::test_connection_reset_with_econnreset PASSED [ 65%]
tests/unit/test_network_errors.py::TestClassifyNetworkErrorConnection::test_network_unreachable_error PASSED [ 65%]
tests/unit/test_network_errors.py::TestClassifyNetworkErrorConnection::test_network_unreachable_with_no_route_to_host PASSED [ 65%]
tests/unit/test_network_errors.py::TestClassifyNetworkErrorConnection::test_network_unreachable_with_enetunreach PASSED [ 65%]
tests/unit/test_network_errors.py::TestClassifyNetworkErrorConnection::test_generic_connect_error_classified_as_unknown PASSED [ 65%]
tests/unit/test_network_errors.py::TestClassifyNetworkErrorTimeout::test_connect_timeout_error PASSED [ 65%]
tests/unit/test_network_errors.py::TestClassifyNetworkErrorTimeout::test_connect_timeout_includes_troubleshooting PASSED [ 65%]
tests/unit/test_network_errors.py::TestClassifyNetworkErrorTimeout::test_read_timeout_error PASSED [ 65%]
tests/unit/test_network_errors.py::TestClassifyNetworkErrorTimeout::test_read_timeout_includes_troubleshooting PASSED [ 65%]
tests/unit/test_network_errors.py::TestClassifyNetworkErrorTimeout::test_generic_timeout_error PASSED [ 65%]
tests/unit/test_network_errors.py::TestClassifyNetworkErrorSSL::test_ssl_error_detection PASSED [ 65%]
tests/unit/test_network_errors.py::TestClassifyNetworkErrorSSL::test_tls_error_detection PASSED [ 65%]
tests/unit/test_network_errors.py::TestClassifyNetworkErrorSSL::test_certificate_error_detection PASSED [ 65%]
tests/unit/test_network_errors.py::TestClassifyNetworkErrorSSL::test_ssl_error_includes_troubleshooting PASSED [ 65%]
tests/unit/test_network_errors.py::TestClassifyNetworkErrorProxy::test_proxy_error_detection PASSED [ 66%]
tests/unit/test_network_errors.py::TestClassifyNetworkErrorProxy::test_proxy_error_includes_troubleshooting PASSED [ 66%]
tests/unit/test_network_errors.py::TestClassifyNetworkErrorRedirects::test_too_many_redirects_error PASSED [ 66%]
tests/unit/test_network_errors.py::TestClassifyNetworkErrorGeneric::test_generic_request_error_classified_as_unknown PASSED [ 66%]
tests/unit/test_network_errors.py::TestClassifyNetworkErrorGeneric::test_non_httpx_error_classified_as_unknown PASSED [ 66%]
tests/unit/test_network_errors.py::TestFormatErrorForUser::test_format_openai_includes_troubleshooting PASSED [ 66%]
tests/unit/test_network_errors.py::TestFormatErrorForUser::test_format_openai_without_troubleshooting PASSED [ 66%]
tests/unit/test_network_errors.py::TestFormatErrorForUser::test_format_anthropic_structure PASSED [ 66%]
tests/unit/test_network_errors.py::TestFormatErrorForUser::test_format_generic_includes_technical_details PASSED [ 66%]
tests/unit/test_network_errors.py::TestGetShortErrorMessage::test_short_message_no_brackets PASSED [ 66%]
tests/unit/test_network_errors.py::TestGetShortErrorMessage::test_short_message_different_categories PASSED [ 66%]
tests/unit/test_network_errors.py::TestNetworkErrorInfoDataclass::test_network_error_info_creation PASSED [ 66%]
tests/unit/test_parsers.py::TestFindMatchingBrace::test_simple_json_object PASSED [ 66%]
tests/unit/test_parsers.py::TestFindMatchingBrace::test_nested_json_object PASSED [ 66%]
tests/unit/test_parsers.py::TestFindMatchingBrace::test_json_with_braces_in_string PASSED [ 66%]
tests/unit/test_parsers.py::TestFindMatchingBrace::test_json_with_escaped_quotes PASSED [ 67%]
tests/unit/test_parsers.py::TestFindMatchingBrace::test_incomplete_json PASSED [ 67%]
tests/unit/test_parsers.py::TestFindMatchingBrace::test_invalid_start_position PASSED [ 67%]
tests/unit/test_parsers.py::TestFindMatchingBrace::test_start_position_out_of_bounds PASSED [ 67%]
tests/unit/test_parsers.py::TestParseBracketToolCalls::test_parses_single_tool_call PASSED [ 67%]
tests/unit/test_parsers.py::TestParseBracketToolCalls::test_parses_multiple_tool_calls PASSED [ 67%]
tests/unit/test_parsers.py::TestParseBracketToolCalls::test_returns_empty_for_no_tool_calls PASSED [ 67%]
tests/unit/test_parsers.py::TestParseBracketToolCalls::test_returns_empty_for_empty_string PASSED [ 67%]
tests/unit/test_parsers.py::TestParseBracketToolCalls::test_returns_empty_for_none PASSED [ 67%]
tests/unit/test_parsers.py::TestParseBracketToolCalls::test_handles_nested_json_in_args PASSED [ 67%]
tests/unit/test_parsers.py::TestParseBracketToolCalls::test_generates_unique_ids PASSED [ 67%]
tests/unit/test_parsers.py::TestDeduplicateToolCalls::test_removes_duplicates PASSED [ 67%]
tests/unit/test_parsers.py::TestDeduplicateToolCalls::test_preserves_first_occurrence PASSED [ 67%]
tests/unit/test_parsers.py::TestDeduplicateToolCalls::test_handles_empty_list PASSED [ 67%]
tests/unit/test_parsers.py::TestDeduplicateToolCalls::test_deduplicates_by_id_keeps_one_with_arguments PASSED [ 68%]
tests/unit/test_parsers.py::TestDeduplicateToolCalls::test_deduplicates_by_id_prefers_longer_arguments PASSED [ 68%]
tests/unit/test_parsers.py::TestDeduplicateToolCalls::test_deduplicates_empty_arguments_replaced_by_non_empty PASSED [ 68%]
tests/unit/test_parsers.py::TestDeduplicateToolCalls::test_handles_tool_calls_without_id PASSED [ 68%]
tests/unit/test_parsers.py::TestDeduplicateToolCalls::test_mixed_with_and_without_id PASSED [ 68%]
tests/unit/test_parsers.py::TestAwsEventStreamParserInitialization::test_initialization_creates_empty_state PASSED [ 68%]
tests/unit/test_parsers.py::TestAwsEventStreamParserFeed::test_parses_content_event PASSED [ 68%]
tests/unit/test_parsers.py::TestAwsEventStreamParserFeed::test_parses_multiple_content_events PASSED [ 68%]
tests/unit/test_parsers.py::TestAwsEventStreamParserFeed::test_deduplicates_repeated_content PASSED [ 68%]
tests/unit/test_parsers.py::TestAwsEventStreamParserFeed::test_parses_usage_event PASSED [ 68%]
tests/unit/test_parsers.py::TestAwsEventStreamParserFeed::test_parses_context_usage_event PASSED [ 68%]
tests/unit/test_parsers.py::TestAwsEventStreamParserFeed::test_handles_incomplete_json PASSED [ 68%]
tests/unit/test_parsers.py::TestAwsEventStreamParserFeed::test_completes_json_across_chunks PASSED [ 68%]
tests/unit/test_parsers.py::TestAwsEventStreamParserFeed::test_decodes_escape_sequences PASSED [ 68%]
tests/unit/test_parsers.py::TestAwsEventStreamParserFeed::test_handles_invalid_bytes PASSED [ 68%]
tests/unit/test_parsers.py::TestAwsEventStreamParserToolCalls::test_parses_tool_start_event PASSED [ 69%]
tests/unit/test_parsers.py::TestAwsEventStreamParserToolCalls::test_parses_tool_input_event PASSED [ 69%]
tests/unit/test_parsers.py::TestAwsEventStreamParserToolCalls::test_parses_tool_stop_event PASSED [ 69%]
tests/unit/test_parsers.py::TestAwsEventStreamParserToolCalls::test_get_tool_calls_returns_all PASSED [ 69%]
tests/unit/test_parsers.py::TestAwsEventStreamParserToolCalls::test_get_tool_calls_finalizes_current PASSED [ 69%]
tests/unit/test_parsers.py::TestAwsEventStreamParserReset::test_reset_clears_state PASSED [ 69%]
tests/unit/test_parsers.py::TestAwsEventStreamParserFinalizeToolCall::test_finalize_with_string_arguments PASSED [ 69%]
tests/unit/test_parsers.py::TestAwsEventStreamParserFinalizeToolCall::test_finalize_with_dict_arguments PASSED [ 69%]
tests/unit/test_parsers.py::TestAwsEventStreamParserFinalizeToolCall::test_finalize_with_empty_string_arguments PASSED [ 69%]
tests/unit/test_parsers.py::TestAwsEventStreamParserFinalizeToolCall::test_finalize_with_whitespace_only_arguments PASSED [ 69%]
tests/unit/test_parsers.py::TestAwsEventStreamParserFinalizeToolCall::test_finalize_with_invalid_json_arguments PASSED [ 69%]
tests/unit/test_parsers.py::TestAwsEventStreamParserFinalizeToolCall::test_finalize_with_none_current_tool_call PASSED [ 69%]
tests/unit/test_parsers.py::TestAwsEventStreamParserFinalizeToolCall::test_finalize_clears_current_tool_call PASSED [ 69%]
tests/unit/test_parsers.py::TestAwsEventStreamParserEdgeCases::test_handles_followup_prompt PASSED [ 69%]
tests/unit/test_parsers.py::TestAwsEventStreamParserEdgeCases::test_handles_mixed_events PASSED [ 69%]
tests/unit/test_parsers.py::TestAwsEventStreamParserEdgeCases::test_handles_garbage_between_events PASSED [ 70%]
tests/unit/test_parsers.py::TestAwsEventStreamParserEdgeCases::test_handles_empty_chunk PASSED [ 70%]
tests/unit/test_parsers.py::TestDiagnoseJsonTruncation::test_empty_string_not_truncated PASSED [ 70%]
tests/unit/test_parsers.py::TestDiagnoseJsonTruncation::test_whitespace_only_not_truncated PASSED [ 70%]
tests/unit/test_parsers.py::TestDiagnoseJsonTruncation::test_valid_json_not_truncated PASSED [ 70%]
tests/unit/test_parsers.py::TestDiagnoseJsonTruncation::test_valid_nested_json_not_truncated PASSED [ 70%]
tests/unit/test_parsers.py::TestDiagnoseJsonTruncation::test_missing_closing_brace_truncated PASSED [ 70%]
tests/unit/test_parsers.py::TestDiagnoseJsonTruncation::test_real_world_truncation_from_issue_34 PASSED [ 70%]
tests/unit/test_parsers.py::TestDiagnoseJsonTruncation::test_multiple_missing_braces_truncated PASSED [ 70%]
tests/unit/test_parsers.py::TestDiagnoseJsonTruncation::test_missing_closing_bracket_truncated PASSED [ 70%]
tests/unit/test_parsers.py::TestDiagnoseJsonTruncation::test_array_start_truncated PASSED [ 70%]
tests/unit/test_parsers.py::TestDiagnoseJsonTruncation::test_unbalanced_braces_truncated PASSED [ 70%]
tests/unit/test_parsers.py::TestDiagnoseJsonTruncation::test_unbalanced_brackets_truncated PASSED [ 70%]
tests/unit/test_parsers.py::TestDiagnoseJsonTruncation::test_unclosed_string_truncated PASSED [ 70%]
tests/unit/test_parsers.py::TestDiagnoseJsonTruncation::test_escaped_quotes_handled_correctly PASSED [ 71%]
tests/unit/test_parsers.py::TestDiagnoseJsonTruncation::test_truncated_in_middle_of_escaped_sequence PASSED [ 71%]
tests/unit/test_parsers.py::TestDiagnoseJsonTruncation::test_size_bytes_calculated_correctly PASSED [ 71%]
tests/unit/test_parsers.py::TestDiagnoseJsonTruncation::test_large_truncated_json PASSED [ 71%]
tests/unit/test_parsers.py::TestDiagnoseJsonTruncation::test_malformed_but_not_truncated PASSED [ 71%]
tests/unit/test_parsers.py::TestDiagnoseJsonTruncation::test_json_with_only_opening_brace PASSED [ 71%]
tests/unit/test_parsers.py::TestDiagnoseJsonTruncation::test_json_with_only_opening_bracket PASSED [ 71%]
tests/unit/test_parsers.py::TestDiagnoseJsonTruncation::test_braces_inside_string_not_counted PASSED [ 71%]
tests/unit/test_parsers.py::TestDiagnoseJsonTruncation::test_complex_nested_truncation PASSED [ 71%]
tests/unit/test_parsers.py::TestTruncationRecoveryIntegration::test_tool_call_marked_with_truncation_flags PASSED [ 71%]
tests/unit/test_parsers.py::TestTruncationRecoveryIntegration::test_valid_tool_call_not_marked_with_truncation PASSED [ 71%]
tests/unit/test_parsers.py::TestTruncationRecoveryIntegration::test_multiple_tool_calls_with_mixed_truncation PASSED [ 71%]
tests/unit/test_routes_anthropic.py::TestVerifyAnthropicApiKey::test_valid_x_api_key_returns_true PASSED [ 71%]
tests/unit/test_routes_anthropic.py::TestVerifyAnthropicApiKey::test_valid_bearer_token_returns_true PASSED [ 71%]
tests/unit/test_routes_anthropic.py::TestVerifyAnthropicApiKey::test_x_api_key_takes_precedence PASSED [ 71%]
tests/unit/test_routes_anthropic.py::TestVerifyAnthropicApiKey::test_invalid_x_api_key_raises_401 PASSED [ 72%]
tests/unit/test_routes_anthropic.py::TestVerifyAnthropicApiKey::test_invalid_bearer_token_raises_401 PASSED [ 72%]
tests/unit/test_routes_anthropic.py::TestVerifyAnthropicApiKey::test_missing_both_headers_raises_401 PASSED [ 72%]
tests/unit/test_routes_anthropic.py::TestVerifyAnthropicApiKey::test_empty_x_api_key_raises_401 PASSED [ 72%]
tests/unit/test_routes_anthropic.py::TestVerifyAnthropicApiKey::test_error_response_format_is_anthropic_style PASSED [ 72%]
tests/unit/test_routes_anthropic.py::TestMessagesAuthentication::test_messages_requires_authentication PASSED [ 72%]
tests/unit/test_routes_anthropic.py::TestMessagesAuthentication::test_messages_accepts_x_api_key PASSED [ 72%]
tests/unit/test_routes_anthropic.py::TestMessagesAuthentication::test_messages_accepts_bearer_token PASSED [ 72%]
tests/unit/test_routes_anthropic.py::TestMessagesAuthentication::test_messages_rejects_invalid_x_api_key PASSED [ 72%]
tests/unit/test_routes_anthropic.py::TestMessagesValidation::test_validates_missing_model PASSED [ 72%]
tests/unit/test_routes_anthropic.py::TestMessagesValidation::test_validates_missing_max_tokens PASSED [ 72%]
tests/unit/test_routes_anthropic.py::TestMessagesValidation::test_validates_missing_messages PASSED [ 72%]
tests/unit/test_routes_anthropic.py::TestMessagesValidation::test_validates_empty_messages_array PASSED [ 72%]
tests/unit/test_routes_anthropic.py::TestMessagesValidation::test_validates_invalid_json PASSED [ 72%]
tests/unit/test_routes_anthropic.py::TestMessagesValidation::test_validates_invalid_role PASSED [ 73%]
tests/unit/test_routes_anthropic.py::TestMessagesValidation::test_accepts_valid_request_format PASSED [ 73%]
tests/unit/test_routes_anthropic.py::TestMessagesSystemPrompt::test_accepts_system_as_separate_field PASSED [ 73%]
tests/unit/test_routes_anthropic.py::TestMessagesSystemPrompt::test_accepts_empty_system_prompt PASSED [ 73%]
tests/unit/test_routes_anthropic.py::TestMessagesSystemPrompt::test_accepts_no_system_prompt PASSED [ 73%]
tests/unit/test_routes_anthropic.py::TestMessagesContentBlocks::test_accepts_string_content PASSED [ 73%]
tests/unit/test_routes_anthropic.py::TestMessagesContentBlocks::test_accepts_content_block_array PASSED [ 73%]
tests/unit/test_routes_anthropic.py::TestMessagesContentBlocks::test_accepts_multiple_content_blocks PASSED [ 73%]
tests/unit/test_routes_anthropic.py::TestMessagesToolUse::test_accepts_tool_definition PASSED [ 73%]
tests/unit/test_routes_anthropic.py::TestMessagesToolUse::test_accepts_multiple_tools PASSED [ 73%]
tests/unit/test_routes_anthropic.py::TestMessagesToolUse::test_accepts_tool_result_message PASSED [ 73%]
tests/unit/test_routes_anthropic.py::TestMessagesOptionalParams::test_accepts_temperature_parameter PASSED [ 73%]
tests/unit/test_routes_anthropic.py::TestMessagesOptionalParams::test_accepts_top_p_parameter PASSED [ 73%]
tests/unit/test_routes_anthropic.py::TestMessagesOptionalParams::test_accepts_top_k_parameter PASSED [ 73%]
tests/unit/test_routes_anthropic.py::TestMessagesOptionalParams::test_accepts_stream_true PASSED [ 73%]
tests/unit/test_routes_anthropic.py::TestMessagesOptionalParams::test_accepts_stop_sequences PASSED [ 74%]
tests/unit/test_routes_anthropic.py::TestMessagesOptionalParams::test_accepts_metadata PASSED [ 74%]
tests/unit/test_routes_anthropic.py::TestMessagesAnthropicVersion::test_accepts_anthropic_version_header PASSED [ 74%]
tests/unit/test_routes_anthropic.py::TestMessagesAnthropicVersion::test_works_without_anthropic_version_header PASSED [ 74%]
tests/unit/test_routes_anthropic.py::TestAnthropicRouterIntegration::test_router_has_messages_endpoint PASSED [ 74%]
tests/unit/test_routes_anthropic.py::TestAnthropicRouterIntegration::test_messages_endpoint_uses_post_method PASSED [ 74%]
tests/unit/test_routes_anthropic.py::TestAnthropicRouterIntegration::test_router_has_anthropic_tag PASSED [ 74%]
tests/unit/test_routes_anthropic.py::TestMessagesConversationHistory::test_accepts_multi_turn_conversation PASSED [ 74%]
tests/unit/test_routes_anthropic.py::TestMessagesConversationHistory::test_accepts_long_conversation PASSED [ 74%]
tests/unit/test_routes_anthropic.py::TestMessagesErrorFormat::test_validation_error_format PASSED [ 74%]
tests/unit/test_routes_anthropic.py::TestMessagesErrorFormat::test_auth_error_format_is_anthropic_style PASSED [ 74%]
tests/unit/test_routes_anthropic.py::TestAnthropicHTTPClientSelection::test_streaming_uses_per_request_client PASSED [ 74%]
tests/unit/test_routes_anthropic.py::TestAnthropicHTTPClientSelection::test_non_streaming_uses_shared_client PASSED [ 74%]
tests/unit/test_routes_anthropic.py::TestTruncationRecoveryMessageModification::test_modifies_tool_result_dict_with_truncation_notice PASSED [ 74%]
tests/unit/test_routes_anthropic.py::TestTruncationRecoveryMessageModification::test_modifies_tool_result_pydantic_with_truncation_notice PASSED [ 74%]
tests/unit/test_routes_anthropic.py::TestTruncationRecoveryMessageModification::test_mixed_content_blocks_only_tool_result_modified PASSED [ 75%]
tests/unit/test_routes_anthropic.py::TestTruncationRecoveryMessageModification::test_no_modification_when_no_truncation PASSED [ 75%]
tests/unit/test_routes_anthropic.py::TestTruncationRecoveryMessageModification::test_pydantic_immutability_new_object_created PASSED [ 75%]
tests/unit/test_routes_anthropic.py::TestContentTruncationRecovery::test_adds_synthetic_user_message_after_truncated_assistant PASSED [ 75%]
tests/unit/test_routes_anthropic.py::TestContentTruncationRecovery::test_no_synthetic_message_when_no_content_truncation PASSED [ 75%]
tests/unit/test_routes_openai.py::TestVerifyApiKey::test_valid_bearer_token_returns_true PASSED [ 75%]
tests/unit/test_routes_openai.py::TestVerifyApiKey::test_invalid_api_key_raises_401 PASSED [ 75%]
tests/unit/test_routes_openai.py::TestVerifyApiKey::test_missing_api_key_raises_401 PASSED [ 75%]
tests/unit/test_routes_openai.py::TestVerifyApiKey::test_empty_api_key_raises_401 PASSED [ 75%]
tests/unit/test_routes_openai.py::TestVerifyApiKey::test_key_without_bearer_prefix_raises_401 PASSED [ 75%]
tests/unit/test_routes_openai.py::TestVerifyApiKey::test_bearer_with_extra_spaces_raises_401 PASSED [ 75%]
tests/unit/test_routes_openai.py::TestVerifyApiKey::test_lowercase_bearer_raises_401 PASSED [ 75%]
tests/unit/test_routes_openai.py::TestRootEndpoint::test_root_returns_status_ok FAILED [ 75%]
tests/unit/test_routes_openai.py::TestRootEndpoint::test_root_returns_gateway_message FAILED [ 75%]
tests/unit/test_routes_openai.py::TestRootEndpoint::test_root_returns_version FAILED [ 76%]
tests/unit/test_routes_openai.py::TestRootEndpoint::test_root_does_not_require_auth PASSED [ 76%]
tests/unit/test_routes_openai.py::TestHealthEndpoint::test_health_returns_healthy_status FAILED [ 76%]
tests/unit/test_routes_openai.py::TestHealthEndpoint::test_health_returns_timestamp PASSED [ 76%]
tests/unit/test_routes_openai.py::TestHealthEndpoint::test_health_returns_version PASSED [ 76%]
tests/unit/test_routes_openai.py::TestHealthEndpoint::test_health_does_not_require_auth PASSED [ 76%]
tests/unit/test_routes_openai.py::TestModelsEndpoint::test_models_requires_authentication PASSED [ 76%]
tests/unit/test_routes_openai.py::TestModelsEndpoint::test_models_rejects_invalid_key PASSED [ 76%]
tests/unit/test_routes_openai.py::TestModelsEndpoint::test_models_returns_list_object PASSED [ 76%]
tests/unit/test_routes_openai.py::TestModelsEndpoint::test_models_returns_data_array PASSED [ 76%]
tests/unit/test_routes_openai.py::TestModelsEndpoint::test_models_contains_available_models PASSED [ 76%]
tests/unit/test_routes_openai.py::TestModelsEndpoint::test_models_format_is_openai_compatible PASSED [ 76%]
tests/unit/test_routes_openai.py::TestModelsEndpoint::test_models_owned_by_anthropic PASSED [ 76%]
tests/unit/test_routes_openai.py::TestChatCompletionsAuthentication::test_chat_completions_requires_authentication PASSED [ 76%]
tests/unit/test_routes_openai.py::TestChatCompletionsAuthentication::test_chat_completions_rejects_invalid_key PASSED [ 76%]
tests/unit/test_routes_openai.py::TestChatCompletionsValidation::test_validates_empty_messages_array PASSED [ 77%]
tests/unit/test_routes_openai.py::TestChatCompletionsValidation::test_validates_missing_model PASSED [ 77%]
tests/unit/test_routes_openai.py::TestChatCompletionsValidation::test_validates_missing_messages PASSED [ 77%]
tests/unit/test_routes_openai.py::TestChatCompletionsValidation::test_validates_invalid_json PASSED [ 77%]
tests/unit/test_routes_openai.py::TestChatCompletionsValidation::test_validates_invalid_role PASSED [ 77%]
tests/unit/test_routes_openai.py::TestChatCompletionsValidation::test_accepts_valid_request_format PASSED [ 77%]
tests/unit/test_routes_openai.py::TestChatCompletionsValidation::test_accepts_message_without_content PASSED [ 77%]
tests/unit/test_routes_openai.py::TestChatCompletionsWithTools::test_accepts_valid_tool_definition PASSED [ 77%]
tests/unit/test_routes_openai.py::TestChatCompletionsWithTools::test_accepts_multiple_tools PASSED [ 77%]
tests/unit/test_routes_openai.py::TestChatCompletionsOptionalParams::test_accepts_temperature_parameter PASSED [ 77%]
tests/unit/test_routes_openai.py::TestChatCompletionsOptionalParams::test_accepts_max_tokens_parameter PASSED [ 77%]
tests/unit/test_routes_openai.py::TestChatCompletionsOptionalParams::test_accepts_stream_true PASSED [ 77%]
tests/unit/test_routes_openai.py::TestChatCompletionsOptionalParams::test_accepts_top_p_parameter PASSED [ 77%]
tests/unit/test_routes_openai.py::TestChatCompletionsMessageTypes::test_accepts_system_message PASSED [ 77%]
tests/unit/test_routes_openai.py::TestChatCompletionsMessageTypes::test_accepts_assistant_message PASSED [ 77%]
tests/unit/test_routes_openai.py::TestChatCompletionsMessageTypes::test_accepts_multipart_content PASSED [ 78%]
tests/unit/test_routes_openai.py::TestRouterIntegration::test_router_has_root_endpoint FAILED [ 78%]
tests/unit/test_routes_openai.py::TestRouterIntegration::test_router_has_health_endpoint PASSED [ 78%]
tests/unit/test_routes_openai.py::TestRouterIntegration::test_router_has_models_endpoint PASSED [ 78%]
tests/unit/test_routes_openai.py::TestRouterIntegration::test_router_has_chat_completions_endpoint PASSED [ 78%]
tests/unit/test_routes_openai.py::TestRouterIntegration::test_root_endpoint_uses_get_method FAILED [ 78%]
tests/unit/test_routes_openai.py::TestRouterIntegration::test_health_endpoint_uses_get_method PASSED [ 78%]
tests/unit/test_routes_openai.py::TestRouterIntegration::test_models_endpoint_uses_get_method PASSED [ 78%]
tests/unit/test_routes_openai.py::TestRouterIntegration::test_chat_completions_endpoint_uses_post_method PASSED [ 78%]
tests/unit/test_routes_openai.py::TestHTTPClientSelection::test_streaming_uses_per_request_client PASSED [ 78%]
tests/unit/test_routes_openai.py::TestHTTPClientSelection::test_non_streaming_uses_shared_client PASSED [ 78%]
tests/unit/test_routes_openai.py::TestTruncationRecoveryMessageModification::test_modifies_tool_result_with_truncation_notice PASSED [ 78%]
tests/unit/test_routes_openai.py::TestTruncationRecoveryMessageModification::test_no_modification_when_no_truncation PASSED [ 78%]
tests/unit/test_routes_openai.py::TestTruncationRecoveryMessageModification::test_pydantic_immutability_new_object_created PASSED [ 78%]
tests/unit/test_routes_openai.py::TestTruncationRecoveryEdgeCases::test_orphaned_tool_result_no_crash PASSED [ 79%]
tests/unit/test_routes_openai.py::TestTruncationRecoveryEdgeCases::test_empty_tool_result_content PASSED [ 79%]
tests/unit/test_routes_openai.py::TestTruncationRecoveryEdgeCases::test_very_long_content_hash_uses_first_500_chars PASSED [ 79%]
tests/unit/test_routes_openai.py::TestTruncationRecoveryEdgeCases::test_recovery_disabled_cache_entry_remains PASSED [ 79%]
tests/unit/test_routes_openai.py::TestContentTruncationRecovery::test_adds_synthetic_user_message_after_truncated_assistant PASSED [ 79%]
tests/unit/test_routes_openai.py::TestContentTruncationRecovery::test_no_synthetic_message_when_no_content_truncation PASSED [ 79%]
tests/unit/test_routes_openai.py::TestContentTruncationRecovery::test_content_hash_matches_first_500_chars PASSED [ 79%]
tests/unit/test_strategies.py::TestStickyStrategy::test_select_first_account_initially PASSED [ 79%]
tests/unit/test_strategies.py::TestStickyStrategy::test_stick_to_current_account PASSED [ 79%]
tests/unit/test_strategies.py::TestStickyStrategy::test_switch_when_current_disabled PASSED [ 79%]
tests/unit/test_strategies.py::TestStickyStrategy::test_switch_when_current_invalid PASSED [ 79%]
tests/unit/test_strategies.py::TestStickyStrategy::test_switch_when_current_rate_limited_long PASSED [ 79%]
tests/unit/test_strategies.py::TestStickyStrategy::test_wait_when_current_rate_limited_short PASSED [ 79%]
tests/unit/test_strategies.py::TestStickyStrategy::test_empty_accounts_list PASSED [ 79%]
tests/unit/test_strategies.py::TestRoundRobinStrategy::test_rotate_through_accounts PASSED [ 79%]
tests/unit/test_strategies.py::TestRoundRobinStrategy::test_wrap_around_after_last_account PASSED [ 80%]
tests/unit/test_strategies.py::TestRoundRobinStrategy::test_skip_disabled_accounts PASSED [ 80%]
tests/unit/test_strategies.py::TestRoundRobinStrategy::test_skip_rate_limited_accounts PASSED [ 80%]
tests/unit/test_strategies.py::TestRoundRobinStrategy::test_reset_cursor PASSED [ 80%]
tests/unit/test_strategies.py::TestRoundRobinStrategy::test_all_accounts_unavailable PASSED [ 80%]
tests/unit/test_strategies.py::TestHybridStrategy::test_select_highest_health_score PASSED [ 80%]
tests/unit/test_strategies.py::TestHybridStrategy::test_penalize_consecutive_failures PASSED [ 80%]
tests/unit/test_strategies.py::TestHybridStrategy::test_prefer_recently_used PASSED [ 80%]
tests/unit/test_strategies.py::TestHybridStrategy::test_notify_success_improves_health PASSED [ 80%]
tests/unit/test_strategies.py::TestHybridStrategy::test_notify_failure_degrades_health PASSED [ 80%]
tests/unit/test_strategies.py::TestHybridStrategy::test_custom_weights PASSED [ 80%]
tests/unit/test_strategies.py::TestHybridStrategy::test_empty_accounts_list PASSED [ 80%]
tests/unit/test_strategies.py::TestBaseStrategy::test_get_usable_accounts PASSED [ 80%]
tests/unit/test_strategies.py::TestBaseStrategy::test_calculate_min_wait_time PASSED [ 80%]
tests/unit/test_strategies.py::TestBaseStrategy::test_notify_success_resets_failures PASSED [ 80%]
tests/unit/test_strategies.py::TestBaseStrategy::test_notify_failure_increments_failures FAILED [ 81%]
tests/unit/test_streaming_anthropic.py::TestGenerateMessageId::test_generates_message_id_with_prefix PASSED [ 81%]
tests/unit/test_streaming_anthropic.py::TestGenerateMessageId::test_generates_unique_ids PASSED [ 81%]
tests/unit/test_streaming_anthropic.py::TestGenerateMessageId::test_message_id_has_correct_length PASSED [ 81%]
tests/unit/test_streaming_anthropic.py::TestFormatSseEvent::test_formats_message_start_event PASSED [ 81%]
tests/unit/test_streaming_anthropic.py::TestFormatSseEvent::test_formats_content_block_delta_event PASSED [ 81%]
tests/unit/test_streaming_anthropic.py::TestFormatSseEvent::test_formats_message_stop_event PASSED [ 81%]
tests/unit/test_streaming_anthropic.py::TestFormatSseEvent::test_handles_unicode_content PASSED [ 81%]
tests/unit/test_streaming_anthropic.py::TestFormatSseEvent::test_json_data_is_valid PASSED [ 81%]
tests/unit/test_streaming_anthropic.py::TestStreamKiroToAnthropic::test_yields_message_start_event PASSED [ 81%]
tests/unit/test_streaming_anthropic.py::TestStreamKiroToAnthropic::test_yields_content_block_start_on_first_content PASSED [ 81%]
tests/unit/test_streaming_anthropic.py::TestStreamKiroToAnthropic::test_yields_content_block_delta_for_content PASSED [ 81%]
tests/unit/test_streaming_anthropic.py::TestStreamKiroToAnthropic::test_yields_tool_use_block_for_tool_calls PASSED [ 81%]
tests/unit/test_streaming_anthropic.py::TestStreamKiroToAnthropic::test_yields_message_delta_with_stop_reason PASSED [ 81%]
tests/unit/test_streaming_anthropic.py::TestStreamKiroToAnthropic::test_yields_message_stop_at_end PASSED [ 82%]
tests/unit/test_streaming_anthropic.py::TestStreamKiroToAnthropic::test_stop_reason_is_tool_use_when_tools_present PASSED [ 82%]
tests/unit/test_streaming_anthropic.py::TestStreamKiroToAnthropic::test_handles_bracket_tool_calls PASSED [ 82%]
tests/unit/test_streaming_anthropic.py::TestStreamKiroToAnthropic::test_closes_response_on_completion PASSED [ 82%]
tests/unit/test_streaming_anthropic.py::TestStreamKiroToAnthropic::test_closes_response_on_error PASSED [ 82%]
tests/unit/test_streaming_anthropic.py::TestCollectAnthropicResponse::test_collects_text_content PASSED [ 82%]
tests/unit/test_streaming_anthropic.py::TestCollectAnthropicResponse::test_collects_tool_use_content PASSED [ 82%]
tests/unit/test_streaming_anthropic.py::TestCollectAnthropicResponse::test_sets_stop_reason_end_turn PASSED [ 82%]
tests/unit/test_streaming_anthropic.py::TestCollectAnthropicResponse::test_sets_stop_reason_tool_use PASSED [ 82%]
tests/unit/test_streaming_anthropic.py::TestCollectAnthropicResponse::test_includes_usage_info PASSED [ 82%]
tests/unit/test_streaming_anthropic.py::TestCollectAnthropicResponse::test_generates_message_id PASSED [ 82%]
tests/unit/test_streaming_anthropic.py::TestCollectAnthropicResponse::test_includes_model_name PASSED [ 82%]
tests/unit/test_streaming_anthropic.py::TestCollectAnthropicResponse::test_parses_tool_arguments_from_string PASSED [ 82%]
tests/unit/test_streaming_anthropic.py::TestCollectAnthropicResponse::test_handles_invalid_json_arguments PASSED [ 82%]
tests/unit/test_streaming_anthropic.py::TestCollectAnthropicResponse::test_handles_empty_content PASSED [ 82%]
tests/unit/test_streaming_anthropic.py::TestStreamingAnthropicErrorHandling::test_propagates_first_token_timeout_error PASSED [ 83%]
tests/unit/test_streaming_anthropic.py::TestStreamingAnthropicErrorHandling::test_propagates_generator_exit PASSED [ 83%]
tests/unit/test_streaming_anthropic.py::TestStreamingAnthropicErrorHandling::test_yields_error_event_on_exception PASSED [ 83%]
tests/unit/test_streaming_anthropic.py::TestStreamingAnthropicErrorHandling::test_closes_response_in_finally PASSED [ 83%]
tests/unit/test_streaming_anthropic.py::TestStreamingAnthropicThinkingContent::test_includes_thinking_as_text_when_configured PASSED [ 83%]
tests/unit/test_streaming_anthropic.py::TestStreamingAnthropicThinkingContent::test_strips_thinking_when_configured PASSED [ 83%]
tests/unit/test_streaming_anthropic.py::TestStreamingAnthropicContextUsage::test_calculates_tokens_from_context_usage PASSED [ 83%]
tests/unit/test_streaming_anthropic.py::TestStreamingAnthropicContextUsage::test_uses_request_messages_for_input_tokens PASSED [ 83%]
tests/unit/test_streaming_anthropic.py::TestGenerateThinkingSignature::test_generates_signature_with_prefix PASSED [ 83%]
tests/unit/test_streaming_anthropic.py::TestGenerateThinkingSignature::test_generates_unique_signatures PASSED [ 83%]
tests/unit/test_streaming_anthropic.py::TestGenerateThinkingSignature::test_signature_has_correct_length PASSED [ 83%]
tests/unit/test_streaming_anthropic.py::TestGenerateThinkingSignature::test_signature_contains_only_valid_characters PASSED [ 83%]
tests/unit/test_streaming_anthropic.py::TestStreamWithFirstTokenRetryAnthropic::test_yields_chunks_on_success PASSED [ 83%]
tests/unit/test_streaming_anthropic.py::TestStreamWithFirstTokenRetryAnthropic::test_retries_on_first_token_timeout PASSED [ 83%]
tests/unit/test_streaming_anthropic.py::TestStreamWithFirstTokenRetryAnthropic::test_raises_anthropic_error_after_all_retries PASSED [ 84%]
tests/unit/test_streaming_anthropic.py::TestStreamWithFirstTokenRetryAnthropic::test_raises_anthropic_error_on_http_error PASSED [ 84%]
tests/unit/test_streaming_anthropic.py::TestStreamWithFirstTokenRetryAnthropic::test_passes_request_messages_to_stream PASSED [ 84%]
tests/unit/test_streaming_anthropic.py::TestStreamWithFirstTokenRetryAnthropic::test_uses_configured_max_retries PASSED [ 84%]
tests/unit/test_streaming_core.py::TestKiroEvent::test_creates_content_event PASSED [ 84%]
tests/unit/test_streaming_core.py::TestKiroEvent::test_creates_thinking_event PASSED [ 84%]
tests/unit/test_streaming_core.py::TestKiroEvent::test_creates_tool_use_event PASSED [ 84%]
tests/unit/test_streaming_core.py::TestKiroEvent::test_creates_usage_event PASSED [ 84%]
tests/unit/test_streaming_core.py::TestKiroEvent::test_creates_context_usage_event PASSED [ 84%]
tests/unit/test_streaming_core.py::TestKiroEvent::test_default_values PASSED [ 84%]
tests/unit/test_streaming_core.py::TestStreamResult::test_creates_empty_result PASSED [ 84%]
tests/unit/test_streaming_core.py::TestStreamResult::test_creates_result_with_content PASSED [ 84%]
tests/unit/test_streaming_core.py::TestStreamResult::test_creates_result_with_tool_calls PASSED [ 84%]
tests/unit/test_streaming_core.py::TestStreamResult::test_creates_result_with_usage PASSED [ 84%]
tests/unit/test_streaming_core.py::TestStreamResult::test_creates_full_result PASSED [ 84%]
tests/unit/test_streaming_core.py::TestFirstTokenTimeoutError::test_creates_exception_with_message PASSED [ 85%]
tests/unit/test_streaming_core.py::TestFirstTokenTimeoutError::test_exception_is_catchable PASSED [ 85%]
tests/unit/test_streaming_core.py::TestFirstTokenTimeoutError::test_exception_inherits_from_exception PASSED [ 85%]
tests/unit/test_streaming_core.py::TestParseKiroStream::test_parses_content_events PASSED [ 85%]
tests/unit/test_streaming_core.py::TestParseKiroStream::test_parses_usage_events PASSED [ 85%]
tests/unit/test_streaming_core.py::TestParseKiroStream::test_parses_context_usage_events PASSED [ 85%]
tests/unit/test_streaming_core.py::TestParseKiroStream::test_yields_tool_calls_at_end PASSED [ 85%]
tests/unit/test_streaming_core.py::TestParseKiroStream::test_raises_timeout_on_first_token PASSED [ 85%]
tests/unit/test_streaming_core.py::TestParseKiroStream::test_handles_empty_response PASSED [ 85%]
tests/unit/test_streaming_core.py::TestParseKiroStream::test_handles_generator_exit PASSED [ 85%]
tests/unit/test_streaming_core.py::TestProcessChunk::test_processes_content_event PASSED [ 85%]
tests/unit/test_streaming_core.py::TestProcessChunk::test_processes_usage_event PASSED [ 85%]
tests/unit/test_streaming_core.py::TestProcessChunk::test_processes_context_usage_event PASSED [ 85%]
tests/unit/test_streaming_core.py::TestProcessChunk::test_processes_multiple_events PASSED [ 85%]
tests/unit/test_streaming_core.py::TestProcessChunk::test_processes_with_thinking_parser PASSED [ 85%]
tests/unit/test_streaming_core.py::TestProcessChunk::test_yields_thinking_content PASSED [ 86%]
tests/unit/test_streaming_core.py::TestCollectStreamToResult::test_collects_content PASSED [ 86%]
tests/unit/test_streaming_core.py::TestCollectStreamToResult::test_collects_tool_calls PASSED [ 86%]
tests/unit/test_streaming_core.py::TestCollectStreamToResult::test_collects_usage PASSED [ 86%]
tests/unit/test_streaming_core.py::TestCollectStreamToResult::test_collects_context_usage_percentage PASSED [ 86%]
tests/unit/test_streaming_core.py::TestCollectStreamToResult::test_collects_thinking_content PASSED [ 86%]
tests/unit/test_streaming_core.py::TestCollectStreamToResult::test_deduplicates_bracket_tool_calls PASSED [ 86%]
tests/unit/test_streaming_core.py::TestCalculateTokensFromContextUsage::test_calculates_tokens_from_percentage PASSED [ 86%]
tests/unit/test_streaming_core.py::TestCalculateTokensFromContextUsage::test_handles_zero_percentage PASSED [ 86%]
tests/unit/test_streaming_core.py::TestCalculateTokensFromContextUsage::test_handles_none_percentage PASSED [ 86%]
tests/unit/test_streaming_core.py::TestCalculateTokensFromContextUsage::test_prevents_negative_prompt_tokens PASSED [ 86%]
tests/unit/test_streaming_core.py::TestCalculateTokensFromContextUsage::test_uses_model_specific_max_tokens PASSED [ 86%]
tests/unit/test_streaming_core.py::TestCalculateTokensFromContextUsage::test_small_percentage_calculation PASSED [ 86%]
tests/unit/test_streaming_core.py::TestCalculateTokensFromContextUsage::test_large_percentage_calculation PASSED [ 86%]
tests/unit/test_streaming_core.py::TestThinkingParserIntegration::test_thinking_parser_enabled_when_fake_reasoning_on PASSED [ 87%]
tests/unit/test_streaming_core.py::TestThinkingParserIntegration::test_thinking_parser_disabled_when_fake_reasoning_off PASSED [ 87%]
tests/unit/test_streaming_core.py::TestThinkingParserIntegration::test_thinking_parser_can_be_disabled_via_parameter PASSED [ 87%]
tests/unit/test_streaming_core.py::TestStreamingCoreErrorHandling::test_propagates_first_token_timeout_error PASSED [ 87%]
tests/unit/test_streaming_core.py::TestStreamingCoreErrorHandling::test_propagates_generator_exit PASSED [ 87%]
tests/unit/test_streaming_core.py::TestStreamingCoreErrorHandling::test_propagates_other_exceptions PASSED [ 87%]
tests/unit/test_streaming_core.py::TestStreamWithFirstTokenRetryCore::test_yields_chunks_on_success PASSED [ 87%]
tests/unit/test_streaming_core.py::TestStreamWithFirstTokenRetryCore::test_retries_on_first_token_timeout PASSED [ 87%]
tests/unit/test_streaming_core.py::TestStreamWithFirstTokenRetryCore::test_raises_exception_after_all_retries PASSED [ 87%]
tests/unit/test_streaming_core.py::TestStreamWithFirstTokenRetryCore::test_uses_custom_error_callbacks PASSED [ 87%]
tests/unit/test_streaming_core.py::TestStreamWithFirstTokenRetryCore::test_handles_http_error PASSED [ 87%]
tests/unit/test_streaming_core.py::TestStreamWithFirstTokenRetryCore::test_uses_custom_http_error_callback PASSED [ 87%]
tests/unit/test_streaming_core.py::TestStreamWithFirstTokenRetryCore::test_closes_response_on_timeout PASSED [ 87%]
tests/unit/test_streaming_core.py::TestStreamWithFirstTokenRetryCore::test_propagates_non_timeout_exceptions PASSED [ 87%]
tests/unit/test_streaming_core.py::TestStreamWithFirstTokenRetryCore::test_uses_configured_max_retries PASSED [ 87%]
tests/unit/test_streaming_core.py::TestStreamWithFirstTokenRetryCore::test_multiple_retries_then_success PASSED [ 88%]
tests/unit/test_streaming_core.py::TestStreamWithFirstTokenRetryCore::test_closes_response_on_http_error PASSED [ 88%]
tests/unit/test_streaming_openai.py::TestStreamKiroToOpenai::test_yields_content_chunks PASSED [ 88%]
tests/unit/test_streaming_openai.py::TestStreamKiroToOpenai::test_first_chunk_has_role PASSED [ 88%]
tests/unit/test_streaming_openai.py::TestStreamKiroToOpenai::test_yields_done_at_end PASSED [ 88%]
tests/unit/test_streaming_openai.py::TestStreamKiroToOpenai::test_yields_final_chunk_with_usage PASSED [ 88%]
tests/unit/test_streaming_openai.py::TestStreamKiroToOpenai::test_yields_tool_calls_chunk PASSED [ 88%]
tests/unit/test_streaming_openai.py::TestStreamKiroToOpenai::test_tool_calls_have_index PASSED [ 88%]
tests/unit/test_streaming_openai.py::TestStreamKiroToOpenai::test_finish_reason_is_tool_calls_when_tools_present PASSED [ 88%]
tests/unit/test_streaming_openai.py::TestStreamKiroToOpenai::test_finish_reason_is_stop_without_tools PASSED [ 88%]
tests/unit/test_streaming_openai.py::TestStreamKiroToOpenai::test_closes_response_on_completion PASSED [ 88%]
tests/unit/test_streaming_openai.py::TestStreamKiroToOpenai::test_closes_response_on_error PASSED [ 88%]
tests/unit/test_streaming_openai.py::TestStreamingOpenaiThinkingContent::test_yields_thinking_as_reasoning_content PASSED [ 88%]
tests/unit/test_streaming_openai.py::TestStreamingOpenaiThinkingContent::test_yields_thinking_as_content_when_configured PASSED [ 88%]
tests/unit/test_streaming_openai.py::TestStreamingOpenaiNoneProtection::test_handles_none_function_name PASSED [ 88%]
tests/unit/test_streaming_openai.py::TestStreamingOpenaiNoneProtection::test_handles_none_function_arguments PASSED [ 89%]
tests/unit/test_streaming_openai.py::TestStreamingOpenaiNoneProtection::test_handles_none_function_object PASSED [ 89%]
tests/unit/test_streaming_openai.py::TestStreamWithFirstTokenRetry::test_retries_on_first_token_timeout PASSED [ 89%]
tests/unit/test_streaming_openai.py::TestStreamWithFirstTokenRetry::test_raises_504_after_all_retries_exhausted PASSED [ 89%]
tests/unit/test_streaming_openai.py::TestStreamWithFirstTokenRetry::test_handles_api_error_response PASSED [ 89%]
tests/unit/test_streaming_openai.py::TestStreamWithFirstTokenRetry::test_propagates_non_timeout_errors PASSED [ 89%]
tests/unit/test_streaming_openai.py::TestStreamWithFirstTokenRetry::test_closes_response_on_retry PASSED [ 89%]
tests/unit/test_streaming_openai.py::TestCollectStreamResponse::test_collects_content PASSED [ 89%]
tests/unit/test_streaming_openai.py::TestCollectStreamResponse::test_collects_reasoning_content PASSED [ 89%]
tests/unit/test_streaming_openai.py::TestCollectStreamResponse::test_collects_tool_calls PASSED [ 89%]
tests/unit/test_streaming_openai.py::TestCollectStreamResponse::test_tool_calls_have_no_index PASSED [ 89%]
tests/unit/test_streaming_openai.py::TestCollectStreamResponse::test_includes_usage PASSED [ 89%]
tests/unit/test_streaming_openai.py::TestCollectStreamResponse::test_sets_finish_reason_tool_calls PASSED [ 89%]
tests/unit/test_streaming_openai.py::TestCollectStreamResponse::test_sets_finish_reason_stop PASSED [ 89%]
tests/unit/test_streaming_openai.py::TestCollectStreamResponse::test_generates_completion_id PASSED [ 90%]
tests/unit/test_streaming_openai.py::TestCollectStreamResponse::test_includes_model_name PASSED [ 90%]
tests/unit/test_streaming_openai.py::TestCollectStreamResponse::test_object_is_chat_completion PASSED [ 90%]
tests/unit/test_streaming_openai.py::TestStreamingOpenaiErrorHandling::test_propagates_first_token_timeout_error PASSED [ 90%]
tests/unit/test_streaming_openai.py::TestStreamingOpenaiErrorHandling::test_handles_generator_exit_gracefully PASSED [ 90%]
tests/unit/test_streaming_openai.py::TestStreamingOpenaiErrorHandling::test_propagates_other_exceptions PASSED [ 90%]
tests/unit/test_streaming_openai.py::TestStreamingOpenaiErrorHandling::test_aclose_error_does_not_mask_original PASSED [ 90%]
tests/unit/test_streaming_openai.py::TestStreamingOpenaiBracketToolCalls::test_detects_bracket_tool_calls PASSED [ 90%]
tests/unit/test_streaming_openai.py::TestStreamingOpenaiBracketToolCalls::test_deduplicates_tool_calls PASSED [ 90%]
tests/unit/test_streaming_openai.py::TestStreamingOpenaiMeteringData::test_includes_credits_used_in_usage PASSED [ 90%]
tests/unit/test_thinking_parser.py::TestParserStateEnum::test_pre_content_value PASSED [ 90%]
tests/unit/test_thinking_parser.py::TestParserStateEnum::test_in_thinking_value PASSED [ 90%]
tests/unit/test_thinking_parser.py::TestParserStateEnum::test_streaming_value PASSED [ 90%]
tests/unit/test_thinking_parser.py::TestThinkingParseResult::test_default_values PASSED [ 90%]
tests/unit/test_thinking_parser.py::TestThinkingParseResult::test_custom_values PASSED [ 90%]
tests/unit/test_thinking_parser.py::TestThinkingParserInitialization::test_default_initialization PASSED [ 91%]
tests/unit/test_thinking_parser.py::TestThinkingParserInitialization::test_custom_handling_mode PASSED [ 91%]
tests/unit/test_thinking_parser.py::TestThinkingParserInitialization::test_custom_open_tags PASSED [ 91%]
tests/unit/test_thinking_parser.py::TestThinkingParserInitialization::test_custom_initial_buffer_size PASSED [ 91%]
tests/unit/test_thinking_parser.py::TestThinkingParserInitialization::test_max_tag_length_calculated PASSED [ 91%]
tests/unit/test_thinking_parser.py::TestThinkingParserFeedPreContent::test_empty_content_returns_empty_result PASSED [ 91%]
tests/unit/test_thinking_parser.py::TestThinkingParserFeedPreContent::test_detects_thinking_tag PASSED [ 91%]
tests/unit/test_thinking_parser.py::TestThinkingParserFeedPreContent::test_detects_think_tag PASSED [ 91%]
tests/unit/test_thinking_parser.py::TestThinkingParserFeedPreContent::test_detects_reasoning_tag PASSED [ 91%]
tests/unit/test_thinking_parser.py::TestThinkingParserFeedPreContent::test_detects_thought_tag PASSED [ 91%]
tests/unit/test_thinking_parser.py::TestThinkingParserFeedPreContent::test_strips_leading_whitespace_for_tag_detection PASSED [ 91%]
tests/unit/test_thinking_parser.py::TestThinkingParserFeedPreContent::test_buffers_partial_tag PASSED [ 91%]
tests/unit/test_thinking_parser.py::TestThinkingParserFeedPreContent::test_completes_partial_tag PASSED [ 91%]
tests/unit/test_thinking_parser.py::TestThinkingParserFeedPreContent::test_no_tag_transitions_to_streaming PASSED [ 91%]
tests/unit/test_thinking_parser.py::TestThinkingParserFeedPreContent::test_buffer_exceeds_limit_transitions_to_streaming PASSED [ 92%]
tests/unit/test_thinking_parser.py::TestThinkingParserFeedInThinking::test_accumulates_thinking_content PASSED [ 92%]
tests/unit/test_thinking_parser.py::TestThinkingParserFeedInThinking::test_detects_closing_tag PASSED [ 92%]
tests/unit/test_thinking_parser.py::TestThinkingParserFeedInThinking::test_regular_content_after_closing_tag PASSED [ 92%]
tests/unit/test_thinking_parser.py::TestThinkingParserFeedInThinking::test_strips_whitespace_after_closing_tag PASSED [ 92%]
tests/unit/test_thinking_parser.py::TestThinkingParserFeedInThinking::test_cautious_buffering PASSED [ 92%]
tests/unit/test_thinking_parser.py::TestThinkingParserFeedInThinking::test_split_closing_tag PASSED [ 92%]
tests/unit/test_thinking_parser.py::TestThinkingParserFeedStreaming::test_passes_content_through PASSED [ 92%]
tests/unit/test_thinking_parser.py::TestThinkingParserFeedStreaming::test_ignores_thinking_tags_in_streaming PASSED [ 92%]
tests/unit/test_thinking_parser.py::TestThinkingParserFinalize::test_flushes_thinking_buffer PASSED [ 92%]
tests/unit/test_thinking_parser.py::TestThinkingParserFinalize::test_flushes_initial_buffer PASSED [ 92%]
tests/unit/test_thinking_parser.py::TestThinkingParserFinalize::test_clears_buffers_after_finalize PASSED [ 92%]
tests/unit/test_thinking_parser.py::TestThinkingParserReset::test_resets_to_initial_state PASSED [ 92%]
tests/unit/test_thinking_parser.py::TestThinkingParserFoundThinkingBlock::test_false_initially PASSED [ 92%]
tests/unit/test_thinking_parser.py::TestThinkingParserFoundThinkingBlock::test_true_after_tag_detection PASSED [ 92%]
tests/unit/test_thinking_parser.py::TestThinkingParserFoundThinkingBlock::test_false_when_no_tag PASSED [ 93%]
tests/unit/test_thinking_parser.py::TestThinkingParserProcessForOutput::test_as_reasoning_content_mode PASSED [ 93%]
tests/unit/test_thinking_parser.py::TestThinkingParserProcessForOutput::test_remove_mode PASSED [ 93%]
tests/unit/test_thinking_parser.py::TestThinkingParserProcessForOutput::test_pass_mode_first_chunk PASSED [ 93%]
tests/unit/test_thinking_parser.py::TestThinkingParserProcessForOutput::test_pass_mode_last_chunk PASSED [ 93%]
tests/unit/test_thinking_parser.py::TestThinkingParserProcessForOutput::test_pass_mode_first_and_last_chunk PASSED [ 93%]
tests/unit/test_thinking_parser.py::TestThinkingParserProcessForOutput::test_pass_mode_middle_chunk PASSED [ 93%]
tests/unit/test_thinking_parser.py::TestThinkingParserProcessForOutput::test_strip_tags_mode PASSED [ 93%]
tests/unit/test_thinking_parser.py::TestThinkingParserProcessForOutput::test_none_content_returns_none PASSED [ 93%]
tests/unit/test_thinking_parser.py::TestThinkingParserProcessForOutput::test_empty_content_returns_none PASSED [ 93%]
tests/unit/test_thinking_parser.py::TestThinkingParserFullFlow::test_complete_thinking_block PASSED [ 93%]
tests/unit/test_thinking_parser.py::TestThinkingParserFullFlow::test_multi_chunk_thinking_block PASSED [ 93%]
tests/unit/test_thinking_parser.py::TestThinkingParserFullFlow::test_no_thinking_block PASSED [ 93%]
tests/unit/test_thinking_parser.py::TestThinkingParserFullFlow::test_thinking_block_with_newlines PASSED [ 93%]
tests/unit/test_thinking_parser.py::TestThinkingParserFullFlow::test_empty_thinking_block PASSED [ 93%]
tests/unit/test_thinking_parser.py::TestThinkingParserFullFlow::test_thinking_block_only_whitespace_after PASSED [ 94%]
tests/unit/test_thinking_parser.py::TestThinkingParserEdgeCases::test_nested_tags_not_supported PASSED [ 94%]
tests/unit/test_thinking_parser.py::TestThinkingParserEdgeCases::test_tag_in_middle_of_content PASSED [ 94%]
tests/unit/test_thinking_parser.py::TestThinkingParserEdgeCases::test_malformed_closing_tag PASSED [ 94%]
tests/unit/test_thinking_parser.py::TestThinkingParserEdgeCases::test_unicode_content PASSED [ 94%]
tests/unit/test_thinking_parser.py::TestThinkingParserEdgeCases::test_very_long_thinking_content PASSED [ 94%]
tests/unit/test_thinking_parser.py::TestThinkingParserEdgeCases::test_special_characters_in_content PASSED [ 94%]
tests/unit/test_thinking_parser.py::TestThinkingParserEdgeCases::test_multiple_feeds_after_streaming PASSED [ 94%]
tests/unit/test_thinking_parser.py::TestThinkingParserConfigIntegration::test_uses_config_handling_mode PASSED [ 94%]
tests/unit/test_thinking_parser.py::TestThinkingParserConfigIntegration::test_uses_config_open_tags PASSED [ 94%]
tests/unit/test_thinking_parser.py::TestThinkingParserConfigIntegration::test_default_initial_buffer_size_from_config PASSED [ 94%]
tests/unit/test_thinking_parser.py::TestInjectThinkingTags::test_injects_tags_when_enabled PASSED [ 94%]
tests/unit/test_thinking_parser.py::TestInjectThinkingTags::test_no_injection_when_disabled PASSED [ 94%]
tests/unit/test_thinking_parser.py::TestInjectThinkingTags::test_injection_preserves_content PASSED [ 94%]
tests/unit/test_tokenizer.py::TestCountTokens::test_empty_string_returns_zero PASSED [ 95%]
tests/unit/test_tokenizer.py::TestCountTokens::test_none_returns_zero PASSED [ 95%]
tests/unit/test_tokenizer.py::TestCountTokens::test_simple_text_returns_positive PASSED [ 95%]
tests/unit/test_tokenizer.py::TestCountTokens::test_longer_text_returns_more_tokens PASSED [ 95%]
tests/unit/test_tokenizer.py::TestCountTokens::test_claude_correction_applied_by_default PASSED [ 95%]
tests/unit/test_tokenizer.py::TestCountTokens::test_without_claude_correction PASSED [ 95%]
tests/unit/test_tokenizer.py::TestCountTokens::test_unicode_text PASSED  [ 95%]
tests/unit/test_tokenizer.py::TestCountTokens::test_multiline_text PASSED [ 95%]
tests/unit/test_tokenizer.py::TestCountTokens::test_json_text PASSED     [ 95%]
tests/unit/test_tokenizer.py::TestCountTokensFallback::test_fallback_when_tiktoken_unavailable PASSED [ 95%]
tests/unit/test_tokenizer.py::TestCountTokensFallback::test_fallback_without_correction PASSED [ 95%]
tests/unit/test_tokenizer.py::TestCountMessageTokens::test_empty_list_returns_zero PASSED [ 95%]
tests/unit/test_tokenizer.py::TestCountMessageTokens::test_none_returns_zero PASSED [ 95%]
tests/unit/test_tokenizer.py::TestCountMessageTokens::test_single_user_message PASSED [ 95%]
tests/unit/test_tokenizer.py::TestCountMessageTokens::test_multiple_messages PASSED [ 95%]
tests/unit/test_tokenizer.py::TestCountMessageTokens::test_message_with_tool_calls PASSED [ 96%]
tests/unit/test_tokenizer.py::TestCountMessageTokens::test_message_with_tool_call_id PASSED [ 96%]
tests/unit/test_tokenizer.py::TestCountMessageTokens::test_message_with_list_content PASSED [ 96%]
tests/unit/test_tokenizer.py::TestCountMessageTokens::test_without_claude_correction PASSED [ 96%]
tests/unit/test_tokenizer.py::TestCountMessageTokens::test_message_with_empty_content PASSED [ 96%]
tests/unit/test_tokenizer.py::TestCountMessageTokens::test_message_with_none_content PASSED [ 96%]
tests/unit/test_tokenizer.py::TestCountToolsTokens::test_none_returns_zero PASSED [ 96%]
tests/unit/test_tokenizer.py::TestCountToolsTokens::test_empty_list_returns_zero PASSED [ 96%]
tests/unit/test_tokenizer.py::TestCountToolsTokens::test_single_tool PASSED [ 96%]
tests/unit/test_tokenizer.py::TestCountToolsTokens::test_multiple_tools PASSED [ 96%]
tests/unit/test_tokenizer.py::TestCountToolsTokens::test_tool_with_complex_parameters PASSED [ 96%]
tests/unit/test_tokenizer.py::TestCountToolsTokens::test_tool_without_parameters PASSED [ 96%]
tests/unit/test_tokenizer.py::TestCountToolsTokens::test_tool_with_empty_description PASSED [ 96%]
tests/unit/test_tokenizer.py::TestCountToolsTokens::test_non_function_tool_type PASSED [ 96%]
tests/unit/test_tokenizer.py::TestCountToolsTokens::test_without_claude_correction PASSED [ 96%]
tests/unit/test_tokenizer.py::TestEstimateRequestTokens::test_messages_only PASSED [ 97%]
tests/unit/test_tokenizer.py::TestEstimateRequestTokens::test_messages_with_tools PASSED [ 97%]
tests/unit/test_tokenizer.py::TestEstimateRequestTokens::test_messages_with_system_prompt PASSED [ 97%]
tests/unit/test_tokenizer.py::TestEstimateRequestTokens::test_full_request PASSED [ 97%]
tests/unit/test_tokenizer.py::TestEstimateRequestTokens::test_empty_messages PASSED [ 97%]
tests/unit/test_tokenizer.py::TestClaudeCorrectionFactor::test_correction_factor_value PASSED [ 97%]
tests/unit/test_tokenizer.py::TestClaudeCorrectionFactor::test_correction_increases_token_count PASSED [ 97%]
tests/unit/test_tokenizer.py::TestGetEncoding::test_returns_encoding_when_tiktoken_available PASSED [ 97%]
tests/unit/test_tokenizer.py::TestGetEncoding::test_caches_encoding PASSED [ 97%]
tests/unit/test_tokenizer.py::TestGetEncoding::test_handles_import_error PASSED [ 97%]
tests/unit/test_tokenizer.py::TestTokenizerIntegration::test_realistic_chat_request PASSED [ 97%]
tests/unit/test_tokenizer.py::TestTokenizerIntegration::test_large_context PASSED [ 97%]
tests/unit/test_tokenizer.py::TestTokenizerIntegration::test_consistency_across_calls PASSED [ 97%]
tests/unit/test_truncation_recovery.py::TestRecoveryEnabledCheck::test_should_inject_recovery_when_enabled PASSED [ 97%]
tests/unit/test_truncation_recovery.py::TestRecoveryEnabledCheck::test_should_inject_recovery_when_disabled PASSED [ 98%]
tests/unit/test_truncation_recovery.py::TestToolTruncationMessage::test_generate_truncation_tool_result_format PASSED [ 98%]
tests/unit/test_truncation_recovery.py::TestToolTruncationMessage::test_generate_truncation_tool_result_different_tools PASSED [ 98%]
tests/unit/test_truncation_recovery.py::TestToolTruncationMessage::test_generate_truncation_tool_result_no_specific_instructions PASSED [ 98%]
tests/unit/test_truncation_recovery.py::TestContentTruncationMessage::test_generate_truncation_user_message_format PASSED [ 98%]
tests/unit/test_truncation_recovery.py::TestContentTruncationMessage::test_generate_truncation_user_message_no_micro_steps PASSED [ 98%]
tests/unit/test_truncation_recovery.py::TestContentTruncationMessage::test_generate_truncation_user_message_consistency PASSED [ 98%]
tests/unit/test_truncation_recovery.py::TestMessageIntegration::test_tool_result_can_be_prepended_to_original PASSED [ 98%]
tests/unit/test_truncation_recovery.py::TestMessageIntegration::test_user_message_can_be_inserted_after_assistant PASSED [ 98%]
tests/unit/test_truncation_state.py::TestToolTruncation::test_save_and_retrieve_tool_truncation PASSED [ 98%]
tests/unit/test_truncation_state.py::TestToolTruncation::test_retrieve_nonexistent_tool_truncation PASSED [ 98%]
tests/unit/test_truncation_state.py::TestToolTruncation::test_multiple_tool_truncations PASSED [ 98%]
tests/unit/test_truncation_state.py::TestContentTruncation::test_save_and_retrieve_content_truncation PASSED [ 98%]
tests/unit/test_truncation_state.py::TestContentTruncation::test_content_hash_stability PASSED [ 98%]
tests/unit/test_truncation_state.py::TestContentTruncation::test_content_hash_uses_first_500_chars PASSED [ 98%]
tests/unit/test_truncation_state.py::TestThreadSafety::test_concurrent_tool_truncation_saves PASSED [ 99%]
tests/unit/test_truncation_state.py::TestThreadSafety::test_concurrent_content_truncation_saves PASSED [ 99%]
tests/unit/test_truncation_state.py::TestCacheStats::test_cache_stats_empty PASSED [ 99%]
tests/unit/test_truncation_state.py::TestCacheStats::test_cache_stats_with_entries PASSED [ 99%]
tests/unit/test_vpn_proxy.py::test_vpn_proxy_environment_setup[proxy_with_http_scheme-None-http://192.168.1.103:2080-http://192.168.1.103:2080-http://192.168.1.103:2080-127.0.0.1,localhost] PASSED [ 99%]
tests/unit/test_vpn_proxy.py::test_vpn_proxy_environment_setup[proxy_with_socks5_scheme-None-socks5://192.168.1.103:1080-socks5://192.168.1.103:1080-socks5://192.168.1.103:1080-127.0.0.1,localhost] PASSED [ 99%]
tests/unit/test_vpn_proxy.py::test_vpn_proxy_environment_setup[proxy_without_scheme-None-192.168.1.103:2080-http://192.168.1.103:2080-http://192.168.1.103:2080-127.0.0.1,localhost] PASSED [ 99%]
tests/unit/test_vpn_proxy.py::test_vpn_proxy_environment_setup[proxy_with_auth-None-http://user:pass@192.168.1.103:2080-http://user:pass@192.168.1.103:2080-http://user:pass@192.168.1.103:2080-127.0.0.1,localhost] PASSED [ 99%]
tests/unit/test_vpn_proxy.py::test_vpn_proxy_environment_setup[proxy_preserves_existing_no_proxy-internal.corp,*.example.com-http://192.168.1.103:2080-http://192.168.1.103:2080-http://192.168.1.103:2080-internal.corp,*.example.com,127.0.0.1,localhost] PASSED [ 99%]
tests/unit/test_vpn_proxy.py::test_vpn_proxy_environment_setup[proxy_empty_url-None--None-None-None] PASSED [ 99%]
tests/unit/test_vpn_proxy.py::test_proxy_scheme_normalization PASSED     [ 99%]
tests/unit/test_vpn_proxy.py::test_no_proxy_list_merging PASSED          [ 99%]
tests/unit/test_vpn_proxy.py::test_proxy_does_not_affect_local_connections PASSED [ 99%]
tests/unit/test_vpn_proxy.py::test_proxy_with_special_characters PASSED  [ 99%]
tests/unit/test_vpn_proxy.py::test_empty_vpn_proxy_url_does_not_set_variables PASSED [100%]

================================== FAILURES ===================================
________________ TestRootEndpoint.test_root_returns_status_ok _________________
tests\unit\test_routes_openai.py:161: in test_root_returns_status_ok
    print(f"Result: {response.json()}")
                     ^^^^^^^^^^^^^^^
..\AppData\Roaming\Python\Python314\site-packages\httpx\_models.py:832: in json
    return jsonlib.loads(self.content, **kwargs)
           ^^^^^^^^^^^^^^^^^^^^^^^^^^^^^^^^^^^^^
C:\Program Files\Python314\Lib\json\__init__.py:352: in loads
    return _default_decoder.decode(s)
           ^^^^^^^^^^^^^^^^^^^^^^^^^^
C:\Program Files\Python314\Lib\json\decoder.py:345: in decode
    obj, end = self.raw_decode(s, idx=_w(s, 0).end())
               ^^^^^^^^^^^^^^^^^^^^^^^^^^^^^^^^^^^^^^
C:\Program Files\Python314\Lib\json\decoder.py:363: in raw_decode
    raise JSONDecodeError("Expecting value", s, err.value) from None
E   json.decoder.JSONDecodeError: Expecting value: line 1 column 1 (char 0)
---------------------------- Captured stdout setup ----------------------------
Importing application for test...
Creating TestClient with lifespan support...
---------------------------- Captured stderr setup ----------------------------
[32m2026-03-31 22:00:40[0m | [1mINFO    [0m | [36mmain[0m:[36mlifespan[0m:[36m332[0m - [1mStarting application... Creating state managers.[0m
[32m2026-03-31 22:00:40[0m | [1mINFO    [0m | [36mmain[0m:[36mlifespan[0m:[36m354[0m - [1mShared HTTP client created with connection pooling[0m
[32m2026-03-31 22:00:40[0m | [1mINFO    [0m | [36mmain[0m:[36mlifespan[0m:[36m358[0m - [1mMulti-account mode enabled[0m
[32m2026-03-31 22:00:40[0m | [1mINFO    [0m | [36mkiro.oauth_manager[0m:[36mstart[0m:[36m68[0m - [1mOAuth manager started[0m
[32m2026-03-31 22:00:40[0m | [1mINFO    [0m | [36mmain[0m:[36mlifespan[0m:[36m365[0m - [1mOAuth manager initialized[0m
[32m2026-03-31 22:00:40[0m | [1mINFO    [0m | [36mkiro.account_storage[0m:[36mload[0m:[36m248[0m - [1m[AccountStorage] Loaded 0 accounts from C:\Users\tlibi\.config\kiro-gateway\accounts.json[0m
[32m2026-03-31 22:00:40[0m | [1mINFO    [0m | [36mkiro.account_manager[0m:[36minitialize[0m:[36m138[0m - [1m[AccountManager] Initialized with 0 accounts using hybrid strategy[0m
[32m2026-03-31 22:00:40[0m | [1mINFO    [0m | [36mmain[0m:[36mlifespan[0m:[36m375[0m - [1mAccountManager initialized: 0/0 accounts available (strategy: hybrid)[0m
[32m2026-03-31 22:00:40[0m | [1mINFO    [0m | [36mkiro.auth[0m:[36m__init__[0m:[36m170[0m - [1mAuth manager initialized: region=us-east-1, api_host=https://q.us-east-1.amazonaws.com, q_host=https://q.us-east-1.amazonaws.com[0m
[32m2026-03-31 22:00:40[0m | [1mINFO    [0m | [36mkiro.auth[0m:[36m_load_credentials_from_file[0m:[36m375[0m - [1mCredentials loaded from C:\Users\tlibi\.aws\sso\cache\kiro-auth-token.json[0m
[32m2026-03-31 22:00:40[0m | [1mINFO    [0m | [36mkiro.auth[0m:[36m_detect_auth_type[0m:[36m197[0m - [1mDetected auth type: Kiro Desktop[0m
[32m2026-03-31 22:00:40[0m | [1mINFO    [0m | [36mmain[0m:[36mlifespan[0m:[36m404[0m - [1mLoading models from Kiro API...[0m
[32m2026-03-31 22:00:40[0m | [1mINFO    [0m | [36mkiro.auth[0m:[36m_refresh_token_kiro_desktop[0m:[36m590[0m - [1mRefreshing Kiro token via Kiro Desktop Auth...[0m
[32m2026-03-31 22:00:40[0m | [31m[1mERROR   [0m | [36mmain[0m:[36mlifespan[0m:[36m435[0m - [31m[1mFailed to fetch models from Kiro API: cannot access local variable 'data' where it is not associated with a value[0m
[32m2026-03-31 22:00:40[0m | [31m[1mERROR   [0m | [36mmain[0m:[36mlifespan[0m:[36m436[0m - [31m[1mUsing pre-configured fallback models. Not all models may be available on your plan, or the list may be outdated.[0m
[32m2026-03-31 22:00:40[0m | [1mINFO    [0m | [36mkiro.cache[0m:[36mupdate[0m:[36m76[0m - [1mUpdating model cache. Found 5 models.[0m
[32m2026-03-31 22:00:40[0m | [1mINFO    [0m | [36mmain[0m:[36mlifespan[0m:[36m452[0m - [1mModel cache ready: 6 models total[0m
[32m2026-03-31 22:00:40[0m | [1mINFO    [0m | [36mmain[0m:[36mlifespan[0m:[36m461[0m - [1mModel resolver initialized[0m
[32m2026-03-31 22:00:40[0m | [1mINFO    [0m | [36mmain[0m:[36mlifespan[0m:[36m471[0m - [1mInitializing dashboard...[0m
[32m2026-03-31 22:00:40[0m | [1mINFO    [0m | [36mkiro.metrics_storage[0m:[36m__init__[0m:[36m53[0m - [1mMetricsStorage initialized at metrics.db[0m
[32m2026-03-31 22:00:40[0m | [1mINFO    [0m | [36mmain[0m:[36mlifespan[0m:[36m480[0m - [1mDashboard enabled - metrics stored in metrics.db[0m
---------------------------- Captured stdout call -----------------------------
Action: GET /...
-------------------------- Captured stdout teardown ---------------------------
Closing TestClient...
-------------------------- Captured stderr teardown ---------------------------
[32m2026-03-31 22:00:40[0m | [1mINFO    [0m | [36mmain[0m:[36mlifespan[0m:[36m485[0m - [1mShutting down application...[0m
[32m2026-03-31 22:00:40[0m | [1mINFO    [0m | [36mkiro.oauth_manager[0m:[36mstop[0m:[36m78[0m - [1mOAuth manager stopped[0m
[32m2026-03-31 22:00:40[0m | [1mINFO    [0m | [36mmain[0m:[36mlifespan[0m:[36m491[0m - [1mOAuth manager stopped[0m
[32m2026-03-31 22:00:40[0m | [1mINFO    [0m | [36mmain[0m:[36mlifespan[0m:[36m500[0m - [1mDashboard metrics cleaned up[0m
[32m2026-03-31 22:00:40[0m | [1mINFO    [0m | [36mmain[0m:[36mlifespan[0m:[36m506[0m - [1mShared HTTP client closed[0m
_____________ TestRootEndpoint.test_root_returns_gateway_message ______________
tests\unit\test_routes_openai.py:173: in test_root_returns_gateway_message
    print(f"Result: {response.json()}")
                     ^^^^^^^^^^^^^^^
..\AppData\Roaming\Python\Python314\site-packages\httpx\_models.py:832: in json
    return jsonlib.loads(self.content, **kwargs)
           ^^^^^^^^^^^^^^^^^^^^^^^^^^^^^^^^^^^^^
C:\Program Files\Python314\Lib\json\__init__.py:352: in loads
    return _default_decoder.decode(s)
           ^^^^^^^^^^^^^^^^^^^^^^^^^^
C:\Program Files\Python314\Lib\json\decoder.py:345: in decode
    obj, end = self.raw_decode(s, idx=_w(s, 0).end())
               ^^^^^^^^^^^^^^^^^^^^^^^^^^^^^^^^^^^^^^
C:\Program Files\Python314\Lib\json\decoder.py:363: in raw_decode
    raise JSONDecodeError("Expecting value", s, err.value) from None
E   json.decoder.JSONDecodeError: Expecting value: line 1 column 1 (char 0)
---------------------------- Captured stdout setup ----------------------------
Importing application for test...
Creating TestClient with lifespan support...
---------------------------- Captured stderr setup ----------------------------
[32m2026-03-31 22:00:40[0m | [1mINFO    [0m | [36mmain[0m:[36mlifespan[0m:[36m332[0m - [1mStarting application... Creating state managers.[0m
[32m2026-03-31 22:00:40[0m | [1mINFO    [0m | [36mmain[0m:[36mlifespan[0m:[36m354[0m - [1mShared HTTP client created with connection pooling[0m
[32m2026-03-31 22:00:40[0m | [1mINFO    [0m | [36mmain[0m:[36mlifespan[0m:[36m358[0m - [1mMulti-account mode enabled[0m
[32m2026-03-31 22:00:40[0m | [1mINFO    [0m | [36mkiro.oauth_manager[0m:[36mstart[0m:[36m68[0m - [1mOAuth manager started[0m
[32m2026-03-31 22:00:40[0m | [1mINFO    [0m | [36mmain[0m:[36mlifespan[0m:[36m365[0m - [1mOAuth manager initialized[0m
[32m2026-03-31 22:00:40[0m | [1mINFO    [0m | [36mkiro.account_storage[0m:[36mload[0m:[36m248[0m - [1m[AccountStorage] Loaded 0 accounts from C:\Users\tlibi\.config\kiro-gateway\accounts.json[0m
[32m2026-03-31 22:00:40[0m | [1mINFO    [0m | [36mkiro.account_manager[0m:[36minitialize[0m:[36m138[0m - [1m[AccountManager] Initialized with 0 accounts using hybrid strategy[0m
[32m2026-03-31 22:00:40[0m | [1mINFO    [0m | [36mmain[0m:[36mlifespan[0m:[36m375[0m - [1mAccountManager initialized: 0/0 accounts available (strategy: hybrid)[0m
[32m2026-03-31 22:00:40[0m | [1mINFO    [0m | [36mkiro.auth[0m:[36m__init__[0m:[36m170[0m - [1mAuth manager initialized: region=us-east-1, api_host=https://q.us-east-1.amazonaws.com, q_host=https://q.us-east-1.amazonaws.com[0m
[32m2026-03-31 22:00:40[0m | [1mINFO    [0m | [36mkiro.auth[0m:[36m_load_credentials_from_file[0m:[36m375[0m - [1mCredentials loaded from C:\Users\tlibi\.aws\sso\cache\kiro-auth-token.json[0m
[32m2026-03-31 22:00:40[0m | [1mINFO    [0m | [36mkiro.auth[0m:[36m_detect_auth_type[0m:[36m197[0m - [1mDetected auth type: Kiro Desktop[0m
[32m2026-03-31 22:00:40[0m | [1mINFO    [0m | [36mmain[0m:[36mlifespan[0m:[36m404[0m - [1mLoading models from Kiro API...[0m
[32m2026-03-31 22:00:40[0m | [1mINFO    [0m | [36mkiro.auth[0m:[36m_refresh_token_kiro_desktop[0m:[36m590[0m - [1mRefreshing Kiro token via Kiro Desktop Auth...[0m
[32m2026-03-31 22:00:40[0m | [31m[1mERROR   [0m | [36mmain[0m:[36mlifespan[0m:[36m435[0m - [31m[1mFailed to fetch models from Kiro API: cannot access local variable 'data' where it is not associated with a value[0m
[32m2026-03-31 22:00:40[0m | [31m[1mERROR   [0m | [36mmain[0m:[36mlifespan[0m:[36m436[0m - [31m[1mUsing pre-configured fallback models. Not all models may be available on your plan, or the list may be outdated.[0m
[32m2026-03-31 22:00:40[0m | [1mINFO    [0m | [36mkiro.cache[0m:[36mupdate[0m:[36m76[0m - [1mUpdating model cache. Found 5 models.[0m
[32m2026-03-31 22:00:40[0m | [1mINFO    [0m | [36mmain[0m:[36mlifespan[0m:[36m452[0m - [1mModel cache ready: 6 models total[0m
[32m2026-03-31 22:00:40[0m | [1mINFO    [0m | [36mmain[0m:[36mlifespan[0m:[36m461[0m - [1mModel resolver initialized[0m
[32m2026-03-31 22:00:40[0m | [1mINFO    [0m | [36mmain[0m:[36mlifespan[0m:[36m471[0m - [1mInitializing dashboard...[0m
[32m2026-03-31 22:00:40[0m | [1mINFO    [0m | [36mkiro.metrics_storage[0m:[36m__init__[0m:[36m53[0m - [1mMetricsStorage initialized at metrics.db[0m
[32m2026-03-31 22:00:40[0m | [1mINFO    [0m | [36mmain[0m:[36mlifespan[0m:[36m480[0m - [1mDashboard enabled - metrics stored in metrics.db[0m
---------------------------- Captured stdout call -----------------------------
Action: GET /...
-------------------------- Captured stdout teardown ---------------------------
Closing TestClient...
-------------------------- Captured stderr teardown ---------------------------
[32m2026-03-31 22:00:40[0m | [1mINFO    [0m | [36mmain[0m:[36mlifespan[0m:[36m485[0m - [1mShutting down application...[0m
[32m2026-03-31 22:00:40[0m | [1mINFO    [0m | [36mkiro.oauth_manager[0m:[36mstop[0m:[36m78[0m - [1mOAuth manager stopped[0m
[32m2026-03-31 22:00:40[0m | [1mINFO    [0m | [36mmain[0m:[36mlifespan[0m:[36m491[0m - [1mOAuth manager stopped[0m
[32m2026-03-31 22:00:40[0m | [1mINFO    [0m | [36mmain[0m:[36mlifespan[0m:[36m500[0m - [1mDashboard metrics cleaned up[0m
[32m2026-03-31 22:00:40[0m | [1mINFO    [0m | [36mmain[0m:[36mlifespan[0m:[36m506[0m - [1mShared HTTP client closed[0m
_________________ TestRootEndpoint.test_root_returns_version __________________
tests\unit\test_routes_openai.py:185: in test_root_returns_version
    print(f"Result: {response.json()}")
                     ^^^^^^^^^^^^^^^
..\AppData\Roaming\Python\Python314\site-packages\httpx\_models.py:832: in json
    return jsonlib.loads(self.content, **kwargs)
           ^^^^^^^^^^^^^^^^^^^^^^^^^^^^^^^^^^^^^
C:\Program Files\Python314\Lib\json\__init__.py:352: in loads
    return _default_decoder.decode(s)
           ^^^^^^^^^^^^^^^^^^^^^^^^^^
C:\Program Files\Python314\Lib\json\decoder.py:345: in decode
    obj, end = self.raw_decode(s, idx=_w(s, 0).end())
               ^^^^^^^^^^^^^^^^^^^^^^^^^^^^^^^^^^^^^^
C:\Program Files\Python314\Lib\json\decoder.py:363: in raw_decode
    raise JSONDecodeError("Expecting value", s, err.value) from None
E   json.decoder.JSONDecodeError: Expecting value: line 1 column 1 (char 0)
---------------------------- Captured stdout setup ----------------------------
Importing application for test...
Creating TestClient with lifespan support...
---------------------------- Captured stderr setup ----------------------------
[32m2026-03-31 22:00:40[0m | [1mINFO    [0m | [36mmain[0m:[36mlifespan[0m:[36m332[0m - [1mStarting application... Creating state managers.[0m
[32m2026-03-31 22:00:40[0m | [1mINFO    [0m | [36mmain[0m:[36mlifespan[0m:[36m354[0m - [1mShared HTTP client created with connection pooling[0m
[32m2026-03-31 22:00:40[0m | [1mINFO    [0m | [36mmain[0m:[36mlifespan[0m:[36m358[0m - [1mMulti-account mode enabled[0m
[32m2026-03-31 22:00:40[0m | [1mINFO    [0m | [36mkiro.oauth_manager[0m:[36mstart[0m:[36m68[0m - [1mOAuth manager started[0m
[32m2026-03-31 22:00:40[0m | [1mINFO    [0m | [36mmain[0m:[36mlifespan[0m:[36m365[0m - [1mOAuth manager initialized[0m
[32m2026-03-31 22:00:40[0m | [1mINFO    [0m | [36mkiro.account_storage[0m:[36mload[0m:[36m248[0m - [1m[AccountStorage] Loaded 0 accounts from C:\Users\tlibi\.config\kiro-gateway\accounts.json[0m
[32m2026-03-31 22:00:40[0m | [1mINFO    [0m | [36mkiro.account_manager[0m:[36minitialize[0m:[36m138[0m - [1m[AccountManager] Initialized with 0 accounts using hybrid strategy[0m
[32m2026-03-31 22:00:40[0m | [1mINFO    [0m | [36mmain[0m:[36mlifespan[0m:[36m375[0m - [1mAccountManager initialized: 0/0 accounts available (strategy: hybrid)[0m
[32m2026-03-31 22:00:40[0m | [1mINFO    [0m | [36mkiro.auth[0m:[36m__init__[0m:[36m170[0m - [1mAuth manager initialized: region=us-east-1, api_host=https://q.us-east-1.amazonaws.com, q_host=https://q.us-east-1.amazonaws.com[0m
[32m2026-03-31 22:00:40[0m | [1mINFO    [0m | [36mkiro.auth[0m:[36m_load_credentials_from_file[0m:[36m375[0m - [1mCredentials loaded from C:\Users\tlibi\.aws\sso\cache\kiro-auth-token.json[0m
[32m2026-03-31 22:00:40[0m | [1mINFO    [0m | [36mkiro.auth[0m:[36m_detect_auth_type[0m:[36m197[0m - [1mDetected auth type: Kiro Desktop[0m
[32m2026-03-31 22:00:40[0m | [1mINFO    [0m | [36mmain[0m:[36mlifespan[0m:[36m404[0m - [1mLoading models from Kiro API...[0m
[32m2026-03-31 22:00:40[0m | [1mINFO    [0m | [36mkiro.auth[0m:[36m_refresh_token_kiro_desktop[0m:[36m590[0m - [1mRefreshing Kiro token via Kiro Desktop Auth...[0m
[32m2026-03-31 22:00:40[0m | [31m[1mERROR   [0m | [36mmain[0m:[36mlifespan[0m:[36m435[0m - [31m[1mFailed to fetch models from Kiro API: cannot access local variable 'data' where it is not associated with a value[0m
[32m2026-03-31 22:00:40[0m | [31m[1mERROR   [0m | [36mmain[0m:[36mlifespan[0m:[36m436[0m - [31m[1mUsing pre-configured fallback models. Not all models may be available on your plan, or the list may be outdated.[0m
[32m2026-03-31 22:00:40[0m | [1mINFO    [0m | [36mkiro.cache[0m:[36mupdate[0m:[36m76[0m - [1mUpdating model cache. Found 5 models.[0m
[32m2026-03-31 22:00:40[0m | [1mINFO    [0m | [36mmain[0m:[36mlifespan[0m:[36m452[0m - [1mModel cache ready: 6 models total[0m
[32m2026-03-31 22:00:40[0m | [1mINFO    [0m | [36mmain[0m:[36mlifespan[0m:[36m461[0m - [1mModel resolver initialized[0m
[32m2026-03-31 22:00:40[0m | [1mINFO    [0m | [36mmain[0m:[36mlifespan[0m:[36m471[0m - [1mInitializing dashboard...[0m
[32m2026-03-31 22:00:40[0m | [1mINFO    [0m | [36mkiro.metrics_storage[0m:[36m__init__[0m:[36m53[0m - [1mMetricsStorage initialized at metrics.db[0m
[32m2026-03-31 22:00:40[0m | [1mINFO    [0m | [36mmain[0m:[36mlifespan[0m:[36m480[0m - [1mDashboard enabled - metrics stored in metrics.db[0m
---------------------------- Captured stdout call -----------------------------
Action: GET /...
-------------------------- Captured stdout teardown ---------------------------
Closing TestClient...
-------------------------- Captured stderr teardown ---------------------------
[32m2026-03-31 22:00:40[0m | [1mINFO    [0m | [36mmain[0m:[36mlifespan[0m:[36m485[0m - [1mShutting down application...[0m
[32m2026-03-31 22:00:40[0m | [1mINFO    [0m | [36mkiro.oauth_manager[0m:[36mstop[0m:[36m78[0m - [1mOAuth manager stopped[0m
[32m2026-03-31 22:00:40[0m | [1mINFO    [0m | [36mmain[0m:[36mlifespan[0m:[36m491[0m - [1mOAuth manager stopped[0m
[32m2026-03-31 22:00:40[0m | [1mINFO    [0m | [36mmain[0m:[36mlifespan[0m:[36m500[0m - [1mDashboard metrics cleaned up[0m
[32m2026-03-31 22:00:40[0m | [1mINFO    [0m | [36mmain[0m:[36mlifespan[0m:[36m506[0m - [1mShared HTTP client closed[0m
____________ TestHealthEndpoint.test_health_returns_healthy_status ____________
tests\unit\test_routes_openai.py:219: in test_health_returns_healthy_status
    assert response.json()["status"] == "healthy"
E   AssertionError: assert 'ok' == 'healthy'
E     
E     - healthy
E     + ok
---------------------------- Captured stdout setup ----------------------------
Importing application for test...
Creating TestClient with lifespan support...
---------------------------- Captured stderr setup ----------------------------
[32m2026-03-31 22:00:40[0m | [1mINFO    [0m | [36mmain[0m:[36mlifespan[0m:[36m332[0m - [1mStarting application... Creating state managers.[0m
[32m2026-03-31 22:00:40[0m | [1mINFO    [0m | [36mmain[0m:[36mlifespan[0m:[36m354[0m - [1mShared HTTP client created with connection pooling[0m
[32m2026-03-31 22:00:40[0m | [1mINFO    [0m | [36mmain[0m:[36mlifespan[0m:[36m358[0m - [1mMulti-account mode enabled[0m
[32m2026-03-31 22:00:40[0m | [1mINFO    [0m | [36mkiro.oauth_manager[0m:[36mstart[0m:[36m68[0m - [1mOAuth manager started[0m
[32m2026-03-31 22:00:40[0m | [1mINFO    [0m | [36mmain[0m:[36mlifespan[0m:[36m365[0m - [1mOAuth manager initialized[0m
[32m2026-03-31 22:00:40[0m | [1mINFO    [0m | [36mkiro.account_storage[0m:[36mload[0m:[36m248[0m - [1m[AccountStorage] Loaded 0 accounts from C:\Users\tlibi\.config\kiro-gateway\accounts.json[0m
[32m2026-03-31 22:00:40[0m | [1mINFO    [0m | [36mkiro.account_manager[0m:[36minitialize[0m:[36m138[0m - [1m[AccountManager] Initialized with 0 accounts using hybrid strategy[0m
[32m2026-03-31 22:00:40[0m | [1mINFO    [0m | [36mmain[0m:[36mlifespan[0m:[36m375[0m - [1mAccountManager initialized: 0/0 accounts available (strategy: hybrid)[0m
[32m2026-03-31 22:00:40[0m | [1mINFO    [0m | [36mkiro.auth[0m:[36m__init__[0m:[36m170[0m - [1mAuth manager initialized: region=us-east-1, api_host=https://q.us-east-1.amazonaws.com, q_host=https://q.us-east-1.amazonaws.com[0m
[32m2026-03-31 22:00:40[0m | [1mINFO    [0m | [36mkiro.auth[0m:[36m_load_credentials_from_file[0m:[36m375[0m - [1mCredentials loaded from C:\Users\tlibi\.aws\sso\cache\kiro-auth-token.json[0m
[32m2026-03-31 22:00:40[0m | [1mINFO    [0m | [36mkiro.auth[0m:[36m_detect_auth_type[0m:[36m197[0m - [1mDetected auth type: Kiro Desktop[0m
[32m2026-03-31 22:00:40[0m | [1mINFO    [0m | [36mmain[0m:[36mlifespan[0m:[36m404[0m - [1mLoading models from Kiro API...[0m
[32m2026-03-31 22:00:40[0m | [1mINFO    [0m | [36mkiro.auth[0m:[36m_refresh_token_kiro_desktop[0m:[36m590[0m - [1mRefreshing Kiro token via Kiro Desktop Auth...[0m
[32m2026-03-31 22:00:40[0m | [31m[1mERROR   [0m | [36mmain[0m:[36mlifespan[0m:[36m435[0m - [31m[1mFailed to fetch models from Kiro API: cannot access local variable 'data' where it is not associated with a value[0m
[32m2026-03-31 22:00:40[0m | [31m[1mERROR   [0m | [36mmain[0m:[36mlifespan[0m:[36m436[0m - [31m[1mUsing pre-configured fallback models. Not all models may be available on your plan, or the list may be outdated.[0m
[32m2026-03-31 22:00:40[0m | [1mINFO    [0m | [36mkiro.cache[0m:[36mupdate[0m:[36m76[0m - [1mUpdating model cache. Found 5 models.[0m
[32m2026-03-31 22:00:40[0m | [1mINFO    [0m | [36mmain[0m:[36mlifespan[0m:[36m452[0m - [1mModel cache ready: 6 models total[0m
[32m2026-03-31 22:00:40[0m | [1mINFO    [0m | [36mmain[0m:[36mlifespan[0m:[36m461[0m - [1mModel resolver initialized[0m
[32m2026-03-31 22:00:40[0m | [1mINFO    [0m | [36mmain[0m:[36mlifespan[0m:[36m471[0m - [1mInitializing dashboard...[0m
[32m2026-03-31 22:00:40[0m | [1mINFO    [0m | [36mkiro.metrics_storage[0m:[36m__init__[0m:[36m53[0m - [1mMetricsStorage initialized at metrics.db[0m
[32m2026-03-31 22:00:40[0m | [1mINFO    [0m | [36mmain[0m:[36mlifespan[0m:[36m480[0m - [1mDashboard enabled - metrics stored in metrics.db[0m
---------------------------- Captured stdout call -----------------------------
Action: GET /health...
Result: {'status': 'ok', 'message': 'Kiro Gateway is running', 'timestamp': '2026-03-31T21:00:40.426496+00:00', 'version': '2.3'}
-------------------------- Captured stdout teardown ---------------------------
Closing TestClient...
-------------------------- Captured stderr teardown ---------------------------
[32m2026-03-31 22:00:40[0m | [1mINFO    [0m | [36mmain[0m:[36mlifespan[0m:[36m485[0m - [1mShutting down application...[0m
[32m2026-03-31 22:00:40[0m | [1mINFO    [0m | [36mkiro.oauth_manager[0m:[36mstop[0m:[36m78[0m - [1mOAuth manager stopped[0m
[32m2026-03-31 22:00:40[0m | [1mINFO    [0m | [36mmain[0m:[36mlifespan[0m:[36m491[0m - [1mOAuth manager stopped[0m
[32m2026-03-31 22:00:40[0m | [1mINFO    [0m | [36mmain[0m:[36mlifespan[0m:[36m500[0m - [1mDashboard metrics cleaned up[0m
[32m2026-03-31 22:00:40[0m | [1mINFO    [0m | [36mmain[0m:[36mlifespan[0m:[36m506[0m - [1mShared HTTP client closed[0m
_____________ TestRouterIntegration.test_router_has_root_endpoint _____________
tests\unit\test_routes_openai.py:793: in test_router_has_root_endpoint
    assert "/" in routes
E   AssertionError: assert '/' in ['/health', '/v1/models', '/v1/chat/completions']
---------------------------- Captured stdout call -----------------------------
Checking: Router endpoints...
Found routes: ['/health', '/v1/models', '/v1/chat/completions']
__________ TestRouterIntegration.test_root_endpoint_uses_get_method ___________
tests\unit\test_routes_openai.py:839: in test_root_endpoint_uses_get_method
    pytest.fail("Root endpoint not found")
E   Failed: Root endpoint not found
---------------------------- Captured stdout call -----------------------------
Checking: HTTP methods...
__________ TestBaseStrategy.test_notify_failure_increments_failures ___________
tests\unit\test_strategies.py:445: in test_notify_failure_increments_failures
    assert "claude-sonnet-4-5" in account.model_rate_limits
E   AssertionError: assert 'claude-sonnet-4-5' in {}
E    +  where {} = Account(email='account1@example.com', tokens=AccountTokens(access='access_token', refresh='refresh_token', expires_at=1774994440930), enabled=True, is_invalid=False, model_rate_limits={}, last_used=None, health_score=1.0, metadata={}).model_rate_limits
============================== warnings summary ===============================
tests/unit/test_streaming_core.py::TestProcessChunk::test_yields_thinking_content
  C:\Program Files\Python314\Lib\unittest\mock.py:2252: RuntimeWarning: coroutine method 'asend' of 'TestParseKiroStream.test_raises_timeout_on_first_token.<locals>.mock_aiter_bytes' was never awaited
    def __init__(self, name, parent):
  Enable tracemalloc to get traceback where the object was allocated.
  See https://docs.pytest.org/en/stable/how-to/capture-warnings.html#resource-warnings for more info.

tests/unit/test_streaming_core.py::TestProcessChunk::test_yields_thinking_content
  C:\Program Files\Python314\Lib\unittest\mock.py:2252: RuntimeWarning: coroutine method 'asend' of 'TestParseKiroStream.test_handles_empty_response.<locals>.mock_aiter_bytes' was never awaited
    def __init__(self, name, parent):
  Enable tracemalloc to get traceback where the object was allocated.
  See https://docs.pytest.org/en/stable/how-to/capture-warnings.html#resource-warnings for more info.

tests/unit/test_streaming_core.py::TestStreamingCoreErrorHandling::test_propagates_other_exceptions
  C:\Program Files\Python314\Lib\unittest\mock.py:2252: RuntimeWarning: coroutine method 'asend' of 'TestStreamingCoreErrorHandling.test_propagates_first_token_timeout_error.<locals>.mock_aiter_bytes' was never awaited
    def __init__(self, name, parent):
  Enable tracemalloc to get traceback where the object was allocated.
  See https://docs.pytest.org/en/stable/how-to/capture-warnings.html#resource-warnings for more info.

-- Docs: https://docs.pytest.org/en/stable/how-to/capture-warnings.html
=========================== short test summary info ===========================
FAILED tests/unit/test_routes_openai.py::TestRootEndpoint::test_root_returns_status_ok
FAILED tests/unit/test_routes_openai.py::TestRootEndpoint::test_root_returns_gateway_message
FAILED tests/unit/test_routes_openai.py::TestRootEndpoint::test_root_returns_version
FAILED tests/unit/test_routes_openai.py::TestHealthEndpoint::test_health_returns_healthy_status
FAILED tests/unit/test_routes_openai.py::TestRouterIntegration::test_router_has_root_endpoint
FAILED tests/unit/test_routes_openai.py::TestRouterIntegration::test_root_endpoint_uses_get_method
FAILED tests/unit/test_strategies.py::TestBaseStrategy::test_notify_failure_increments_failures
================= 7 failed, 1456 passed, 3 warnings in 5.24s ==================
